-- The C compiler identification is GNU 11.4.0
-- The CXX compiler identification is GNU 11.4.0
-- Detecting C compiler ABI info
-- Detecting C compiler ABI info - done
-- Check for working C compiler: /usr/bin/cc - skipped
-- Detecting C compile features
-- Detecting C compile features - done
-- Detecting CXX compiler ABI info
-- Detecting CXX compiler ABI info - done
-- Check for working CXX compiler: /usr/bin/c++ - skipped
-- Detecting CXX compile features
-- Detecting CXX compile features - done
-- Found ament_cmake: 1.3.11 (/opt/ros/humble/share/ament_cmake/cmake)
-- Found Python3: /usr/bin/python3 (found version "3.10.12") found components: Interpreter 
-- Found rclpy: 3.3.15 (/opt/ros/humble/share/rclpy/cmake)
-- Found geometry_msgs: 4.2.4 (/opt/ros/humble/share/geometry_msgs/cmake)
-- Found rosidl_generator_c: 3.1.6 (/opt/ros/humble/share/rosidl_generator_c/cmake)
-- Found rosidl_adapter: 3.1.6 (/opt/ros/humble/share/rosidl_adapter/cmake)
-- Found rosidl_generator_cpp: 3.1.6 (/opt/ros/humble/share/rosidl_generator_cpp/cmake)
-- Using all available rosidl_typesupport_c: rosidl_typesupport_fastrtps_c;rosidl_typesupport_introspection_c
-- Using all available rosidl_typesupport_cpp: rosidl_typesupport_fastrtps_cpp;rosidl_typesupport_introspection_cpp
-- Found sensor_msgs: 4.2.4 (/opt/ros/humble/share/sensor_msgs/cmake)
-- Found tf2: 0.25.12 (/opt/ros/humble/share/tf2/cmake)
-- Found tf2_ros: 0.25.12 (/opt/ros/humble/share/tf2_ros/cmake)
-- Found rmw_implementation_cmake: 6.1.2 (/opt/ros/humble/share/rmw_implementation_cmake/cmake)
-- Found rmw_fastrtps_cpp: 6.2.7 (/opt/ros/humble/share/rmw_fastrtps_cpp/cmake)
-- Found OpenSSL: /usr/lib/x86_64-linux-gnu/libcrypto.so (found version "3.0.2")  
-- Found FastRTPS: /opt/ros/humble/include  
-- Using RMW implementation 'rmw_fastrtps_cpp' as default
-- Performing Test CMAKE_HAVE_LIBC_PTHREAD
-- Performing Test CMAKE_HAVE_LIBC_PTHREAD - Success
-- Found Threads: TRUE  
-- Found nav_msgs: 4.2.4 (/opt/ros/humble/share/nav_msgs/cmake)
-- Found ament_lint_auto: 0.12.11 (/opt/ros/humble/share/ament_lint_auto/cmake)
-- Added test 'flake8' to check Python code syntax and style conventions
-- Added test 'lint_cmake' to check CMake code style
-- Added test 'pep257' to check Python code against some of the docstring style conventions in PEP 257
-- Added test 'xmllint' to check XML markup files
-- Configuring done (2.7s)
-- Generating done (0.0s)
-- Build files have been written to: /home/aihemel/ros2_ws/build/robot_controller
Built target ament_cmake_python_copy_robot_controller
running egg_info
creating robot_controller.egg-info
writing robot_controller.egg-info/PKG-INFO
writing dependency_links to robot_controller.egg-info/dependency_links.txt
writing top-level names to robot_controller.egg-info/top_level.txt
writing manifest file 'robot_controller.egg-info/SOURCES.txt'
reading manifest file 'robot_controller.egg-info/SOURCES.txt'
writing manifest file 'robot_controller.egg-info/SOURCES.txt'
Built target ament_cmake_python_build_robot_controller_egg
-- Install configuration: ""
-- Installing: /home/aihemel/ros2_ws/install/robot_controller/share/robot_controller/environment/pythonpath.sh
-- Installing: /home/aihemel/ros2_ws/install/robot_controller/share/robot_controller/environment/pythonpath.dsv
-- Installing: /home/aihemel/ros2_ws/install/robot_controller/local/lib/python3.10/dist-packages/robot_controller-0.0.0-py3.10.egg-info
-- Installing: /home/aihemel/ros2_ws/install/robot_controller/local/lib/python3.10/dist-packages/robot_controller-0.0.0-py3.10.egg-info/dependency_links.txt
-- Installing: /home/aihemel/ros2_ws/install/robot_controller/local/lib/python3.10/dist-packages/robot_controller-0.0.0-py3.10.egg-info/top_level.txt
-- Installing: /home/aihemel/ros2_ws/install/robot_controller/local/lib/python3.10/dist-packages/robot_controller-0.0.0-py3.10.egg-info/SOURCES.txt
-- Installing: /home/aihemel/ros2_ws/install/robot_controller/local/lib/python3.10/dist-packages/robot_controller-0.0.0-py3.10.egg-info/PKG-INFO
-- Installing: /home/aihemel/ros2_ws/install/robot_controller/local/lib/python3.10/dist-packages/robot_controller
-- Installing: /home/aihemel/ros2_ws/install/robot_controller/local/lib/python3.10/dist-packages/robot_controller/noisy_controller.py
-- Installing: /home/aihemel/ros2_ws/install/robot_controller/local/lib/python3.10/dist-packages/robot_controller/__init__.py
-- Installing: /home/aihemel/ros2_ws/install/robot_controller/local/lib/python3.10/dist-packages/robot_controller/simple_controller.py
Listing '/home/aihemel/ros2_ws/install/robot_controller/local/lib/python3.10/dist-packages/robot_controller'...
Compiling '/home/aihemel/ros2_ws/install/robot_controller/local/lib/python3.10/dist-packages/robot_controller/__init__.py'...
Compiling '/home/aihemel/ros2_ws/install/robot_controller/local/lib/python3.10/dist-packages/robot_controller/noisy_controller.py'...
Compiling '/home/aihemel/ros2_ws/install/robot_controller/local/lib/python3.10/dist-packages/robot_controller/simple_controller.py'...
-- Installing: /home/aihemel/ros2_ws/install/robot_controller/share/robot_controller/config
-- Installing: /home/aihemel/ros2_ws/install/robot_controller/share/robot_controller/config/robot_controller.yaml
-- Installing: /home/aihemel/ros2_ws/install/robot_controller/share/robot_controller/launch
-- Installing: /home/aihemel/ros2_ws/install/robot_controller/share/robot_controller/launch/controller.launch.py
-- Installing: /home/aihemel/ros2_ws/install/robot_controller/lib/robot_controller/simple_controller.py
-- Installing: /home/aihemel/ros2_ws/install/robot_controller/lib/robot_controller/noisy_controller.py
-- Installing: /home/aihemel/ros2_ws/install/robot_controller/share/ament_index/resource_index/package_run_dependencies/robot_controller
-- Installing: /home/aihemel/ros2_ws/install/robot_controller/share/ament_index/resource_index/parent_prefix_path/robot_controller
-- Installing: /home/aihemel/ros2_ws/install/robot_controller/share/robot_controller/environment/ament_prefix_path.sh
-- Installing: /home/aihemel/ros2_ws/install/robot_controller/share/robot_controller/environment/ament_prefix_path.dsv
-- Installing: /home/aihemel/ros2_ws/install/robot_controller/share/robot_controller/environment/path.sh
-- Installing: /home/aihemel/ros2_ws/install/robot_controller/share/robot_controller/environment/path.dsv
-- Installing: /home/aihemel/ros2_ws/install/robot_controller/share/robot_controller/local_setup.bash
-- Installing: /home/aihemel/ros2_ws/install/robot_controller/share/robot_controller/local_setup.sh
-- Installing: /home/aihemel/ros2_ws/install/robot_controller/share/robot_controller/local_setup.zsh
-- Installing: /home/aihemel/ros2_ws/install/robot_controller/share/robot_controller/local_setup.dsv
-- Installing: /home/aihemel/ros2_ws/install/robot_controller/share/robot_controller/package.dsv
-- Installing: /home/aihemel/ros2_ws/install/robot_controller/share/ament_index/resource_index/packages/robot_controller
-- Installing: /home/aihemel/ros2_ws/install/robot_controller/share/robot_controller/cmake/robot_controllerConfig.cmake
-- Installing: /home/aihemel/ros2_ws/install/robot_controller/share/robot_controller/cmake/robot_controllerConfig-version.cmake
-- Installing: /home/aihemel/ros2_ws/install/robot_controller/share/robot_controller/package.xml
