[0.435s] Invoking command in '/home/aihemel/ros2_ws/build/robot_controller': CMAKE_PREFIX_PATH=${CMAKE_PREFIX_PATH}:/home/aihemel/ros2_ws/install/bumperbot_py_examples:/opt/ros/humble /usr/local/bin/cmake /home/aihemel/ros2_ws/src/robot_controller -DCMAKE_INSTALL_PREFIX=/home/aihemel/ros2_ws/install/robot_controller
[0.495s] -- The C compiler identification is GNU 11.4.0
[0.575s] -- The CXX compiler identification is GNU 11.4.0
[0.599s] -- Detecting C compiler ABI info
[0.681s] -- Detecting C compiler ABI info - done
[0.701s] -- Check for working C compiler: /usr/bin/cc - skipped
[0.701s] -- Detecting C compile features
[0.702s] -- Detecting C compile features - done
[0.712s] -- Detecting CXX compiler ABI info
[0.814s] -- Detecting CXX compiler ABI info - done
[0.833s] -- Check for working CXX compiler: /usr/bin/c++ - skipped
[0.834s] -- Detecting CXX compile features
[0.834s] -- Detecting CXX compile features - done
[0.837s] -- Found ament_cmake: 1.3.11 (/opt/ros/humble/share/ament_cmake/cmake)
[1.041s] -- Found Python3: /usr/bin/python3 (found version "3.10.12") found components: Interpreter 
[1.185s] -- Found rclpy: 3.3.15 (/opt/ros/humble/share/rclpy/cmake)
[1.189s] -- Found geometry_msgs: 4.2.4 (/opt/ros/humble/share/geometry_msgs/cmake)
[1.402s] -- Found rosidl_generator_c: 3.1.6 (/opt/ros/humble/share/rosidl_generator_c/cmake)
[1.437s] -- Found rosidl_adapter: 3.1.6 (/opt/ros/humble/share/rosidl_adapter/cmake)
[1.497s] -- Found rosidl_generator_cpp: 3.1.6 (/opt/ros/humble/share/rosidl_generator_cpp/cmake)
[1.568s] -- Using all available rosidl_typesupport_c: rosidl_typesupport_fastrtps_c;rosidl_typesupport_introspection_c
[1.647s] -- Using all available rosidl_typesupport_cpp: rosidl_typesupport_fastrtps_cpp;rosidl_typesupport_introspection_cpp
[1.859s] -- Found sensor_msgs: 4.2.4 (/opt/ros/humble/share/sensor_msgs/cmake)
[1.973s] -- Found tf2: 0.25.12 (/opt/ros/humble/share/tf2/cmake)
[2.026s] -- Found tf2_ros: 0.25.12 (/opt/ros/humble/share/tf2_ros/cmake)
[2.275s] -- Found rmw_implementation_cmake: 6.1.2 (/opt/ros/humble/share/rmw_implementation_cmake/cmake)
[2.278s] -- Found rmw_fastrtps_cpp: 6.2.7 (/opt/ros/humble/share/rmw_fastrtps_cpp/cmake)
[2.388s] -- Found OpenSSL: /usr/lib/x86_64-linux-gnu/libcrypto.so (found version "3.0.2")  
[2.443s] -- Found FastRTPS: /opt/ros/humble/include  
[2.512s] -- Using RMW implementation 'rmw_fastrtps_cpp' as default
[2.527s] -- Performing Test CMAKE_HAVE_LIBC_PTHREAD
[2.610s] -- Performing Test CMAKE_HAVE_LIBC_PTHREAD - Success
[2.613s] -- Found Threads: TRUE  
[2.855s] -- Found nav_msgs: 4.2.4 (/opt/ros/humble/share/nav_msgs/cmake)
[3.020s] -- Found ament_lint_auto: 0.12.11 (/opt/ros/humble/share/ament_lint_auto/cmake)
[3.151s] -- Added test 'flake8' to check Python code syntax and style conventions
[3.152s] -- Added test 'lint_cmake' to check CMake code style
[3.154s] -- Added test 'pep257' to check Python code against some of the docstring style conventions in PEP 257
[3.157s] -- Added test 'xmllint' to check XML markup files
[3.160s] -- Configuring done (2.7s)
[3.169s] -- Generating done (0.0s)
[3.174s] -- Build files have been written to: /home/aihemel/ros2_ws/build/robot_controller
[3.195s] Invoked command in '/home/aihemel/ros2_ws/build/robot_controller' returned '0': CMAKE_PREFIX_PATH=${CMAKE_PREFIX_PATH}:/home/aihemel/ros2_ws/install/bumperbot_py_examples:/opt/ros/humble /usr/local/bin/cmake /home/aihemel/ros2_ws/src/robot_controller -DCMAKE_INSTALL_PREFIX=/home/aihemel/ros2_ws/install/robot_controller
[3.197s] Invoking command in '/home/aihemel/ros2_ws/build/robot_controller': CMAKE_PREFIX_PATH=${CMAKE_PREFIX_PATH}:/home/aihemel/ros2_ws/install/bumperbot_py_examples:/opt/ros/humble /usr/local/bin/cmake --build /home/aihemel/ros2_ws/build/robot_controller -- -j12 -l12
[3.221s] Built target ament_cmake_python_copy_robot_controller
[3.550s] running egg_info
[3.551s] creating robot_controller.egg-info
[3.552s] writing robot_controller.egg-info/PKG-INFO
[3.552s] writing dependency_links to robot_controller.egg-info/dependency_links.txt
[3.552s] writing top-level names to robot_controller.egg-info/top_level.txt
[3.554s] writing manifest file 'robot_controller.egg-info/SOURCES.txt'
[3.557s] reading manifest file 'robot_controller.egg-info/SOURCES.txt'
[3.557s] writing manifest file 'robot_controller.egg-info/SOURCES.txt'
[3.582s] Built target ament_cmake_python_build_robot_controller_egg
[3.586s] Invoked command in '/home/aihemel/ros2_ws/build/robot_controller' returned '0': CMAKE_PREFIX_PATH=${CMAKE_PREFIX_PATH}:/home/aihemel/ros2_ws/install/bumperbot_py_examples:/opt/ros/humble /usr/local/bin/cmake --build /home/aihemel/ros2_ws/build/robot_controller -- -j12 -l12
[3.588s] Invoking command in '/home/aihemel/ros2_ws/build/robot_controller': CMAKE_PREFIX_PATH=${CMAKE_PREFIX_PATH}:/home/aihemel/ros2_ws/install/bumperbot_py_examples:/opt/ros/humble /usr/local/bin/cmake --install /home/aihemel/ros2_ws/build/robot_controller
[3.591s] -- Install configuration: ""
[3.591s] -- Installing: /home/aihemel/ros2_ws/install/robot_controller/share/robot_controller/environment/pythonpath.sh
[3.591s] -- Installing: /home/aihemel/ros2_ws/install/robot_controller/share/robot_controller/environment/pythonpath.dsv
[3.591s] -- Installing: /home/aihemel/ros2_ws/install/robot_controller/local/lib/python3.10/dist-packages/robot_controller-0.0.0-py3.10.egg-info
[3.592s] -- Installing: /home/aihemel/ros2_ws/install/robot_controller/local/lib/python3.10/dist-packages/robot_controller-0.0.0-py3.10.egg-info/dependency_links.txt
[3.592s] -- Installing: /home/aihemel/ros2_ws/install/robot_controller/local/lib/python3.10/dist-packages/robot_controller-0.0.0-py3.10.egg-info/top_level.txt
[3.592s] -- Installing: /home/aihemel/ros2_ws/install/robot_controller/local/lib/python3.10/dist-packages/robot_controller-0.0.0-py3.10.egg-info/SOURCES.txt
[3.592s] -- Installing: /home/aihemel/ros2_ws/install/robot_controller/local/lib/python3.10/dist-packages/robot_controller-0.0.0-py3.10.egg-info/PKG-INFO
[3.592s] -- Installing: /home/aihemel/ros2_ws/install/robot_controller/local/lib/python3.10/dist-packages/robot_controller
[3.592s] -- Installing: /home/aihemel/ros2_ws/install/robot_controller/local/lib/python3.10/dist-packages/robot_controller/noisy_controller.py
[3.592s] -- Installing: /home/aihemel/ros2_ws/install/robot_controller/local/lib/python3.10/dist-packages/robot_controller/__init__.py
[3.592s] -- Installing: /home/aihemel/ros2_ws/install/robot_controller/local/lib/python3.10/dist-packages/robot_controller/simple_controller.py
[3.634s] Listing '/home/aihemel/ros2_ws/install/robot_controller/local/lib/python3.10/dist-packages/robot_controller'...
[3.634s] Compiling '/home/aihemel/ros2_ws/install/robot_controller/local/lib/python3.10/dist-packages/robot_controller/__init__.py'...
[3.634s] Compiling '/home/aihemel/ros2_ws/install/robot_controller/local/lib/python3.10/dist-packages/robot_controller/noisy_controller.py'...
[3.635s] Compiling '/home/aihemel/ros2_ws/install/robot_controller/local/lib/python3.10/dist-packages/robot_controller/simple_controller.py'...
[3.639s] -- Installing: /home/aihemel/ros2_ws/install/robot_controller/share/robot_controller/config
[3.639s] -- Installing: /home/aihemel/ros2_ws/install/robot_controller/share/robot_controller/config/robot_controller.yaml
[3.640s] -- Installing: /home/aihemel/ros2_ws/install/robot_controller/share/robot_controller/launch
[3.640s] -- Installing: /home/aihemel/ros2_ws/install/robot_controller/share/robot_controller/launch/controller.launch.py
[3.640s] -- Installing: /home/aihemel/ros2_ws/install/robot_controller/lib/robot_controller/simple_controller.py
[3.640s] -- Installing: /home/aihemel/ros2_ws/install/robot_controller/lib/robot_controller/noisy_controller.py
[3.640s] -- Installing: /home/aihemel/ros2_ws/install/robot_controller/share/ament_index/resource_index/package_run_dependencies/robot_controller
[3.640s] -- Installing: /home/aihemel/ros2_ws/install/robot_controller/share/ament_index/resource_index/parent_prefix_path/robot_controller
[3.640s] -- Installing: /home/aihemel/ros2_ws/install/robot_controller/share/robot_controller/environment/ament_prefix_path.sh
[3.640s] -- Installing: /home/aihemel/ros2_ws/install/robot_controller/share/robot_controller/environment/ament_prefix_path.dsv
[3.640s] -- Installing: /home/aihemel/ros2_ws/install/robot_controller/share/robot_controller/environment/path.sh
[3.640s] -- Installing: /home/aihemel/ros2_ws/install/robot_controller/share/robot_controller/environment/path.dsv
[3.640s] -- Installing: /home/aihemel/ros2_ws/install/robot_controller/share/robot_controller/local_setup.bash
[3.640s] -- Installing: /home/aihemel/ros2_ws/install/robot_controller/share/robot_controller/local_setup.sh
[3.640s] -- Installing: /home/aihemel/ros2_ws/install/robot_controller/share/robot_controller/local_setup.zsh
[3.640s] -- Installing: /home/aihemel/ros2_ws/install/robot_controller/share/robot_controller/local_setup.dsv
[3.641s] -- Installing: /home/aihemel/ros2_ws/install/robot_controller/share/robot_controller/package.dsv
[3.641s] -- Installing: /home/aihemel/ros2_ws/install/robot_controller/share/ament_index/resource_index/packages/robot_controller
[3.641s] -- Installing: /home/aihemel/ros2_ws/install/robot_controller/share/robot_controller/cmake/robot_controllerConfig.cmake
[3.641s] -- Installing: /home/aihemel/ros2_ws/install/robot_controller/share/robot_controller/cmake/robot_controllerConfig-version.cmake
[3.641s] -- Installing: /home/aihemel/ros2_ws/install/robot_controller/share/robot_controller/package.xml
[3.643s] Invoked command in '/home/aihemel/ros2_ws/build/robot_controller' returned '0': CMAKE_PREFIX_PATH=${CMAKE_PREFIX_PATH}:/home/aihemel/ros2_ws/install/bumperbot_py_examples:/opt/ros/humble /usr/local/bin/cmake --install /home/aihemel/ros2_ws/build/robot_controller
