[0.740s] Invoking command in '/home/aihemel/ros2_ws/src/bumperbot_py_examples': PYTHONPATH=/home/aihemel/ros2_ws/build/bumperbot_py_examples/prefix_override:/usr/lib/python3/dist-packages/colcon_core/task/python/colcon_distutils_commands:/home/aihemel/ros2_ws/install/bumperbot_py_examples/lib/python3.10/site-packages:${PYTHONPATH} /usr/bin/python3 -W ignore:setup.py install is deprecated -W ignore:easy_install command is deprecated setup.py egg_info --egg-base ../../build/bumperbot_py_examples build --build-base /home/aihemel/ros2_ws/build/bumperbot_py_examples/build install --record /home/aihemel/ros2_ws/build/bumperbot_py_examples/install.log --single-version-externally-managed install_data
[0.918s] running egg_info
[0.918s] writing ../../build/bumperbot_py_examples/bumperbot_py_examples.egg-info/PKG-INFO
[0.918s] writing dependency_links to ../../build/bumperbot_py_examples/bumperbot_py_examples.egg-info/dependency_links.txt
[0.918s] writing entry points to ../../build/bumperbot_py_examples/bumperbot_py_examples.egg-info/entry_points.txt
[0.919s] writing requirements to ../../build/bumperbot_py_examples/bumperbot_py_examples.egg-info/requires.txt
[0.919s] writing top-level names to ../../build/bumperbot_py_examples/bumperbot_py_examples.egg-info/top_level.txt
[0.921s] reading manifest file '../../build/bumperbot_py_examples/bumperbot_py_examples.egg-info/SOURCES.txt'
[0.921s] writing manifest file '../../build/bumperbot_py_examples/bumperbot_py_examples.egg-info/SOURCES.txt'
[0.921s] running build
[0.922s] running build_py
[0.922s] running install
[0.922s] running install_lib
[0.923s] running install_data
[0.923s] running install_egg_info
[0.925s] removing '/home/aihemel/ros2_ws/install/bumperbot_py_examples/lib/python3.10/site-packages/bumperbot_py_examples-0.0.0-py3.10.egg-info' (and everything under it)
[0.925s] Copying ../../build/bumperbot_py_examples/bumperbot_py_examples.egg-info to /home/aihemel/ros2_ws/install/bumperbot_py_examples/lib/python3.10/site-packages/bumperbot_py_examples-0.0.0-py3.10.egg-info
[0.925s] running install_scripts
[0.941s] Installing simple_publisher script to /home/aihemel/ros2_ws/install/bumperbot_py_examples/lib/bumperbot_py_examples
[0.941s] writing list of installed files to '/home/aihemel/ros2_ws/build/bumperbot_py_examples/install.log'
[0.960s] Invoked command in '/home/aihemel/ros2_ws/src/bumperbot_py_examples' returned '0': PYTHONPATH=/home/aihemel/ros2_ws/build/bumperbot_py_examples/prefix_override:/usr/lib/python3/dist-packages/colcon_core/task/python/colcon_distutils_commands:/home/aihemel/ros2_ws/install/bumperbot_py_examples/lib/python3.10/site-packages:${PYTHONPATH} /usr/bin/python3 -W ignore:setup.py install is deprecated -W ignore:easy_install command is deprecated setup.py egg_info --egg-base ../../build/bumperbot_py_examples build --build-base /home/aihemel/ros2_ws/build/bumperbot_py_examples/build install --record /home/aihemel/ros2_ws/build/bumperbot_py_examples/install.log --single-version-externally-managed install_data
