[0.931s] Invoking command in '/home/aihemel/ros2_ws/src/bumperbot_py_examples': PYTHONPATH=/home/aihemel/ros2_ws/build/bumperbot_py_examples/prefix_override:/usr/lib/python3/dist-packages/colcon_core/task/python/colcon_distutils_commands:/home/aihemel/ros2_ws/install/bumperbot_py_examples/lib/python3.10/site-packages:${PYTHONPATH} /usr/bin/python3 -W ignore:setup.py install is deprecated -W ignore:easy_install command is deprecated setup.py egg_info --egg-base ../../build/bumperbot_py_examples build --build-base /home/aihemel/ros2_ws/build/bumperbot_py_examples/build install --record /home/aihemel/ros2_ws/build/bumperbot_py_examples/install.log --single-version-externally-managed install_data
[1.149s] running egg_info
[1.149s] writing ../../build/bumperbot_py_examples/bumperbot_py_examples.egg-info/PKG-INFO
[1.149s] writing dependency_links to ../../build/bumperbot_py_examples/bumperbot_py_examples.egg-info/dependency_links.txt
[1.150s] writing entry points to ../../build/bumperbot_py_examples/bumperbot_py_examples.egg-info/entry_points.txt
[1.150s] writing requirements to ../../build/bumperbot_py_examples/bumperbot_py_examples.egg-info/requires.txt
[1.150s] writing top-level names to ../../build/bumperbot_py_examples/bumperbot_py_examples.egg-info/top_level.txt
[1.152s] reading manifest file '../../build/bumperbot_py_examples/bumperbot_py_examples.egg-info/SOURCES.txt'
[1.153s] writing manifest file '../../build/bumperbot_py_examples/bumperbot_py_examples.egg-info/SOURCES.txt'
[1.153s] running build
[1.153s] running build_py
[1.153s] running install
[1.154s] running install_lib
[1.155s] running install_data
[1.155s] running install_egg_info
[1.156s] removing '/home/aihemel/ros2_ws/install/bumperbot_py_examples/lib/python3.10/site-packages/bumperbot_py_examples-0.0.0-py3.10.egg-info' (and everything under it)
[1.156s] Copying ../../build/bumperbot_py_examples/bumperbot_py_examples.egg-info to /home/aihemel/ros2_ws/install/bumperbot_py_examples/lib/python3.10/site-packages/bumperbot_py_examples-0.0.0-py3.10.egg-info
[1.157s] running install_scripts
[1.174s] Installing simple_publisher script to /home/aihemel/ros2_ws/install/bumperbot_py_examples/lib/bumperbot_py_examples
[1.174s] writing list of installed files to '/home/aihemel/ros2_ws/build/bumperbot_py_examples/install.log'
[1.204s] Invoked command in '/home/aihemel/ros2_ws/src/bumperbot_py_examples' returned '0': PYTHONPATH=/home/aihemel/ros2_ws/build/bumperbot_py_examples/prefix_override:/usr/lib/python3/dist-packages/colcon_core/task/python/colcon_distutils_commands:/home/aihemel/ros2_ws/install/bumperbot_py_examples/lib/python3.10/site-packages:${PYTHONPATH} /usr/bin/python3 -W ignore:setup.py install is deprecated -W ignore:easy_install command is deprecated setup.py egg_info --egg-base ../../build/bumperbot_py_examples build --build-base /home/aihemel/ros2_ws/build/bumperbot_py_examples/build install --record /home/aihemel/ros2_ws/build/bumperbot_py_examples/install.log --single-version-externally-managed install_data
