[0.025s] Invoking command in '/home/aihemel/ros2_ws/build/bumperbot_localization': CMAKE_PREFIX_PATH=${CMAKE_PREFIX_PATH}:/home/aihemel/ros2_ws/install/bumperbot_py_examples:/opt/ros/humble /usr/local/bin/cmake /home/aihemel/ros2_ws/src/bumperbot_localization -DCMAKE_INSTALL_PREFIX=/home/aihemel/ros2_ws/install/bumperbot_localization
[0.454s] -- The C compiler identification is GNU 11.4.0
[0.454s] -- The CXX compiler identification is GNU 11.4.0
[0.454s] -- Detecting C compiler ABI info
[0.454s] -- Detecting C compiler ABI info - done
[0.455s] -- Check for working C compiler: /usr/bin/cc - skipped
[0.455s] -- Detecting C compile features
[0.455s] -- Detecting C compile features - done
[0.455s] -- Detecting CXX compiler ABI info
[0.455s] -- Detecting CXX compiler ABI info - done
[0.455s] -- Check for working CXX compiler: /usr/bin/c++ - skipped
[0.455s] -- Detecting CXX compile features
[0.455s] -- Detecting CXX compile features - done
[0.455s] -- Found ament_cmake: 1.3.11 (/opt/ros/humble/share/ament_cmake/cmake)
[0.455s] -- Found Python3: /usr/bin/python3 (found version "3.10.12") found components: Interpreter 
[0.548s] -- Found rclcpp: 16.0.11 (/opt/ros/humble/share/rclcpp/cmake)
[0.642s] -- Found rosidl_generator_c: 3.1.6 (/opt/ros/humble/share/rosidl_generator_c/cmake)
[0.653s] -- Found rosidl_adapter: 3.1.6 (/opt/ros/humble/share/rosidl_adapter/cmake)
[0.674s] -- Found rosidl_generator_cpp: 3.1.6 (/opt/ros/humble/share/rosidl_generator_cpp/cmake)
[0.710s] -- Using all available rosidl_typesupport_c: rosidl_typesupport_fastrtps_c;rosidl_typesupport_introspection_c
[0.761s] -- Using all available rosidl_typesupport_cpp: rosidl_typesupport_fastrtps_cpp;rosidl_typesupport_introspection_cpp
[0.872s] -- Found rmw_implementation_cmake: 6.1.2 (/opt/ros/humble/share/rmw_implementation_cmake/cmake)
[0.878s] -- Found rmw_fastrtps_cpp: 6.2.7 (/opt/ros/humble/share/rmw_fastrtps_cpp/cmake)
[1.049s] -- Found OpenSSL: /usr/lib/x86_64-linux-gnu/libcrypto.so (found version "3.0.2")  
[1.130s] -- Found FastRTPS: /opt/ros/humble/include  
[1.214s] -- Using RMW implementation 'rmw_fastrtps_cpp' as default
[1.240s] -- Performing Test CMAKE_HAVE_LIBC_PTHREAD
[1.452s] -- Performing Test CMAKE_HAVE_LIBC_PTHREAD - Success
[1.491s] -- Found Threads: TRUE  
[1.924s] -- Found rclpy: 3.3.15 (/opt/ros/humble/share/rclpy/cmake)
[1.932s] -- Found nav_msgs: 4.2.4 (/opt/ros/humble/share/nav_msgs/cmake)
[2.201s] -- Found sensor_msgs: 4.2.4 (/opt/ros/humble/share/sensor_msgs/cmake)
[2.462s] -- Configuring done (2.4s)
[2.479s] -- Generating done (0.0s)
[2.486s] -- Build files have been written to: /home/aihemel/ros2_ws/build/bumperbot_localization
[2.499s] Invoked command in '/home/aihemel/ros2_ws/build/bumperbot_localization' returned '0': CMAKE_PREFIX_PATH=${CMAKE_PREFIX_PATH}:/home/aihemel/ros2_ws/install/bumperbot_py_examples:/opt/ros/humble /usr/local/bin/cmake /home/aihemel/ros2_ws/src/bumperbot_localization -DCMAKE_INSTALL_PREFIX=/home/aihemel/ros2_ws/install/bumperbot_localization
[2.501s] Invoking command in '/home/aihemel/ros2_ws/build/bumperbot_localization': CMAKE_PREFIX_PATH=${CMAKE_PREFIX_PATH}:/home/aihemel/ros2_ws/install/bumperbot_py_examples:/opt/ros/humble /usr/local/bin/cmake --build /home/aihemel/ros2_ws/build/bumperbot_localization -- -j12 -l12
[2.524s] [ 25%] [32mBuilding CXX object CMakeFiles/imu_republisher.dir/src/imu_republisher.cpp.o[0m
[2.525s] [ 50%] [32mBuilding CXX object CMakeFiles/kalman_filter.dir/src/kalman_filter.cpp.o[0m
[2.529s] [ 50%] Built target ament_cmake_python_copy_bumperbot_localization
[2.946s] running egg_info
[2.947s] creating bumperbot_localization.egg-info
[2.947s] writing bumperbot_localization.egg-info/PKG-INFO
[2.947s] writing dependency_links to bumperbot_localization.egg-info/dependency_links.txt
[2.947s] writing top-level names to bumperbot_localization.egg-info/top_level.txt
[2.949s] writing manifest file 'bumperbot_localization.egg-info/SOURCES.txt'
[2.952s] reading manifest file 'bumperbot_localization.egg-info/SOURCES.txt'
[2.953s] writing manifest file 'bumperbot_localization.egg-info/SOURCES.txt'
[2.981s] [ 50%] Built target ament_cmake_python_build_bumperbot_localization_egg
[17.053s] [ 75%] [32m[1mLinking CXX executable imu_republisher[0m
[17.594s] [ 75%] Built target imu_republisher
[20.352s] [100%] [32m[1mLinking CXX executable kalman_filter[0m
[21.031s] [100%] Built target kalman_filter
[21.036s] Invoked command in '/home/aihemel/ros2_ws/build/bumperbot_localization' returned '0': CMAKE_PREFIX_PATH=${CMAKE_PREFIX_PATH}:/home/aihemel/ros2_ws/install/bumperbot_py_examples:/opt/ros/humble /usr/local/bin/cmake --build /home/aihemel/ros2_ws/build/bumperbot_localization -- -j12 -l12
[21.038s] Invoking command in '/home/aihemel/ros2_ws/build/bumperbot_localization': CMAKE_PREFIX_PATH=${CMAKE_PREFIX_PATH}:/home/aihemel/ros2_ws/install/bumperbot_py_examples:/opt/ros/humble /usr/local/bin/cmake --install /home/aihemel/ros2_ws/build/bumperbot_localization
[21.041s] -- Install configuration: ""
[21.041s] -- Installing: /home/aihemel/ros2_ws/install/bumperbot_localization/share/bumperbot_localization/environment/pythonpath.sh
[21.042s] -- Installing: /home/aihemel/ros2_ws/install/bumperbot_localization/share/bumperbot_localization/environment/pythonpath.dsv
[21.042s] -- Installing: /home/aihemel/ros2_ws/install/bumperbot_localization/local/lib/python3.10/dist-packages/bumperbot_localization-0.0.0-py3.10.egg-info
[21.042s] -- Installing: /home/aihemel/ros2_ws/install/bumperbot_localization/local/lib/python3.10/dist-packages/bumperbot_localization-0.0.0-py3.10.egg-info/dependency_links.txt
[21.042s] -- Installing: /home/aihemel/ros2_ws/install/bumperbot_localization/local/lib/python3.10/dist-packages/bumperbot_localization-0.0.0-py3.10.egg-info/top_level.txt
[21.042s] -- Installing: /home/aihemel/ros2_ws/install/bumperbot_localization/local/lib/python3.10/dist-packages/bumperbot_localization-0.0.0-py3.10.egg-info/SOURCES.txt
[21.042s] -- Installing: /home/aihemel/ros2_ws/install/bumperbot_localization/local/lib/python3.10/dist-packages/bumperbot_localization-0.0.0-py3.10.egg-info/PKG-INFO
[21.043s] -- Installing: /home/aihemel/ros2_ws/install/bumperbot_localization/local/lib/python3.10/dist-packages/bumperbot_localization
[21.043s] -- Installing: /home/aihemel/ros2_ws/install/bumperbot_localization/local/lib/python3.10/dist-packages/bumperbot_localization/__init__.py
[21.043s] -- Installing: /home/aihemel/ros2_ws/install/bumperbot_localization/local/lib/python3.10/dist-packages/bumperbot_localization/imu_republisher.py
[21.043s] -- Installing: /home/aihemel/ros2_ws/install/bumperbot_localization/local/lib/python3.10/dist-packages/bumperbot_localization/kalman_filter.py
[21.086s] Listing '/home/aihemel/ros2_ws/install/bumperbot_localization/local/lib/python3.10/dist-packages/bumperbot_localization'...
[21.086s] Compiling '/home/aihemel/ros2_ws/install/bumperbot_localization/local/lib/python3.10/dist-packages/bumperbot_localization/__init__.py'...
[21.086s] Compiling '/home/aihemel/ros2_ws/install/bumperbot_localization/local/lib/python3.10/dist-packages/bumperbot_localization/imu_republisher.py'...
[21.086s] Compiling '/home/aihemel/ros2_ws/install/bumperbot_localization/local/lib/python3.10/dist-packages/bumperbot_localization/kalman_filter.py'...
[21.093s] -- Installing: /home/aihemel/ros2_ws/install/bumperbot_localization/include/include
[21.093s] -- Installing: /home/aihemel/ros2_ws/install/bumperbot_localization/include/include/bumperbot_localization
[21.093s] -- Installing: /home/aihemel/ros2_ws/install/bumperbot_localization/include/include/bumperbot_localization/kalman_filter.hpp
[21.093s] -- Installing: /home/aihemel/ros2_ws/install/bumperbot_localization/lib/bumperbot_localization/kalman_filter
[21.097s] -- Set runtime path of "/home/aihemel/ros2_ws/install/bumperbot_localization/lib/bumperbot_localization/kalman_filter" to ""
[21.097s] -- Installing: /home/aihemel/ros2_ws/install/bumperbot_localization/lib/bumperbot_localization/imu_republisher
[21.099s] -- Set runtime path of "/home/aihemel/ros2_ws/install/bumperbot_localization/lib/bumperbot_localization/imu_republisher" to ""
[21.099s] -- Installing: /home/aihemel/ros2_ws/install/bumperbot_localization/share/bumperbot_localization/launch
[21.099s] -- Installing: /home/aihemel/ros2_ws/install/bumperbot_localization/share/bumperbot_localization/launch/local_localization.launch.py
[21.100s] -- Installing: /home/aihemel/ros2_ws/install/bumperbot_localization/share/bumperbot_localization/config
[21.100s] -- Installing: /home/aihemel/ros2_ws/install/bumperbot_localization/share/bumperbot_localization/config/ekf.yaml
[21.100s] -- Installing: /home/aihemel/ros2_ws/install/bumperbot_localization/lib/bumperbot_localization/kalman_filter.py
[21.100s] -- Installing: /home/aihemel/ros2_ws/install/bumperbot_localization/lib/bumperbot_localization/imu_republisher.py
[21.100s] -- Installing: /home/aihemel/ros2_ws/install/bumperbot_localization/share/ament_index/resource_index/package_run_dependencies/bumperbot_localization
[21.100s] -- Installing: /home/aihemel/ros2_ws/install/bumperbot_localization/share/ament_index/resource_index/parent_prefix_path/bumperbot_localization
[21.101s] -- Installing: /home/aihemel/ros2_ws/install/bumperbot_localization/share/bumperbot_localization/environment/ament_prefix_path.sh
[21.101s] -- Installing: /home/aihemel/ros2_ws/install/bumperbot_localization/share/bumperbot_localization/environment/ament_prefix_path.dsv
[21.101s] -- Installing: /home/aihemel/ros2_ws/install/bumperbot_localization/share/bumperbot_localization/environment/path.sh
[21.101s] -- Installing: /home/aihemel/ros2_ws/install/bumperbot_localization/share/bumperbot_localization/environment/path.dsv
[21.101s] -- Installing: /home/aihemel/ros2_ws/install/bumperbot_localization/share/bumperbot_localization/local_setup.bash
[21.101s] -- Installing: /home/aihemel/ros2_ws/install/bumperbot_localization/share/bumperbot_localization/local_setup.sh
[21.101s] -- Installing: /home/aihemel/ros2_ws/install/bumperbot_localization/share/bumperbot_localization/local_setup.zsh
[21.102s] -- Installing: /home/aihemel/ros2_ws/install/bumperbot_localization/share/bumperbot_localization/local_setup.dsv
[21.102s] -- Installing: /home/aihemel/ros2_ws/install/bumperbot_localization/share/bumperbot_localization/package.dsv
[21.102s] -- Installing: /home/aihemel/ros2_ws/install/bumperbot_localization/share/ament_index/resource_index/packages/bumperbot_localization
[21.102s] -- Installing: /home/aihemel/ros2_ws/install/bumperbot_localization/share/bumperbot_localization/cmake/bumperbot_localizationConfig.cmake
[21.103s] -- Installing: /home/aihemel/ros2_ws/install/bumperbot_localization/share/bumperbot_localization/cmake/bumperbot_localizationConfig-version.cmake
[21.103s] -- Installing: /home/aihemel/ros2_ws/install/bumperbot_localization/share/bumperbot_localization/package.xml
[21.105s] Invoked command in '/home/aihemel/ros2_ws/build/bumperbot_localization' returned '0': CMAKE_PREFIX_PATH=${CMAKE_PREFIX_PATH}:/home/aihemel/ros2_ws/install/bumperbot_py_examples:/opt/ros/humble /usr/local/bin/cmake --install /home/aihemel/ros2_ws/build/bumperbot_localization
