-- Found ament_cmake: 1.3.11 (/opt/ros/humble/share/ament_cmake/cmake)
-- Found rclcpp: 16.0.11 (/opt/ros/humble/share/rclcpp/cmake)
-- Found rosidl_generator_c: 3.1.6 (/opt/ros/humble/share/rosidl_generator_c/cmake)
-- Found rosidl_adapter: 3.1.6 (/opt/ros/humble/share/rosidl_adapter/cmake)
-- Found rosidl_generator_cpp: 3.1.6 (/opt/ros/humble/share/rosidl_generator_cpp/cmake)
-- Using all available rosidl_typesupport_c: rosidl_typesupport_fastrtps_c;rosidl_typesupport_introspection_c
-- Using all available rosidl_typesupport_cpp: rosidl_typesupport_fastrtps_cpp;rosidl_typesupport_introspection_cpp
-- Found rmw_implementation_cmake: 6.1.2 (/opt/ros/humble/share/rmw_implementation_cmake/cmake)
-- Found rmw_fastrtps_cpp: 6.2.7 (/opt/ros/humble/share/rmw_fastrtps_cpp/cmake)
-- Using RMW implementation 'rmw_fastrtps_cpp' as default
-- Found rclpy: 3.3.15 (/opt/ros/humble/share/rclpy/cmake)
-- Found nav_msgs: 4.2.4 (/opt/ros/humble/share/nav_msgs/cmake)
-- Found sensor_msgs: 4.2.4 (/opt/ros/humble/share/sensor_msgs/cmake)
[33mCMake Warning at CMakeLists.txt:15 (find_package):
  By not providing "Findgeometry_msgs_REQUIRED.cmake" in CMAKE_MODULE_PATH
  this project has asked CMake to find a package configuration file provided
  by "geometry_msgs_REQUIRED", but CMake did not find one.

  Could not find a package configuration file provided by
  "geometry_msgs_REQUIRED" with any of the following names:

    geometry_msgs_REQUIREDConfig.cmake
    geometry_msgs_required-config.cmake

  Add the installation prefix of "geometry_msgs_REQUIRED" to
  CMAKE_PREFIX_PATH or set "geometry_msgs_REQUIRED_DIR" to a directory
  containing one of the above files.  If "geometry_msgs_REQUIRED" provides a
  separate development package or SDK, be sure it has been installed.

[0m
-- Configuring done (0.9s)
-- Generating done (0.0s)
-- Build files have been written to: /home/aihemel/ros2_ws/build/bumperbot_localization
[  0%] Built target ament_cmake_python_copy_bumperbot_localization
[ 50%] Built target imu_republisher
[100%] Built target kalman_filter
running egg_info
writing bumperbot_localization.egg-info/PKG-INFO
writing dependency_links to bumperbot_localization.egg-info/dependency_links.txt
writing top-level names to bumperbot_localization.egg-info/top_level.txt
reading manifest file 'bumperbot_localization.egg-info/SOURCES.txt'
writing manifest file 'bumperbot_localization.egg-info/SOURCES.txt'
[100%] Built target ament_cmake_python_build_bumperbot_localization_egg
-- Install configuration: ""
-- Up-to-date: /home/aihemel/ros2_ws/install/bumperbot_localization/share/bumperbot_localization/environment/pythonpath.sh
-- Installing: /home/aihemel/ros2_ws/install/bumperbot_localization/share/bumperbot_localization/environment/pythonpath.dsv
-- Up-to-date: /home/aihemel/ros2_ws/install/bumperbot_localization/local/lib/python3.10/dist-packages/bumperbot_localization-0.0.0-py3.10.egg-info
-- Installing: /home/aihemel/ros2_ws/install/bumperbot_localization/local/lib/python3.10/dist-packages/bumperbot_localization-0.0.0-py3.10.egg-info/dependency_links.txt
-- Installing: /home/aihemel/ros2_ws/install/bumperbot_localization/local/lib/python3.10/dist-packages/bumperbot_localization-0.0.0-py3.10.egg-info/top_level.txt
-- Installing: /home/aihemel/ros2_ws/install/bumperbot_localization/local/lib/python3.10/dist-packages/bumperbot_localization-0.0.0-py3.10.egg-info/SOURCES.txt
-- Installing: /home/aihemel/ros2_ws/install/bumperbot_localization/local/lib/python3.10/dist-packages/bumperbot_localization-0.0.0-py3.10.egg-info/PKG-INFO
-- Up-to-date: /home/aihemel/ros2_ws/install/bumperbot_localization/local/lib/python3.10/dist-packages/bumperbot_localization
-- Up-to-date: /home/aihemel/ros2_ws/install/bumperbot_localization/local/lib/python3.10/dist-packages/bumperbot_localization/__init__.py
-- Up-to-date: /home/aihemel/ros2_ws/install/bumperbot_localization/local/lib/python3.10/dist-packages/bumperbot_localization/imu_republisher.py
-- Up-to-date: /home/aihemel/ros2_ws/install/bumperbot_localization/local/lib/python3.10/dist-packages/bumperbot_localization/kalman_filter.py
-- Installing: /home/aihemel/ros2_ws/install/bumperbot_localization/local/lib/python3.10/dist-packages/bumperbot_localization/odometry_motion_model.py
Listing '/home/aihemel/ros2_ws/install/bumperbot_localization/local/lib/python3.10/dist-packages/bumperbot_localization'...
Compiling '/home/aihemel/ros2_ws/install/bumperbot_localization/local/lib/python3.10/dist-packages/bumperbot_localization/odometry_motion_model.py'...
-- Up-to-date: /home/aihemel/ros2_ws/install/bumperbot_localization/include/include
-- Up-to-date: /home/aihemel/ros2_ws/install/bumperbot_localization/include/include/bumperbot_localization
-- Up-to-date: /home/aihemel/ros2_ws/install/bumperbot_localization/include/include/bumperbot_localization/kalman_filter.hpp
-- Up-to-date: /home/aihemel/ros2_ws/install/bumperbot_localization/lib/bumperbot_localization/kalman_filter
-- Up-to-date: /home/aihemel/ros2_ws/install/bumperbot_localization/lib/bumperbot_localization/imu_republisher
-- Up-to-date: /home/aihemel/ros2_ws/install/bumperbot_localization/share/bumperbot_localization/launch
-- Up-to-date: /home/aihemel/ros2_ws/install/bumperbot_localization/share/bumperbot_localization/launch/local_localization.launch.py
-- Up-to-date: /home/aihemel/ros2_ws/install/bumperbot_localization/share/bumperbot_localization/config
-- Up-to-date: /home/aihemel/ros2_ws/install/bumperbot_localization/share/bumperbot_localization/config/ekf.yaml
-- Up-to-date: /home/aihemel/ros2_ws/install/bumperbot_localization/lib/bumperbot_localization/kalman_filter.py
-- Up-to-date: /home/aihemel/ros2_ws/install/bumperbot_localization/lib/bumperbot_localization/imu_republisher.py
-- Installing: /home/aihemel/ros2_ws/install/bumperbot_localization/lib/bumperbot_localization/odometry_motion_model.py
-- Installing: /home/aihemel/ros2_ws/install/bumperbot_localization/share/ament_index/resource_index/package_run_dependencies/bumperbot_localization
-- Installing: /home/aihemel/ros2_ws/install/bumperbot_localization/share/ament_index/resource_index/parent_prefix_path/bumperbot_localization
-- Up-to-date: /home/aihemel/ros2_ws/install/bumperbot_localization/share/bumperbot_localization/environment/ament_prefix_path.sh
-- Installing: /home/aihemel/ros2_ws/install/bumperbot_localization/share/bumperbot_localization/environment/ament_prefix_path.dsv
-- Up-to-date: /home/aihemel/ros2_ws/install/bumperbot_localization/share/bumperbot_localization/environment/path.sh
-- Installing: /home/aihemel/ros2_ws/install/bumperbot_localization/share/bumperbot_localization/environment/path.dsv
-- Up-to-date: /home/aihemel/ros2_ws/install/bumperbot_localization/share/bumperbot_localization/local_setup.bash
-- Up-to-date: /home/aihemel/ros2_ws/install/bumperbot_localization/share/bumperbot_localization/local_setup.sh
-- Up-to-date: /home/aihemel/ros2_ws/install/bumperbot_localization/share/bumperbot_localization/local_setup.zsh
-- Installing: /home/aihemel/ros2_ws/install/bumperbot_localization/share/bumperbot_localization/local_setup.dsv
-- Installing: /home/aihemel/ros2_ws/install/bumperbot_localization/share/bumperbot_localization/package.dsv
-- Up-to-date: /home/aihemel/ros2_ws/install/bumperbot_localization/share/ament_index/resource_index/packages/bumperbot_localization
-- Up-to-date: /home/aihemel/ros2_ws/install/bumperbot_localization/share/bumperbot_localization/cmake/bumperbot_localizationConfig.cmake
-- Up-to-date: /home/aihemel/ros2_ws/install/bumperbot_localization/share/bumperbot_localization/cmake/bumperbot_localizationConfig-version.cmake
-- Installing: /home/aihemel/ros2_ws/install/bumperbot_localization/share/bumperbot_localization/package.xml
