[0.529s] Invoking command in '/home/aihemel/ros2_ws/build/robot_controller': CMAKE_PREFIX_PATH=/opt/ros/humble /usr/local/bin/cmake --build /home/aihemel/ros2_ws/build/robot_controller -- -j12 -l12
[0.548s] Built target ament_cmake_python_copy_robot_controller
[0.915s] running egg_info
[0.924s] writing robot_controller.egg-info/PKG-INFO
[0.924s] writing dependency_links to robot_controller.egg-info/dependency_links.txt
[0.924s] writing top-level names to robot_controller.egg-info/top_level.txt
[0.924s] reading manifest file 'robot_controller.egg-info/SOURCES.txt'
[0.924s] writing manifest file 'robot_controller.egg-info/SOURCES.txt'
[0.963s] Built target ament_cmake_python_build_robot_controller_egg
[0.971s] Invoked command in '/home/aihemel/ros2_ws/build/robot_controller' returned '0': CMAKE_PREFIX_PATH=/opt/ros/humble /usr/local/bin/cmake --build /home/aihemel/ros2_ws/build/robot_controller -- -j12 -l12
[0.972s] Invoking command in '/home/aihemel/ros2_ws/build/robot_controller': CMAKE_PREFIX_PATH=/opt/ros/humble /usr/local/bin/cmake --install /home/aihemel/ros2_ws/build/robot_controller
[0.973s] -- Install configuration: ""
[0.974s] -- Up-to-date: /home/aihemel/ros2_ws/install/robot_controller/share/robot_controller/environment/pythonpath.sh
[0.974s] -- Up-to-date: /home/aihemel/ros2_ws/install/robot_controller/share/robot_controller/environment/pythonpath.dsv
[0.974s] -- Up-to-date: /home/aihemel/ros2_ws/install/robot_controller/local/lib/python3.10/dist-packages/robot_controller-0.0.0-py3.10.egg-info
[0.974s] -- Installing: /home/aihemel/ros2_ws/install/robot_controller/local/lib/python3.10/dist-packages/robot_controller-0.0.0-py3.10.egg-info/dependency_links.txt
[0.974s] -- Installing: /home/aihemel/ros2_ws/install/robot_controller/local/lib/python3.10/dist-packages/robot_controller-0.0.0-py3.10.egg-info/top_level.txt
[0.974s] -- Installing: /home/aihemel/ros2_ws/install/robot_controller/local/lib/python3.10/dist-packages/robot_controller-0.0.0-py3.10.egg-info/SOURCES.txt
[0.974s] -- Installing: /home/aihemel/ros2_ws/install/robot_controller/local/lib/python3.10/dist-packages/robot_controller-0.0.0-py3.10.egg-info/PKG-INFO
[0.974s] -- Up-to-date: /home/aihemel/ros2_ws/install/robot_controller/local/lib/python3.10/dist-packages/robot_controller
[0.974s] -- Up-to-date: /home/aihemel/ros2_ws/install/robot_controller/local/lib/python3.10/dist-packages/robot_controller/noisy_controller.py
[0.974s] -- Up-to-date: /home/aihemel/ros2_ws/install/robot_controller/local/lib/python3.10/dist-packages/robot_controller/__init__.py
[0.975s] -- Up-to-date: /home/aihemel/ros2_ws/install/robot_controller/local/lib/python3.10/dist-packages/robot_controller/simple_controller.py
[1.023s] Listing '/home/aihemel/ros2_ws/install/robot_controller/local/lib/python3.10/dist-packages/robot_controller'...
[1.038s] -- Up-to-date: /home/aihemel/ros2_ws/install/robot_controller/share/robot_controller/config
[1.038s] -- Up-to-date: /home/aihemel/ros2_ws/install/robot_controller/share/robot_controller/config/robot_controller.yaml
[1.038s] -- Up-to-date: /home/aihemel/ros2_ws/install/robot_controller/share/robot_controller/launch
[1.038s] -- Up-to-date: /home/aihemel/ros2_ws/install/robot_controller/share/robot_controller/launch/controller.launch.py
[1.038s] -- Up-to-date: /home/aihemel/ros2_ws/install/robot_controller/lib/robot_controller/simple_controller.py
[1.038s] -- Up-to-date: /home/aihemel/ros2_ws/install/robot_controller/lib/robot_controller/noisy_controller.py
[1.039s] -- Up-to-date: /home/aihemel/ros2_ws/install/robot_controller/share/ament_index/resource_index/package_run_dependencies/robot_controller
[1.039s] -- Up-to-date: /home/aihemel/ros2_ws/install/robot_controller/share/ament_index/resource_index/parent_prefix_path/robot_controller
[1.039s] -- Up-to-date: /home/aihemel/ros2_ws/install/robot_controller/share/robot_controller/environment/ament_prefix_path.sh
[1.039s] -- Up-to-date: /home/aihemel/ros2_ws/install/robot_controller/share/robot_controller/environment/ament_prefix_path.dsv
[1.039s] -- Up-to-date: /home/aihemel/ros2_ws/install/robot_controller/share/robot_controller/environment/path.sh
[1.039s] -- Up-to-date: /home/aihemel/ros2_ws/install/robot_controller/share/robot_controller/environment/path.dsv
[1.040s] -- Up-to-date: /home/aihemel/ros2_ws/install/robot_controller/share/robot_controller/local_setup.bash
[1.042s] -- Up-to-date: /home/aihemel/ros2_ws/install/robot_controller/share/robot_controller/local_setup.sh
[1.042s] -- Up-to-date: /home/aihemel/ros2_ws/install/robot_controller/share/robot_controller/local_setup.zsh
[1.044s] -- Up-to-date: /home/aihemel/ros2_ws/install/robot_controller/share/robot_controller/local_setup.dsv
[1.046s] -- Installing: /home/aihemel/ros2_ws/install/robot_controller/share/robot_controller/package.dsv
[1.046s] -- Up-to-date: /home/aihemel/ros2_ws/install/robot_controller/share/ament_index/resource_index/packages/robot_controller
[1.046s] -- Up-to-date: /home/aihemel/ros2_ws/install/robot_controller/share/robot_controller/cmake/robot_controllerConfig.cmake
[1.046s] -- Up-to-date: /home/aihemel/ros2_ws/install/robot_controller/share/robot_controller/cmake/robot_controllerConfig-version.cmake
[1.046s] -- Up-to-date: /home/aihemel/ros2_ws/install/robot_controller/share/robot_controller/package.xml
[1.049s] Invoked command in '/home/aihemel/ros2_ws/build/robot_controller' returned '0': CMAKE_PREFIX_PATH=/opt/ros/humble /usr/local/bin/cmake --install /home/aihemel/ros2_ws/build/robot_controller
