[0.443s] Invoking command in '/home/aihemel/ros2_ws/build/turtlesim': CMAKE_PREFIX_PATH=${CMAKE_PREFIX_PATH}:/home/aihemel/ros2_ws/install/bumperbot_py_examples:/opt/ros/humble /usr/local/bin/cmake /home/aihemel/ros2_ws/src/ros_tutorials/turtlesim -DCMAKE_INSTALL_PREFIX=/home/aihemel/ros2_ws/install/turtlesim
[0.524s] -- The C compiler identification is GNU 11.4.0
[0.616s] -- The CXX compiler identification is GNU 11.4.0
[0.642s] -- Detecting C compiler ABI info
[0.728s] -- Detecting C compiler ABI info - done
[0.744s] -- Check for working C compiler: /usr/bin/cc - skipped
[0.744s] -- Detecting C compile features
[0.745s] -- Detecting C compile features - done
[0.757s] -- Detecting CXX compiler ABI info
[0.848s] -- Detecting CXX compiler ABI info - done
[0.876s] -- Check for working CXX compiler: /usr/bin/c++ - skipped
[0.877s] -- Detecting CXX compile features
[0.878s] -- Detecting CXX compile features - done
[0.882s] -- Found ament_cmake: 1.3.11 (/opt/ros/humble/share/ament_cmake/cmake)
[1.096s] -- Found Python3: /usr/bin/python3 (found version "3.10.12") found components: Interpreter 
[1.304s] -- Found ament_index_cpp: 1.4.0 (/opt/ros/humble/share/ament_index_cpp/cmake)
[1.316s] -- Found geometry_msgs: 4.2.4 (/opt/ros/humble/share/geometry_msgs/cmake)
[1.568s] -- Found rosidl_generator_c: 3.1.6 (/opt/ros/humble/share/rosidl_generator_c/cmake)
[1.603s] -- Found rosidl_adapter: 3.1.6 (/opt/ros/humble/share/rosidl_adapter/cmake)
[1.659s] -- Found rosidl_generator_cpp: 3.1.6 (/opt/ros/humble/share/rosidl_generator_cpp/cmake)
[1.715s] -- Using all available rosidl_typesupport_c: rosidl_typesupport_fastrtps_c;rosidl_typesupport_introspection_c
[1.794s] -- Using all available rosidl_typesupport_cpp: rosidl_typesupport_fastrtps_cpp;rosidl_typesupport_introspection_cpp
[2.071s] -- Found rclcpp: 16.0.11 (/opt/ros/humble/share/rclcpp/cmake)
[2.219s] -- Found rmw_implementation_cmake: 6.1.2 (/opt/ros/humble/share/rmw_implementation_cmake/cmake)
[2.223s] -- Found rmw_fastrtps_cpp: 6.2.7 (/opt/ros/humble/share/rmw_fastrtps_cpp/cmake)
[2.337s] -- Found OpenSSL: /usr/lib/x86_64-linux-gnu/libcrypto.so (found version "3.0.2")  
[2.387s] -- Found FastRTPS: /opt/ros/humble/include  
[2.472s] -- Using RMW implementation 'rmw_fastrtps_cpp' as default
[2.485s] -- Performing Test CMAKE_HAVE_LIBC_PTHREAD
[2.564s] -- Performing Test CMAKE_HAVE_LIBC_PTHREAD - Success
[2.565s] -- Found Threads: TRUE  
[2.639s] -- Found rclcpp_action: 16.0.11 (/opt/ros/humble/share/rclcpp_action/cmake)
[2.708s] -- Found rosidl_default_generators: 1.2.0 (/opt/ros/humble/share/rosidl_default_generators/cmake)
[2.726s] -- Found std_srvs: 4.2.4 (/opt/ros/humble/share/std_srvs/cmake)
[3.435s] -- Found ament_cmake_ros: 0.10.0 (/opt/ros/humble/share/ament_cmake_ros/cmake)
[4.222s] -- Using all available rosidl_typesupport_c: rosidl_typesupport_fastrtps_c;rosidl_typesupport_introspection_c
[4.520s] -- Using all available rosidl_typesupport_cpp: rosidl_typesupport_fastrtps_cpp;rosidl_typesupport_introspection_cpp
[4.523s] [33mCMake Warning (dev) at /opt/ros/humble/share/rosidl_generator_py/cmake/rosidl_generator_py_generate_interfaces.cmake:20 (find_package):
[4.523s]   Policy CMP0148 is not set: The FindPythonInterp and FindPythonLibs modules
[4.523s]   are removed.  Run "cmake --help-policy CMP0148" for policy details.  Use
[4.523s]   the cmake_policy command to set the policy and suppress this warning.
[4.523s] 
[4.523s] Call Stack (most recent call first):
[4.523s]   /opt/ros/humble/share/ament_cmake_core/cmake/core/ament_execute_extensions.cmake:48 (include)
[4.523s]   /opt/ros/humble/share/rosidl_cmake/cmake/rosidl_generate_interfaces.cmake:286 (ament_execute_extensions)
[4.523s]   CMakeLists.txt:24 (rosidl_generate_interfaces)
[4.523s] This warning is for project developers.  Use -Wno-dev to suppress it.
[4.523s] [0m
[4.542s] -- Found PythonInterp: /usr/bin/python3 (found suitable version "3.10.12", minimum required is "3.6") 
[4.544s] -- Found python_cmake_module: 0.10.0 (/opt/ros/humble/share/python_cmake_module/cmake)
[4.545s] [33mCMake Warning (dev) at /opt/ros/humble/share/python_cmake_module/cmake/Modules/FindPythonExtra.cmake:52 (find_package):
[4.545s]   Policy CMP0148 is not set: The FindPythonInterp and FindPythonLibs modules
[4.545s]   are removed.  Run "cmake --help-policy CMP0148" for policy details.  Use
[4.545s]   the cmake_policy command to set the policy and suppress this warning.
[4.545s] 
[4.545s] Call Stack (most recent call first):
[4.545s]   /opt/ros/humble/share/rosidl_generator_py/cmake/rosidl_generator_py_generate_interfaces.cmake:23 (find_package)
[4.545s]   /opt/ros/humble/share/ament_cmake_core/cmake/core/ament_execute_extensions.cmake:48 (include)
[4.545s]   /opt/ros/humble/share/rosidl_cmake/cmake/rosidl_generate_interfaces.cmake:286 (ament_execute_extensions)
[4.545s]   CMakeLists.txt:24 (rosidl_generate_interfaces)
[4.545s] This warning is for project developers.  Use -Wno-dev to suppress it.
[4.546s] [0m
[4.565s] [33mCMake Warning (dev) at /opt/ros/humble/share/python_cmake_module/cmake/Modules/FindPythonExtra.cmake:140 (find_package):
[4.566s]   Policy CMP0148 is not set: The FindPythonInterp and FindPythonLibs modules
[4.566s]   are removed.  Run "cmake --help-policy CMP0148" for policy details.  Use
[4.566s]   the cmake_policy command to set the policy and suppress this warning.
[4.566s] 
[4.566s] Call Stack (most recent call first):
[4.566s]   /opt/ros/humble/share/rosidl_generator_py/cmake/rosidl_generator_py_generate_interfaces.cmake:23 (find_package)
[4.566s]   /opt/ros/humble/share/ament_cmake_core/cmake/core/ament_execute_extensions.cmake:48 (include)
[4.566s]   /opt/ros/humble/share/rosidl_cmake/cmake/rosidl_generate_interfaces.cmake:286 (ament_execute_extensions)
[4.566s]   CMakeLists.txt:24 (rosidl_generate_interfaces)
[4.566s] This warning is for project developers.  Use -Wno-dev to suppress it.
[4.566s] [0m
[4.574s] -- Found PythonLibs: /usr/lib/x86_64-linux-gnu/libpython3.10.so (found suitable version "3.10.12", minimum required is "3.5") 
[4.574s] -- Using PYTHON_EXECUTABLE: /usr/bin/python3
[4.574s] -- Using PYTHON_INCLUDE_DIRS: /usr/include/python3.10
[4.574s] -- Using PYTHON_LIBRARIES: /usr/lib/x86_64-linux-gnu/libpython3.10.so
[4.595s] -- Found PythonExtra: .so  
[4.658s] -- Configuring done (4.2s)
[4.726s] -- Generating done (0.1s)
[4.746s] -- Build files have been written to: /home/aihemel/ros2_ws/build/turtlesim
[4.761s] Invoked command in '/home/aihemel/ros2_ws/build/turtlesim' returned '0': CMAKE_PREFIX_PATH=${CMAKE_PREFIX_PATH}:/home/aihemel/ros2_ws/install/bumperbot_py_examples:/opt/ros/humble /usr/local/bin/cmake /home/aihemel/ros2_ws/src/ros_tutorials/turtlesim -DCMAKE_INSTALL_PREFIX=/home/aihemel/ros2_ws/install/turtlesim
[4.762s] Invoking command in '/home/aihemel/ros2_ws/build/turtlesim': CMAKE_PREFIX_PATH=${CMAKE_PREFIX_PATH}:/home/aihemel/ros2_ws/install/bumperbot_py_examples:/opt/ros/humble /usr/local/bin/cmake --build /home/aihemel/ros2_ws/build/turtlesim -- -j12 -l12
[4.779s] [  1%] [34m[1mGenerating C code for ROS interfaces[0m
[4.784s] [  2%] [34m[1mGenerating C++ code for ROS interfaces[0m
[4.785s] [  2%] Built target ament_cmake_python_copy_turtlesim
[5.118s] running egg_info
[5.119s] creating turtlesim.egg-info
[5.119s] writing turtlesim.egg-info/PKG-INFO
[5.120s] writing dependency_links to turtlesim.egg-info/dependency_links.txt
[5.120s] writing top-level names to turtlesim.egg-info/top_level.txt
[5.122s] writing manifest file 'turtlesim.egg-info/SOURCES.txt'
[5.124s] reading manifest file 'turtlesim.egg-info/SOURCES.txt'
[5.125s] writing manifest file 'turtlesim.egg-info/SOURCES.txt'
[5.150s] [  2%] Built target ament_cmake_python_build_turtlesim_egg
[5.826s] [  2%] Built target turtlesim__cpp
[5.833s] [  3%] [34m[1mGenerating C++ type support dispatch for ROS interfaces[0m
[5.834s] [  5%] [34m[1mGenerating C++ introspection for ROS interfaces[0m
[5.834s] [  5%] [34m[1mGenerating C++ type support for eProsima Fast-RTPS[0m
[5.846s] [  6%] [32mBuilding C object CMakeFiles/turtlesim__rosidl_generator_c.dir/rosidl_generator_c/turtlesim/action/detail/rotate_absolute__functions.c.o[0m
[5.846s] [  7%] [32mBuilding C object CMakeFiles/turtlesim__rosidl_generator_c.dir/rosidl_generator_c/turtlesim/msg/detail/color__functions.c.o[0m
[5.846s] [  8%] [32mBuilding C object CMakeFiles/turtlesim__rosidl_generator_c.dir/rosidl_generator_c/turtlesim/msg/detail/pose__functions.c.o[0m
[5.846s] [  9%] [32mBuilding C object CMakeFiles/turtlesim__rosidl_generator_c.dir/rosidl_generator_c/turtlesim/srv/detail/kill__functions.c.o[0m
[5.846s] [ 10%] [32mBuilding C object CMakeFiles/turtlesim__rosidl_generator_c.dir/rosidl_generator_c/turtlesim/srv/detail/set_pen__functions.c.o[0m
[5.847s] [ 11%] [32mBuilding C object CMakeFiles/turtlesim__rosidl_generator_c.dir/rosidl_generator_c/turtlesim/srv/detail/spawn__functions.c.o[0m
[5.850s] [ 13%] [32mBuilding C object CMakeFiles/turtlesim__rosidl_generator_c.dir/rosidl_generator_c/turtlesim/srv/detail/teleport_relative__functions.c.o[0m
[5.850s] [ 13%] [32mBuilding C object CMakeFiles/turtlesim__rosidl_generator_c.dir/rosidl_generator_c/turtlesim/srv/detail/teleport_absolute__functions.c.o[0m
[6.120s] [ 14%] [32m[1mLinking C shared library libturtlesim__rosidl_generator_c.so[0m
[6.152s] [ 14%] Built target turtlesim__rosidl_generator_c
[6.157s] [ 15%] [34m[1mGenerating C type support for eProsima Fast-RTPS[0m
[6.160s] [ 17%] [34m[1mGenerating C introspection for ROS interfaces[0m
[6.160s] [ 17%] [34m[1mGenerating C type support dispatch for ROS interfaces[0m
[6.608s] [ 18%] [32mBuilding CXX object CMakeFiles/turtlesim__rosidl_typesupport_cpp.dir/rosidl_typesupport_cpp/turtlesim/action/rotate_absolute__type_support.cpp.o[0m
[6.609s] [ 19%] [32mBuilding CXX object CMakeFiles/turtlesim__rosidl_typesupport_cpp.dir/rosidl_typesupport_cpp/turtlesim/msg/pose__type_support.cpp.o[0m
[6.610s] [ 20%] [32mBuilding CXX object CMakeFiles/turtlesim__rosidl_typesupport_cpp.dir/rosidl_typesupport_cpp/turtlesim/srv/kill__type_support.cpp.o[0m
[6.610s] [ 21%] [32mBuilding CXX object CMakeFiles/turtlesim__rosidl_typesupport_cpp.dir/rosidl_typesupport_cpp/turtlesim/msg/color__type_support.cpp.o[0m
[6.611s] [ 22%] [32mBuilding CXX object CMakeFiles/turtlesim__rosidl_typesupport_cpp.dir/rosidl_typesupport_cpp/turtlesim/srv/set_pen__type_support.cpp.o[0m
[6.613s] [ 23%] [32mBuilding CXX object CMakeFiles/turtlesim__rosidl_typesupport_cpp.dir/rosidl_typesupport_cpp/turtlesim/srv/spawn__type_support.cpp.o[0m
[6.615s] [ 24%] [32mBuilding CXX object CMakeFiles/turtlesim__rosidl_typesupport_cpp.dir/rosidl_typesupport_cpp/turtlesim/srv/teleport_absolute__type_support.cpp.o[0m
[6.998s] [ 25%] [32mBuilding CXX object CMakeFiles/turtlesim__rosidl_typesupport_introspection_cpp.dir/rosidl_typesupport_introspection_cpp/turtlesim/action/detail/rotate_absolute__type_support.cpp.o[0m
[7.213s] [ 26%] [32mBuilding CXX object CMakeFiles/turtlesim__rosidl_typesupport_cpp.dir/rosidl_typesupport_cpp/turtlesim/srv/teleport_relative__type_support.cpp.o[0m
[7.260s] [ 27%] [32mBuilding CXX object CMakeFiles/turtlesim__rosidl_typesupport_introspection_cpp.dir/rosidl_typesupport_introspection_cpp/turtlesim/msg/detail/color__type_support.cpp.o[0m
[7.262s] [ 28%] [32mBuilding CXX object CMakeFiles/turtlesim__rosidl_typesupport_introspection_cpp.dir/rosidl_typesupport_introspection_cpp/turtlesim/msg/detail/pose__type_support.cpp.o[0m
[7.273s] [ 29%] [32mBuilding CXX object CMakeFiles/turtlesim__rosidl_typesupport_introspection_cpp.dir/rosidl_typesupport_introspection_cpp/turtlesim/srv/detail/kill__type_support.cpp.o[0m
[7.276s] [ 30%] [32mBuilding CXX object CMakeFiles/turtlesim__rosidl_typesupport_introspection_cpp.dir/rosidl_typesupport_introspection_cpp/turtlesim/srv/detail/set_pen__type_support.cpp.o[0m
[7.294s] [ 31%] [32mBuilding CXX object CMakeFiles/turtlesim__rosidl_typesupport_introspection_cpp.dir/rosidl_typesupport_introspection_cpp/turtlesim/srv/detail/spawn__type_support.cpp.o[0m
[7.676s] [ 33%] [32mBuilding CXX object CMakeFiles/turtlesim__rosidl_typesupport_fastrtps_cpp.dir/rosidl_typesupport_fastrtps_cpp/turtlesim/action/detail/dds_fastrtps/rotate_absolute__type_support.cpp.o[0m
[7.679s] [ 33%] [32mBuilding CXX object CMakeFiles/turtlesim__rosidl_typesupport_fastrtps_cpp.dir/rosidl_typesupport_fastrtps_cpp/turtlesim/msg/detail/dds_fastrtps/color__type_support.cpp.o[0m
[7.924s] [ 34%] [32mBuilding CXX object CMakeFiles/turtlesim__rosidl_typesupport_c.dir/rosidl_typesupport_c/turtlesim/action/rotate_absolute__type_support.cpp.o[0m
[7.946s] [ 35%] [32m[1mLinking CXX shared library libturtlesim__rosidl_typesupport_cpp.so[0m
[8.091s] [ 35%] Built target turtlesim__rosidl_typesupport_cpp
[8.102s] [ 36%] [32mBuilding CXX object CMakeFiles/turtlesim__rosidl_typesupport_introspection_cpp.dir/rosidl_typesupport_introspection_cpp/turtlesim/srv/detail/teleport_absolute__type_support.cpp.o[0m
[8.112s] [ 37%] [32mBuilding CXX object CMakeFiles/turtlesim__rosidl_typesupport_c.dir/rosidl_typesupport_c/turtlesim/msg/color__type_support.cpp.o[0m
[8.128s] [ 38%] [32mBuilding CXX object CMakeFiles/turtlesim__rosidl_typesupport_fastrtps_cpp.dir/rosidl_typesupport_fastrtps_cpp/turtlesim/msg/detail/dds_fastrtps/pose__type_support.cpp.o[0m
[8.194s] [ 39%] [32mBuilding CXX object CMakeFiles/turtlesim__rosidl_typesupport_c.dir/rosidl_typesupport_c/turtlesim/msg/pose__type_support.cpp.o[0m
[8.207s] [ 40%] [32mBuilding CXX object CMakeFiles/turtlesim__rosidl_typesupport_c.dir/rosidl_typesupport_c/turtlesim/srv/kill__type_support.cpp.o[0m
[8.207s] [ 41%] [34m[1mGenerating include/turtlesim/moc_turtle_frame.cpp[0m
[8.210s] [ 42%] [32mBuilding CXX object CMakeFiles/turtlesim__rosidl_typesupport_introspection_cpp.dir/rosidl_typesupport_introspection_cpp/turtlesim/srv/detail/teleport_relative__type_support.cpp.o[0m
[8.242s] [ 43%] [32mBuilding CXX object CMakeFiles/turtlesim__rosidl_typesupport_fastrtps_cpp.dir/rosidl_typesupport_fastrtps_cpp/turtlesim/srv/detail/dds_fastrtps/kill__type_support.cpp.o[0m
[8.269s] [ 44%] [32mBuilding CXX object CMakeFiles/turtlesim__rosidl_typesupport_c.dir/rosidl_typesupport_c/turtlesim/srv/set_pen__type_support.cpp.o[0m
[8.279s] [ 45%] [32mBuilding CXX object CMakeFiles/turtle_teleop_key.dir/tutorials/teleop_turtle_key.cpp.o[0m
[8.292s] [ 46%] [32mBuilding C object CMakeFiles/turtlesim__rosidl_typesupport_introspection_c.dir/rosidl_typesupport_introspection_c/turtlesim/action/detail/rotate_absolute__type_support.c.o[0m
[8.338s] [ 47%] [32mBuilding CXX object CMakeFiles/turtlesim__rosidl_typesupport_c.dir/rosidl_typesupport_c/turtlesim/srv/spawn__type_support.cpp.o[0m
[8.434s] [ 48%] [32mBuilding CXX object CMakeFiles/turtlesim__rosidl_typesupport_c.dir/rosidl_typesupport_c/turtlesim/srv/teleport_absolute__type_support.cpp.o[0m
[8.445s] [ 49%] [32mBuilding C object CMakeFiles/turtlesim__rosidl_typesupport_introspection_c.dir/rosidl_typesupport_introspection_c/turtlesim/msg/detail/color__type_support.c.o[0m
[8.467s] [ 50%] [32mBuilding C object CMakeFiles/turtlesim__rosidl_typesupport_introspection_c.dir/rosidl_typesupport_introspection_c/turtlesim/msg/detail/pose__type_support.c.o[0m
[8.499s] [ 51%] [32mBuilding CXX object CMakeFiles/turtlesim_node.dir/src/turtlesim.cpp.o[0m
[8.515s] [ 52%] [32mBuilding CXX object CMakeFiles/turtlesim__rosidl_typesupport_c.dir/rosidl_typesupport_c/turtlesim/srv/teleport_relative__type_support.cpp.o[0m
[8.533s] [ 53%] [32mBuilding CXX object CMakeFiles/turtlesim__rosidl_typesupport_fastrtps_cpp.dir/rosidl_typesupport_fastrtps_cpp/turtlesim/srv/detail/dds_fastrtps/set_pen__type_support.cpp.o[0m
[8.541s] [ 54%] [32mBuilding C object CMakeFiles/turtlesim__rosidl_typesupport_introspection_c.dir/rosidl_typesupport_introspection_c/turtlesim/srv/detail/kill__type_support.c.o[0m
[8.618s] [ 55%] [32m[1mLinking CXX shared library libturtlesim__rosidl_typesupport_c.so[0m
[8.656s] [ 56%] [32mBuilding C object CMakeFiles/turtlesim__rosidl_typesupport_introspection_c.dir/rosidl_typesupport_introspection_c/turtlesim/srv/detail/set_pen__type_support.c.o[0m
[8.735s] [ 57%] [32mBuilding C object CMakeFiles/turtlesim__rosidl_typesupport_introspection_c.dir/rosidl_typesupport_introspection_c/turtlesim/srv/detail/spawn__type_support.c.o[0m
[8.765s] [ 57%] Built target turtlesim__rosidl_typesupport_c
[8.771s] [ 58%] [32mBuilding C object CMakeFiles/turtlesim__rosidl_typesupport_introspection_c.dir/rosidl_typesupport_introspection_c/turtlesim/srv/detail/teleport_absolute__type_support.c.o[0m
[8.780s] [ 59%] [32mBuilding CXX object CMakeFiles/turtlesim__rosidl_typesupport_fastrtps_c.dir/rosidl_typesupport_fastrtps_c/turtlesim/action/detail/rotate_absolute__type_support_c.cpp.o[0m
[8.793s] [ 60%] [32mBuilding CXX object CMakeFiles/draw_square.dir/tutorials/draw_square.cpp.o[0m
[8.823s] [ 61%] [32mBuilding CXX object CMakeFiles/turtlesim__rosidl_typesupport_fastrtps_c.dir/rosidl_typesupport_fastrtps_c/turtlesim/msg/detail/color__type_support_c.cpp.o[0m
[8.863s] [ 62%] [32mBuilding C object CMakeFiles/turtlesim__rosidl_typesupport_introspection_c.dir/rosidl_typesupport_introspection_c/turtlesim/srv/detail/teleport_relative__type_support.c.o[0m
[8.994s] [ 63%] [32m[1mLinking C shared library libturtlesim__rosidl_typesupport_introspection_c.so[0m
[9.010s] [ 64%] [32mBuilding CXX object CMakeFiles/turtlesim__rosidl_typesupport_fastrtps_c.dir/rosidl_typesupport_fastrtps_c/turtlesim/msg/detail/pose__type_support_c.cpp.o[0m
[9.061s] [ 64%] Built target turtlesim__rosidl_typesupport_introspection_c
[9.065s] [ 65%] [32mBuilding CXX object CMakeFiles/turtlesim__rosidl_typesupport_fastrtps_c.dir/rosidl_typesupport_fastrtps_c/turtlesim/srv/detail/kill__type_support_c.cpp.o[0m
[9.068s] [ 66%] [32mBuilding CXX object CMakeFiles/turtlesim__rosidl_typesupport_fastrtps_cpp.dir/rosidl_typesupport_fastrtps_cpp/turtlesim/srv/detail/dds_fastrtps/spawn__type_support.cpp.o[0m
[9.072s] [ 67%] [32m[1mLinking CXX shared library libturtlesim__rosidl_typesupport_introspection_cpp.so[0m
[9.127s] [ 68%] [32mBuilding CXX object CMakeFiles/turtlesim_node.dir/src/turtle.cpp.o[0m
[9.133s] [ 69%] [32mBuilding CXX object CMakeFiles/turtlesim_node.dir/src/turtle_frame.cpp.o[0m
[9.317s] [ 69%] Built target turtlesim__rosidl_typesupport_introspection_cpp
[9.329s] [ 70%] [32mBuilding CXX object CMakeFiles/turtlesim_node.dir/include/turtlesim/moc_turtle_frame.cpp.o[0m
[9.432s] [ 71%] [32mBuilding CXX object CMakeFiles/turtlesim__rosidl_typesupport_fastrtps_c.dir/rosidl_typesupport_fastrtps_c/turtlesim/srv/detail/set_pen__type_support_c.cpp.o[0m
[9.721s] [ 72%] [32mBuilding CXX object CMakeFiles/turtlesim__rosidl_typesupport_fastrtps_cpp.dir/rosidl_typesupport_fastrtps_cpp/turtlesim/srv/detail/dds_fastrtps/teleport_absolute__type_support.cpp.o[0m
[9.759s] [ 73%] [32mBuilding CXX object CMakeFiles/turtlesim__rosidl_typesupport_fastrtps_cpp.dir/rosidl_typesupport_fastrtps_cpp/turtlesim/srv/detail/dds_fastrtps/teleport_relative__type_support.cpp.o[0m
[9.773s] [ 74%] [32mBuilding CXX object CMakeFiles/turtlesim__rosidl_typesupport_fastrtps_c.dir/rosidl_typesupport_fastrtps_c/turtlesim/srv/detail/spawn__type_support_c.cpp.o[0m
[9.964s] [ 75%] [32mBuilding CXX object CMakeFiles/turtlesim__rosidl_typesupport_fastrtps_c.dir/rosidl_typesupport_fastrtps_c/turtlesim/srv/detail/teleport_absolute__type_support_c.cpp.o[0m
[9.981s] [ 76%] [32mBuilding CXX object CMakeFiles/mimic.dir/tutorials/mimic.cpp.o[0m
[10.185s] [ 77%] [32mBuilding CXX object CMakeFiles/turtlesim__rosidl_typesupport_fastrtps_c.dir/rosidl_typesupport_fastrtps_c/turtlesim/srv/detail/teleport_relative__type_support_c.cpp.o[0m
[10.874s] [ 78%] [32m[1mLinking CXX shared library libturtlesim__rosidl_typesupport_fastrtps_cpp.so[0m
[10.944s] [ 79%] [32m[1mLinking CXX shared library libturtlesim__rosidl_typesupport_fastrtps_c.so[0m
[11.016s] [ 79%] Built target turtlesim__rosidl_typesupport_fastrtps_cpp
[11.095s] [ 79%] Built target turtlesim__rosidl_typesupport_fastrtps_c
[11.109s] [ 79%] Built target turtlesim
[11.127s] [ 80%] [34m[1mGenerating Python code for ROS interfaces[0m
[14.387s] [ 80%] Built target turtlesim__py
[14.401s] [ 81%] [32mBuilding C object CMakeFiles/turtlesim__rosidl_generator_py.dir/rosidl_generator_py/turtlesim/action/_rotate_absolute_s.c.o[0m
[14.401s] [ 82%] [32mBuilding C object CMakeFiles/turtlesim__rosidl_generator_py.dir/rosidl_generator_py/turtlesim/msg/_color_s.c.o[0m
[14.406s] [ 84%] [32mBuilding C object CMakeFiles/turtlesim__rosidl_generator_py.dir/rosidl_generator_py/turtlesim/srv/_kill_s.c.o[0m
[14.407s] [ 84%] [32mBuilding C object CMakeFiles/turtlesim__rosidl_generator_py.dir/rosidl_generator_py/turtlesim/msg/_pose_s.c.o[0m
[14.407s] [ 85%] [32mBuilding C object CMakeFiles/turtlesim__rosidl_generator_py.dir/rosidl_generator_py/turtlesim/srv/_set_pen_s.c.o[0m
[14.776s] [ 87%] [32mBuilding C object CMakeFiles/turtlesim__rosidl_generator_py.dir/rosidl_generator_py/turtlesim/srv/_spawn_s.c.o[0m
[14.777s] [ 87%] [32mBuilding C object CMakeFiles/turtlesim__rosidl_generator_py.dir/rosidl_generator_py/turtlesim/srv/_teleport_absolute_s.c.o[0m
[14.809s] [ 88%] [32mBuilding C object CMakeFiles/turtlesim__rosidl_generator_py.dir/rosidl_generator_py/turtlesim/srv/_teleport_relative_s.c.o[0m
[15.096s] [ 89%] [32m[1mLinking C shared library rosidl_generator_py/turtlesim/libturtlesim__rosidl_generator_py.so[0m
[15.139s] [ 89%] Built target turtlesim__rosidl_generator_py
[15.156s] [ 90%] [32mBuilding C object CMakeFiles/turtlesim__rosidl_typesupport_introspection_c__pyext.dir/rosidl_generator_py/turtlesim/_turtlesim_s.ep.rosidl_typesupport_introspection_c.c.o[0m
[15.158s] [ 91%] [32mBuilding C object CMakeFiles/turtlesim__rosidl_typesupport_c__pyext.dir/rosidl_generator_py/turtlesim/_turtlesim_s.ep.rosidl_typesupport_c.c.o[0m
[15.161s] [ 92%] [32mBuilding C object CMakeFiles/turtlesim__rosidl_typesupport_fastrtps_c__pyext.dir/rosidl_generator_py/turtlesim/_turtlesim_s.ep.rosidl_typesupport_fastrtps_c.c.o[0m
[15.507s] [ 93%] [32m[1mLinking C shared library rosidl_generator_py/turtlesim/turtlesim_s__rosidl_typesupport_introspection_c.cpython-310-x86_64-linux-gnu.so[0m
[15.534s] [ 94%] [32m[1mLinking C shared library rosidl_generator_py/turtlesim/turtlesim_s__rosidl_typesupport_c.cpython-310-x86_64-linux-gnu.so[0m
[15.557s] [ 95%] [32m[1mLinking C shared library rosidl_generator_py/turtlesim/turtlesim_s__rosidl_typesupport_fastrtps_c.cpython-310-x86_64-linux-gnu.so[0m
[15.565s] [ 95%] Built target turtlesim__rosidl_typesupport_introspection_c__pyext
[15.598s] [ 95%] Built target turtlesim__rosidl_typesupport_c__pyext
[15.609s] [ 95%] Built target turtlesim__rosidl_typesupport_fastrtps_c__pyext
[19.605s] [ 96%] [32m[1mLinking CXX executable turtle_teleop_key[0m
[19.913s] [ 96%] Built target turtle_teleop_key
[23.142s] [ 97%] [32m[1mLinking CXX executable mimic[0m
[23.335s] [ 98%] [32m[1mLinking CXX executable draw_square[0m
[23.649s] [ 98%] Built target mimic
[23.840s] [ 98%] Built target draw_square
[26.265s] [100%] [32m[1mLinking CXX executable turtlesim_node[0m
[27.890s] [100%] Built target turtlesim_node
[27.895s] Invoked command in '/home/aihemel/ros2_ws/build/turtlesim' returned '0': CMAKE_PREFIX_PATH=${CMAKE_PREFIX_PATH}:/home/aihemel/ros2_ws/install/bumperbot_py_examples:/opt/ros/humble /usr/local/bin/cmake --build /home/aihemel/ros2_ws/build/turtlesim -- -j12 -l12
[27.896s] Invoking command in '/home/aihemel/ros2_ws/build/turtlesim': CMAKE_PREFIX_PATH=${CMAKE_PREFIX_PATH}:/home/aihemel/ros2_ws/install/bumperbot_py_examples:/opt/ros/humble /usr/local/bin/cmake --install /home/aihemel/ros2_ws/build/turtlesim
[27.898s] -- Install configuration: ""
[27.898s] -- Installing: /home/aihemel/ros2_ws/install/turtlesim/share/ament_index/resource_index/rosidl_interfaces/turtlesim
[27.898s] -- Installing: /home/aihemel/ros2_ws/install/turtlesim/include/turtlesim/turtlesim
[27.898s] -- Installing: /home/aihemel/ros2_ws/install/turtlesim/include/turtlesim/turtlesim/action
[27.898s] -- Installing: /home/aihemel/ros2_ws/install/turtlesim/include/turtlesim/turtlesim/action/detail
[27.898s] -- Installing: /home/aihemel/ros2_ws/install/turtlesim/include/turtlesim/turtlesim/action/detail/rotate_absolute__functions.c
[27.898s] -- Installing: /home/aihemel/ros2_ws/install/turtlesim/include/turtlesim/turtlesim/action/detail/rotate_absolute__struct.h
[27.899s] -- Installing: /home/aihemel/ros2_ws/install/turtlesim/include/turtlesim/turtlesim/action/detail/rotate_absolute__functions.h
[27.899s] -- Installing: /home/aihemel/ros2_ws/install/turtlesim/include/turtlesim/turtlesim/action/detail/rotate_absolute__type_support.h
[27.899s] -- Installing: /home/aihemel/ros2_ws/install/turtlesim/include/turtlesim/turtlesim/action/rotate_absolute.h
[27.899s] -- Installing: /home/aihemel/ros2_ws/install/turtlesim/include/turtlesim/turtlesim/srv
[27.899s] -- Installing: /home/aihemel/ros2_ws/install/turtlesim/include/turtlesim/turtlesim/srv/detail
[27.899s] -- Installing: /home/aihemel/ros2_ws/install/turtlesim/include/turtlesim/turtlesim/srv/detail/kill__struct.h
[27.899s] -- Installing: /home/aihemel/ros2_ws/install/turtlesim/include/turtlesim/turtlesim/srv/detail/kill__functions.c
[27.899s] -- Installing: /home/aihemel/ros2_ws/install/turtlesim/include/turtlesim/turtlesim/srv/detail/teleport_relative__type_support.h
[27.899s] -- Installing: /home/aihemel/ros2_ws/install/turtlesim/include/turtlesim/turtlesim/srv/detail/teleport_absolute__functions.c
[27.899s] -- Installing: /home/aihemel/ros2_ws/install/turtlesim/include/turtlesim/turtlesim/srv/detail/teleport_absolute__type_support.h
[27.899s] -- Installing: /home/aihemel/ros2_ws/install/turtlesim/include/turtlesim/turtlesim/srv/detail/spawn__functions.c
[27.899s] -- Installing: /home/aihemel/ros2_ws/install/turtlesim/include/turtlesim/turtlesim/srv/detail/set_pen__functions.c
[27.899s] -- Installing: /home/aihemel/ros2_ws/install/turtlesim/include/turtlesim/turtlesim/srv/detail/spawn__functions.h
[27.899s] -- Installing: /home/aihemel/ros2_ws/install/turtlesim/include/turtlesim/turtlesim/srv/detail/teleport_absolute__functions.h
[27.899s] -- Installing: /home/aihemel/ros2_ws/install/turtlesim/include/turtlesim/turtlesim/srv/detail/set_pen__struct.h
[27.899s] -- Installing: /home/aihemel/ros2_ws/install/turtlesim/include/turtlesim/turtlesim/srv/detail/set_pen__functions.h
[27.899s] -- Installing: /home/aihemel/ros2_ws/install/turtlesim/include/turtlesim/turtlesim/srv/detail/spawn__struct.h
[27.899s] -- Installing: /home/aihemel/ros2_ws/install/turtlesim/include/turtlesim/turtlesim/srv/detail/spawn__type_support.h
[27.900s] -- Installing: /home/aihemel/ros2_ws/install/turtlesim/include/turtlesim/turtlesim/srv/detail/teleport_relative__functions.h
[27.900s] -- Installing: /home/aihemel/ros2_ws/install/turtlesim/include/turtlesim/turtlesim/srv/detail/kill__functions.h
[27.900s] -- Installing: /home/aihemel/ros2_ws/install/turtlesim/include/turtlesim/turtlesim/srv/detail/kill__type_support.h
[27.900s] -- Installing: /home/aihemel/ros2_ws/install/turtlesim/include/turtlesim/turtlesim/srv/detail/teleport_relative__functions.c
[27.900s] -- Installing: /home/aihemel/ros2_ws/install/turtlesim/include/turtlesim/turtlesim/srv/detail/teleport_relative__struct.h
[27.900s] -- Installing: /home/aihemel/ros2_ws/install/turtlesim/include/turtlesim/turtlesim/srv/detail/set_pen__type_support.h
[27.900s] -- Installing: /home/aihemel/ros2_ws/install/turtlesim/include/turtlesim/turtlesim/srv/detail/teleport_absolute__struct.h
[27.900s] -- Installing: /home/aihemel/ros2_ws/install/turtlesim/include/turtlesim/turtlesim/srv/spawn.h
[27.900s] -- Installing: /home/aihemel/ros2_ws/install/turtlesim/include/turtlesim/turtlesim/srv/set_pen.h
[27.900s] -- Installing: /home/aihemel/ros2_ws/install/turtlesim/include/turtlesim/turtlesim/srv/teleport_absolute.h
[27.900s] -- Installing: /home/aihemel/ros2_ws/install/turtlesim/include/turtlesim/turtlesim/srv/kill.h
[27.900s] -- Installing: /home/aihemel/ros2_ws/install/turtlesim/include/turtlesim/turtlesim/srv/teleport_relative.h
[27.900s] -- Installing: /home/aihemel/ros2_ws/install/turtlesim/include/turtlesim/turtlesim/msg
[27.900s] -- Installing: /home/aihemel/ros2_ws/install/turtlesim/include/turtlesim/turtlesim/msg/color.h
[27.900s] -- Installing: /home/aihemel/ros2_ws/install/turtlesim/include/turtlesim/turtlesim/msg/detail
[27.900s] -- Installing: /home/aihemel/ros2_ws/install/turtlesim/include/turtlesim/turtlesim/msg/detail/color__type_support.h
[27.900s] -- Installing: /home/aihemel/ros2_ws/install/turtlesim/include/turtlesim/turtlesim/msg/detail/pose__functions.c
[27.900s] -- Installing: /home/aihemel/ros2_ws/install/turtlesim/include/turtlesim/turtlesim/msg/detail/pose__type_support.h
[27.900s] -- Installing: /home/aihemel/ros2_ws/install/turtlesim/include/turtlesim/turtlesim/msg/detail/color__functions.c
[27.900s] -- Installing: /home/aihemel/ros2_ws/install/turtlesim/include/turtlesim/turtlesim/msg/detail/color__struct.h
[27.900s] -- Installing: /home/aihemel/ros2_ws/install/turtlesim/include/turtlesim/turtlesim/msg/detail/color__functions.h
[27.900s] -- Installing: /home/aihemel/ros2_ws/install/turtlesim/include/turtlesim/turtlesim/msg/detail/pose__struct.h
[27.900s] -- Installing: /home/aihemel/ros2_ws/install/turtlesim/include/turtlesim/turtlesim/msg/detail/pose__functions.h
[27.901s] -- Installing: /home/aihemel/ros2_ws/install/turtlesim/include/turtlesim/turtlesim/msg/rosidl_generator_c__visibility_control.h
[27.901s] -- Installing: /home/aihemel/ros2_ws/install/turtlesim/include/turtlesim/turtlesim/msg/pose.h
[27.901s] -- Installing: /home/aihemel/ros2_ws/install/turtlesim/share/turtlesim/environment/library_path.sh
[27.901s] -- Installing: /home/aihemel/ros2_ws/install/turtlesim/share/turtlesim/environment/library_path.dsv
[27.901s] -- Installing: /home/aihemel/ros2_ws/install/turtlesim/lib/libturtlesim__rosidl_generator_c.so
[27.901s] -- Set runtime path of "/home/aihemel/ros2_ws/install/turtlesim/lib/libturtlesim__rosidl_generator_c.so" to ""
[27.901s] -- Up-to-date: /home/aihemel/ros2_ws/install/turtlesim/include/turtlesim/turtlesim
[27.901s] -- Up-to-date: /home/aihemel/ros2_ws/install/turtlesim/include/turtlesim/turtlesim/action
[27.901s] -- Up-to-date: /home/aihemel/ros2_ws/install/turtlesim/include/turtlesim/turtlesim/action/detail
[27.901s] -- Installing: /home/aihemel/ros2_ws/install/turtlesim/include/turtlesim/turtlesim/action/detail/rotate_absolute__rosidl_typesupport_fastrtps_c.h
[27.901s] -- Up-to-date: /home/aihemel/ros2_ws/install/turtlesim/include/turtlesim/turtlesim/srv
[27.901s] -- Up-to-date: /home/aihemel/ros2_ws/install/turtlesim/include/turtlesim/turtlesim/srv/detail
[27.901s] -- Installing: /home/aihemel/ros2_ws/install/turtlesim/include/turtlesim/turtlesim/srv/detail/teleport_absolute__rosidl_typesupport_fastrtps_c.h
[27.901s] -- Installing: /home/aihemel/ros2_ws/install/turtlesim/include/turtlesim/turtlesim/srv/detail/kill__rosidl_typesupport_fastrtps_c.h
[27.901s] -- Installing: /home/aihemel/ros2_ws/install/turtlesim/include/turtlesim/turtlesim/srv/detail/set_pen__rosidl_typesupport_fastrtps_c.h
[27.901s] -- Installing: /home/aihemel/ros2_ws/install/turtlesim/include/turtlesim/turtlesim/srv/detail/spawn__rosidl_typesupport_fastrtps_c.h
[27.901s] -- Installing: /home/aihemel/ros2_ws/install/turtlesim/include/turtlesim/turtlesim/srv/detail/teleport_relative__rosidl_typesupport_fastrtps_c.h
[27.902s] -- Up-to-date: /home/aihemel/ros2_ws/install/turtlesim/include/turtlesim/turtlesim/msg
[27.902s] -- Installing: /home/aihemel/ros2_ws/install/turtlesim/include/turtlesim/turtlesim/msg/rosidl_typesupport_fastrtps_c__visibility_control.h
[27.902s] -- Up-to-date: /home/aihemel/ros2_ws/install/turtlesim/include/turtlesim/turtlesim/msg/detail
[27.902s] -- Installing: /home/aihemel/ros2_ws/install/turtlesim/include/turtlesim/turtlesim/msg/detail/pose__rosidl_typesupport_fastrtps_c.h
[27.902s] -- Installing: /home/aihemel/ros2_ws/install/turtlesim/include/turtlesim/turtlesim/msg/detail/color__rosidl_typesupport_fastrtps_c.h
[27.902s] -- Installing: /home/aihemel/ros2_ws/install/turtlesim/lib/libturtlesim__rosidl_typesupport_fastrtps_c.so
[27.902s] -- Set runtime path of "/home/aihemel/ros2_ws/install/turtlesim/lib/libturtlesim__rosidl_typesupport_fastrtps_c.so" to ""
[27.902s] -- Up-to-date: /home/aihemel/ros2_ws/install/turtlesim/include/turtlesim/turtlesim
[27.902s] -- Up-to-date: /home/aihemel/ros2_ws/install/turtlesim/include/turtlesim/turtlesim/action
[27.902s] -- Installing: /home/aihemel/ros2_ws/install/turtlesim/include/turtlesim/turtlesim/action/rotate_absolute.hpp
[27.902s] -- Up-to-date: /home/aihemel/ros2_ws/install/turtlesim/include/turtlesim/turtlesim/action/detail
[27.902s] -- Installing: /home/aihemel/ros2_ws/install/turtlesim/include/turtlesim/turtlesim/action/detail/rotate_absolute__builder.hpp
[27.902s] -- Installing: /home/aihemel/ros2_ws/install/turtlesim/include/turtlesim/turtlesim/action/detail/rotate_absolute__traits.hpp
[27.902s] -- Installing: /home/aihemel/ros2_ws/install/turtlesim/include/turtlesim/turtlesim/action/detail/rotate_absolute__type_support.hpp
[27.902s] -- Installing: /home/aihemel/ros2_ws/install/turtlesim/include/turtlesim/turtlesim/action/detail/rotate_absolute__struct.hpp
[27.902s] -- Up-to-date: /home/aihemel/ros2_ws/install/turtlesim/include/turtlesim/turtlesim/srv
[27.902s] -- Installing: /home/aihemel/ros2_ws/install/turtlesim/include/turtlesim/turtlesim/srv/kill.hpp
[27.903s] -- Up-to-date: /home/aihemel/ros2_ws/install/turtlesim/include/turtlesim/turtlesim/srv/detail
[27.903s] -- Installing: /home/aihemel/ros2_ws/install/turtlesim/include/turtlesim/turtlesim/srv/detail/kill__type_support.hpp
[27.903s] -- Installing: /home/aihemel/ros2_ws/install/turtlesim/include/turtlesim/turtlesim/srv/detail/teleport_relative__struct.hpp
[27.903s] -- Installing: /home/aihemel/ros2_ws/install/turtlesim/include/turtlesim/turtlesim/srv/detail/set_pen__struct.hpp
[27.903s] -- Installing: /home/aihemel/ros2_ws/install/turtlesim/include/turtlesim/turtlesim/srv/detail/set_pen__type_support.hpp
[27.903s] -- Installing: /home/aihemel/ros2_ws/install/turtlesim/include/turtlesim/turtlesim/srv/detail/teleport_relative__traits.hpp
[27.903s] -- Installing: /home/aihemel/ros2_ws/install/turtlesim/include/turtlesim/turtlesim/srv/detail/spawn__type_support.hpp
[27.903s] -- Installing: /home/aihemel/ros2_ws/install/turtlesim/include/turtlesim/turtlesim/srv/detail/teleport_absolute__struct.hpp
[27.903s] -- Installing: /home/aihemel/ros2_ws/install/turtlesim/include/turtlesim/turtlesim/srv/detail/teleport_absolute__type_support.hpp
[27.903s] -- Installing: /home/aihemel/ros2_ws/install/turtlesim/include/turtlesim/turtlesim/srv/detail/spawn__traits.hpp
[27.903s] -- Installing: /home/aihemel/ros2_ws/install/turtlesim/include/turtlesim/turtlesim/srv/detail/kill__struct.hpp
[27.903s] -- Installing: /home/aihemel/ros2_ws/install/turtlesim/include/turtlesim/turtlesim/srv/detail/teleport_relative__builder.hpp
[27.903s] -- Installing: /home/aihemel/ros2_ws/install/turtlesim/include/turtlesim/turtlesim/srv/detail/teleport_absolute__builder.hpp
[27.903s] -- Installing: /home/aihemel/ros2_ws/install/turtlesim/include/turtlesim/turtlesim/srv/detail/spawn__struct.hpp
[27.903s] -- Installing: /home/aihemel/ros2_ws/install/turtlesim/include/turtlesim/turtlesim/srv/detail/spawn__builder.hpp
[27.903s] -- Installing: /home/aihemel/ros2_ws/install/turtlesim/include/turtlesim/turtlesim/srv/detail/set_pen__traits.hpp
[27.903s] -- Installing: /home/aihemel/ros2_ws/install/turtlesim/include/turtlesim/turtlesim/srv/detail/teleport_absolute__traits.hpp
[27.903s] -- Installing: /home/aihemel/ros2_ws/install/turtlesim/include/turtlesim/turtlesim/srv/detail/kill__builder.hpp
[27.903s] -- Installing: /home/aihemel/ros2_ws/install/turtlesim/include/turtlesim/turtlesim/srv/detail/set_pen__builder.hpp
[27.903s] -- Installing: /home/aihemel/ros2_ws/install/turtlesim/include/turtlesim/turtlesim/srv/detail/kill__traits.hpp
[27.904s] -- Installing: /home/aihemel/ros2_ws/install/turtlesim/include/turtlesim/turtlesim/srv/detail/teleport_relative__type_support.hpp
[27.904s] -- Installing: /home/aihemel/ros2_ws/install/turtlesim/include/turtlesim/turtlesim/srv/spawn.hpp
[27.904s] -- Installing: /home/aihemel/ros2_ws/install/turtlesim/include/turtlesim/turtlesim/srv/teleport_relative.hpp
[27.904s] -- Installing: /home/aihemel/ros2_ws/install/turtlesim/include/turtlesim/turtlesim/srv/set_pen.hpp
[27.904s] -- Installing: /home/aihemel/ros2_ws/install/turtlesim/include/turtlesim/turtlesim/srv/teleport_absolute.hpp
[27.904s] -- Up-to-date: /home/aihemel/ros2_ws/install/turtlesim/include/turtlesim/turtlesim/msg
[27.904s] -- Installing: /home/aihemel/ros2_ws/install/turtlesim/include/turtlesim/turtlesim/msg/rosidl_generator_cpp__visibility_control.hpp
[27.904s] -- Up-to-date: /home/aihemel/ros2_ws/install/turtlesim/include/turtlesim/turtlesim/msg/detail
[27.904s] -- Installing: /home/aihemel/ros2_ws/install/turtlesim/include/turtlesim/turtlesim/msg/detail/pose__traits.hpp
[27.904s] -- Installing: /home/aihemel/ros2_ws/install/turtlesim/include/turtlesim/turtlesim/msg/detail/color__struct.hpp
[27.904s] -- Installing: /home/aihemel/ros2_ws/install/turtlesim/include/turtlesim/turtlesim/msg/detail/pose__builder.hpp
[27.904s] -- Installing: /home/aihemel/ros2_ws/install/turtlesim/include/turtlesim/turtlesim/msg/detail/color__traits.hpp
[27.904s] -- Installing: /home/aihemel/ros2_ws/install/turtlesim/include/turtlesim/turtlesim/msg/detail/pose__type_support.hpp
[27.904s] -- Installing: /home/aihemel/ros2_ws/install/turtlesim/include/turtlesim/turtlesim/msg/detail/pose__struct.hpp
[27.904s] -- Installing: /home/aihemel/ros2_ws/install/turtlesim/include/turtlesim/turtlesim/msg/detail/color__type_support.hpp
[27.904s] -- Installing: /home/aihemel/ros2_ws/install/turtlesim/include/turtlesim/turtlesim/msg/detail/color__builder.hpp
[27.904s] -- Installing: /home/aihemel/ros2_ws/install/turtlesim/include/turtlesim/turtlesim/msg/color.hpp
[27.904s] -- Installing: /home/aihemel/ros2_ws/install/turtlesim/include/turtlesim/turtlesim/msg/pose.hpp
[27.904s] -- Up-to-date: /home/aihemel/ros2_ws/install/turtlesim/include/turtlesim/turtlesim
[27.904s] -- Up-to-date: /home/aihemel/ros2_ws/install/turtlesim/include/turtlesim/turtlesim/action
[27.905s] -- Up-to-date: /home/aihemel/ros2_ws/install/turtlesim/include/turtlesim/turtlesim/action/detail
[27.905s] -- Installing: /home/aihemel/ros2_ws/install/turtlesim/include/turtlesim/turtlesim/action/detail/dds_fastrtps
[27.905s] -- Installing: /home/aihemel/ros2_ws/install/turtlesim/include/turtlesim/turtlesim/action/detail/rotate_absolute__rosidl_typesupport_fastrtps_cpp.hpp
[27.905s] -- Up-to-date: /home/aihemel/ros2_ws/install/turtlesim/include/turtlesim/turtlesim/srv
[27.905s] -- Up-to-date: /home/aihemel/ros2_ws/install/turtlesim/include/turtlesim/turtlesim/srv/detail
[27.905s] -- Installing: /home/aihemel/ros2_ws/install/turtlesim/include/turtlesim/turtlesim/srv/detail/teleport_absolute__rosidl_typesupport_fastrtps_cpp.hpp
[27.905s] -- Installing: /home/aihemel/ros2_ws/install/turtlesim/include/turtlesim/turtlesim/srv/detail/spawn__rosidl_typesupport_fastrtps_cpp.hpp
[27.905s] -- Installing: /home/aihemel/ros2_ws/install/turtlesim/include/turtlesim/turtlesim/srv/detail/teleport_relative__rosidl_typesupport_fastrtps_cpp.hpp
[27.905s] -- Installing: /home/aihemel/ros2_ws/install/turtlesim/include/turtlesim/turtlesim/srv/detail/dds_fastrtps
[27.905s] -- Installing: /home/aihemel/ros2_ws/install/turtlesim/include/turtlesim/turtlesim/srv/detail/kill__rosidl_typesupport_fastrtps_cpp.hpp
[27.905s] -- Installing: /home/aihemel/ros2_ws/install/turtlesim/include/turtlesim/turtlesim/srv/detail/set_pen__rosidl_typesupport_fastrtps_cpp.hpp
[27.905s] -- Up-to-date: /home/aihemel/ros2_ws/install/turtlesim/include/turtlesim/turtlesim/msg
[27.905s] -- Up-to-date: /home/aihemel/ros2_ws/install/turtlesim/include/turtlesim/turtlesim/msg/detail
[27.905s] -- Installing: /home/aihemel/ros2_ws/install/turtlesim/include/turtlesim/turtlesim/msg/detail/color__rosidl_typesupport_fastrtps_cpp.hpp
[27.905s] -- Installing: /home/aihemel/ros2_ws/install/turtlesim/include/turtlesim/turtlesim/msg/detail/pose__rosidl_typesupport_fastrtps_cpp.hpp
[27.905s] -- Installing: /home/aihemel/ros2_ws/install/turtlesim/include/turtlesim/turtlesim/msg/detail/dds_fastrtps
[27.905s] -- Installing: /home/aihemel/ros2_ws/install/turtlesim/include/turtlesim/turtlesim/msg/rosidl_typesupport_fastrtps_cpp__visibility_control.h
[27.905s] -- Installing: /home/aihemel/ros2_ws/install/turtlesim/lib/libturtlesim__rosidl_typesupport_fastrtps_cpp.so
[27.905s] -- Set runtime path of "/home/aihemel/ros2_ws/install/turtlesim/lib/libturtlesim__rosidl_typesupport_fastrtps_cpp.so" to ""
[27.905s] -- Up-to-date: /home/aihemel/ros2_ws/install/turtlesim/include/turtlesim/turtlesim
[27.905s] -- Up-to-date: /home/aihemel/ros2_ws/install/turtlesim/include/turtlesim/turtlesim/action
[27.906s] -- Up-to-date: /home/aihemel/ros2_ws/install/turtlesim/include/turtlesim/turtlesim/action/detail
[27.906s] -- Installing: /home/aihemel/ros2_ws/install/turtlesim/include/turtlesim/turtlesim/action/detail/rotate_absolute__rosidl_typesupport_introspection_c.h
[27.906s] -- Installing: /home/aihemel/ros2_ws/install/turtlesim/include/turtlesim/turtlesim/action/detail/rotate_absolute__type_support.c
[27.906s] -- Up-to-date: /home/aihemel/ros2_ws/install/turtlesim/include/turtlesim/turtlesim/srv
[27.906s] -- Up-to-date: /home/aihemel/ros2_ws/install/turtlesim/include/turtlesim/turtlesim/srv/detail
[27.906s] -- Installing: /home/aihemel/ros2_ws/install/turtlesim/include/turtlesim/turtlesim/srv/detail/teleport_relative__rosidl_typesupport_introspection_c.h
[27.906s] -- Installing: /home/aihemel/ros2_ws/install/turtlesim/include/turtlesim/turtlesim/srv/detail/teleport_absolute__rosidl_typesupport_introspection_c.h
[27.906s] -- Installing: /home/aihemel/ros2_ws/install/turtlesim/include/turtlesim/turtlesim/srv/detail/set_pen__type_support.c
[27.906s] -- Installing: /home/aihemel/ros2_ws/install/turtlesim/include/turtlesim/turtlesim/srv/detail/kill__rosidl_typesupport_introspection_c.h
[27.906s] -- Installing: /home/aihemel/ros2_ws/install/turtlesim/include/turtlesim/turtlesim/srv/detail/teleport_absolute__type_support.c
[27.906s] -- Installing: /home/aihemel/ros2_ws/install/turtlesim/include/turtlesim/turtlesim/srv/detail/spawn__type_support.c
[27.906s] -- Installing: /home/aihemel/ros2_ws/install/turtlesim/include/turtlesim/turtlesim/srv/detail/set_pen__rosidl_typesupport_introspection_c.h
[27.906s] -- Installing: /home/aihemel/ros2_ws/install/turtlesim/include/turtlesim/turtlesim/srv/detail/teleport_relative__type_support.c
[27.906s] -- Installing: /home/aihemel/ros2_ws/install/turtlesim/include/turtlesim/turtlesim/srv/detail/kill__type_support.c
[27.907s] -- Installing: /home/aihemel/ros2_ws/install/turtlesim/include/turtlesim/turtlesim/srv/detail/spawn__rosidl_typesupport_introspection_c.h
[27.907s] -- Up-to-date: /home/aihemel/ros2_ws/install/turtlesim/include/turtlesim/turtlesim/msg
[27.907s] -- Up-to-date: /home/aihemel/ros2_ws/install/turtlesim/include/turtlesim/turtlesim/msg/detail
[27.907s] -- Installing: /home/aihemel/ros2_ws/install/turtlesim/include/turtlesim/turtlesim/msg/detail/pose__type_support.c
[27.907s] -- Installing: /home/aihemel/ros2_ws/install/turtlesim/include/turtlesim/turtlesim/msg/detail/pose__rosidl_typesupport_introspection_c.h
[27.907s] -- Installing: /home/aihemel/ros2_ws/install/turtlesim/include/turtlesim/turtlesim/msg/detail/color__type_support.c
[27.907s] -- Installing: /home/aihemel/ros2_ws/install/turtlesim/include/turtlesim/turtlesim/msg/detail/color__rosidl_typesupport_introspection_c.h
[27.907s] -- Installing: /home/aihemel/ros2_ws/install/turtlesim/include/turtlesim/turtlesim/msg/rosidl_typesupport_introspection_c__visibility_control.h
[27.907s] -- Installing: /home/aihemel/ros2_ws/install/turtlesim/lib/libturtlesim__rosidl_typesupport_introspection_c.so
[27.907s] -- Set runtime path of "/home/aihemel/ros2_ws/install/turtlesim/lib/libturtlesim__rosidl_typesupport_introspection_c.so" to ""
[27.907s] -- Installing: /home/aihemel/ros2_ws/install/turtlesim/lib/libturtlesim__rosidl_typesupport_c.so
[27.908s] -- Set runtime path of "/home/aihemel/ros2_ws/install/turtlesim/lib/libturtlesim__rosidl_typesupport_c.so" to ""
[27.908s] -- Up-to-date: /home/aihemel/ros2_ws/install/turtlesim/include/turtlesim/turtlesim
[27.908s] -- Up-to-date: /home/aihemel/ros2_ws/install/turtlesim/include/turtlesim/turtlesim/action
[27.908s] -- Up-to-date: /home/aihemel/ros2_ws/install/turtlesim/include/turtlesim/turtlesim/action/detail
[27.908s] -- Installing: /home/aihemel/ros2_ws/install/turtlesim/include/turtlesim/turtlesim/action/detail/rotate_absolute__rosidl_typesupport_introspection_cpp.hpp
[27.908s] -- Installing: /home/aihemel/ros2_ws/install/turtlesim/include/turtlesim/turtlesim/action/detail/rotate_absolute__type_support.cpp
[27.908s] -- Up-to-date: /home/aihemel/ros2_ws/install/turtlesim/include/turtlesim/turtlesim/srv
[27.908s] -- Up-to-date: /home/aihemel/ros2_ws/install/turtlesim/include/turtlesim/turtlesim/srv/detail
[27.908s] -- Installing: /home/aihemel/ros2_ws/install/turtlesim/include/turtlesim/turtlesim/srv/detail/spawn__type_support.cpp
[27.908s] -- Installing: /home/aihemel/ros2_ws/install/turtlesim/include/turtlesim/turtlesim/srv/detail/set_pen__type_support.cpp
[27.908s] -- Installing: /home/aihemel/ros2_ws/install/turtlesim/include/turtlesim/turtlesim/srv/detail/teleport_relative__type_support.cpp
[27.909s] -- Installing: /home/aihemel/ros2_ws/install/turtlesim/include/turtlesim/turtlesim/srv/detail/teleport_absolute__rosidl_typesupport_introspection_cpp.hpp
[27.909s] -- Installing: /home/aihemel/ros2_ws/install/turtlesim/include/turtlesim/turtlesim/srv/detail/spawn__rosidl_typesupport_introspection_cpp.hpp
[27.909s] -- Installing: /home/aihemel/ros2_ws/install/turtlesim/include/turtlesim/turtlesim/srv/detail/kill__rosidl_typesupport_introspection_cpp.hpp
[27.909s] -- Installing: /home/aihemel/ros2_ws/install/turtlesim/include/turtlesim/turtlesim/srv/detail/set_pen__rosidl_typesupport_introspection_cpp.hpp
[27.909s] -- Installing: /home/aihemel/ros2_ws/install/turtlesim/include/turtlesim/turtlesim/srv/detail/kill__type_support.cpp
[27.909s] -- Installing: /home/aihemel/ros2_ws/install/turtlesim/include/turtlesim/turtlesim/srv/detail/teleport_absolute__type_support.cpp
[27.909s] -- Installing: /home/aihemel/ros2_ws/install/turtlesim/include/turtlesim/turtlesim/srv/detail/teleport_relative__rosidl_typesupport_introspection_cpp.hpp
[27.909s] -- Up-to-date: /home/aihemel/ros2_ws/install/turtlesim/include/turtlesim/turtlesim/msg
[27.909s] -- Up-to-date: /home/aihemel/ros2_ws/install/turtlesim/include/turtlesim/turtlesim/msg/detail
[27.909s] -- Installing: /home/aihemel/ros2_ws/install/turtlesim/include/turtlesim/turtlesim/msg/detail/color__rosidl_typesupport_introspection_cpp.hpp
[27.909s] -- Installing: /home/aihemel/ros2_ws/install/turtlesim/include/turtlesim/turtlesim/msg/detail/pose__type_support.cpp
[27.909s] -- Installing: /home/aihemel/ros2_ws/install/turtlesim/include/turtlesim/turtlesim/msg/detail/color__type_support.cpp
[27.909s] -- Installing: /home/aihemel/ros2_ws/install/turtlesim/include/turtlesim/turtlesim/msg/detail/pose__rosidl_typesupport_introspection_cpp.hpp
[27.909s] -- Installing: /home/aihemel/ros2_ws/install/turtlesim/lib/libturtlesim__rosidl_typesupport_introspection_cpp.so
[27.909s] -- Set runtime path of "/home/aihemel/ros2_ws/install/turtlesim/lib/libturtlesim__rosidl_typesupport_introspection_cpp.so" to ""
[27.909s] -- Installing: /home/aihemel/ros2_ws/install/turtlesim/lib/libturtlesim__rosidl_typesupport_cpp.so
[27.910s] -- Set runtime path of "/home/aihemel/ros2_ws/install/turtlesim/lib/libturtlesim__rosidl_typesupport_cpp.so" to ""
[27.910s] -- Installing: /home/aihemel/ros2_ws/install/turtlesim/share/turtlesim/environment/pythonpath.sh
[27.910s] -- Installing: /home/aihemel/ros2_ws/install/turtlesim/share/turtlesim/environment/pythonpath.dsv
[27.910s] -- Installing: /home/aihemel/ros2_ws/install/turtlesim/local/lib/python3.10/dist-packages/turtlesim-1.4.2-py3.10.egg-info
[27.910s] -- Installing: /home/aihemel/ros2_ws/install/turtlesim/local/lib/python3.10/dist-packages/turtlesim-1.4.2-py3.10.egg-info/dependency_links.txt
[27.910s] -- Installing: /home/aihemel/ros2_ws/install/turtlesim/local/lib/python3.10/dist-packages/turtlesim-1.4.2-py3.10.egg-info/top_level.txt
[27.910s] -- Installing: /home/aihemel/ros2_ws/install/turtlesim/local/lib/python3.10/dist-packages/turtlesim-1.4.2-py3.10.egg-info/SOURCES.txt
[27.910s] -- Installing: /home/aihemel/ros2_ws/install/turtlesim/local/lib/python3.10/dist-packages/turtlesim-1.4.2-py3.10.egg-info/PKG-INFO
[27.910s] -- Installing: /home/aihemel/ros2_ws/install/turtlesim/local/lib/python3.10/dist-packages/turtlesim
[27.910s] -- Installing: /home/aihemel/ros2_ws/install/turtlesim/local/lib/python3.10/dist-packages/turtlesim/_turtlesim_s.ep.rosidl_typesupport_c.c
[27.910s] -- Installing: /home/aihemel/ros2_ws/install/turtlesim/local/lib/python3.10/dist-packages/turtlesim/turtlesim_s__rosidl_typesupport_fastrtps_c.cpython-310-x86_64-linux-gnu.so
[27.910s] -- Installing: /home/aihemel/ros2_ws/install/turtlesim/local/lib/python3.10/dist-packages/turtlesim/action
[27.910s] -- Installing: /home/aihemel/ros2_ws/install/turtlesim/local/lib/python3.10/dist-packages/turtlesim/action/__init__.py
[27.910s] -- Installing: /home/aihemel/ros2_ws/install/turtlesim/local/lib/python3.10/dist-packages/turtlesim/action/_rotate_absolute_s.c
[27.910s] -- Installing: /home/aihemel/ros2_ws/install/turtlesim/local/lib/python3.10/dist-packages/turtlesim/action/_rotate_absolute.py
[27.910s] -- Installing: /home/aihemel/ros2_ws/install/turtlesim/local/lib/python3.10/dist-packages/turtlesim/_turtlesim_s.ep.rosidl_typesupport_introspection_c.c
[27.910s] -- Installing: /home/aihemel/ros2_ws/install/turtlesim/local/lib/python3.10/dist-packages/turtlesim/srv
[27.910s] -- Installing: /home/aihemel/ros2_ws/install/turtlesim/local/lib/python3.10/dist-packages/turtlesim/srv/_spawn.py
[27.910s] -- Installing: /home/aihemel/ros2_ws/install/turtlesim/local/lib/python3.10/dist-packages/turtlesim/srv/_teleport_relative_s.c
[27.910s] -- Installing: /home/aihemel/ros2_ws/install/turtlesim/local/lib/python3.10/dist-packages/turtlesim/srv/__init__.py
[27.910s] -- Installing: /home/aihemel/ros2_ws/install/turtlesim/local/lib/python3.10/dist-packages/turtlesim/srv/_kill.py
[27.910s] -- Installing: /home/aihemel/ros2_ws/install/turtlesim/local/lib/python3.10/dist-packages/turtlesim/srv/_kill_s.c
[27.910s] -- Installing: /home/aihemel/ros2_ws/install/turtlesim/local/lib/python3.10/dist-packages/turtlesim/srv/_set_pen_s.c
[27.910s] -- Installing: /home/aihemel/ros2_ws/install/turtlesim/local/lib/python3.10/dist-packages/turtlesim/srv/_teleport_absolute_s.c
[27.911s] -- Installing: /home/aihemel/ros2_ws/install/turtlesim/local/lib/python3.10/dist-packages/turtlesim/srv/_teleport_relative.py
[27.911s] -- Installing: /home/aihemel/ros2_ws/install/turtlesim/local/lib/python3.10/dist-packages/turtlesim/srv/_set_pen.py
[27.911s] -- Installing: /home/aihemel/ros2_ws/install/turtlesim/local/lib/python3.10/dist-packages/turtlesim/srv/_teleport_absolute.py
[27.911s] -- Installing: /home/aihemel/ros2_ws/install/turtlesim/local/lib/python3.10/dist-packages/turtlesim/srv/_spawn_s.c
[27.911s] -- Installing: /home/aihemel/ros2_ws/install/turtlesim/local/lib/python3.10/dist-packages/turtlesim/__init__.py
[27.911s] -- Installing: /home/aihemel/ros2_ws/install/turtlesim/local/lib/python3.10/dist-packages/turtlesim/turtlesim_s__rosidl_typesupport_c.cpython-310-x86_64-linux-gnu.so
[27.911s] -- Installing: /home/aihemel/ros2_ws/install/turtlesim/local/lib/python3.10/dist-packages/turtlesim/_turtlesim_s.ep.rosidl_typesupport_fastrtps_c.c
[27.911s] -- Installing: /home/aihemel/ros2_ws/install/turtlesim/local/lib/python3.10/dist-packages/turtlesim/turtlesim_s__rosidl_typesupport_introspection_c.cpython-310-x86_64-linux-gnu.so
[27.911s] -- Installing: /home/aihemel/ros2_ws/install/turtlesim/local/lib/python3.10/dist-packages/turtlesim/libturtlesim__rosidl_generator_py.so
[27.911s] -- Installing: /home/aihemel/ros2_ws/install/turtlesim/local/lib/python3.10/dist-packages/turtlesim/msg
[27.911s] -- Installing: /home/aihemel/ros2_ws/install/turtlesim/local/lib/python3.10/dist-packages/turtlesim/msg/_pose.py
[27.911s] -- Installing: /home/aihemel/ros2_ws/install/turtlesim/local/lib/python3.10/dist-packages/turtlesim/msg/__init__.py
[27.911s] -- Installing: /home/aihemel/ros2_ws/install/turtlesim/local/lib/python3.10/dist-packages/turtlesim/msg/_pose_s.c
[27.911s] -- Installing: /home/aihemel/ros2_ws/install/turtlesim/local/lib/python3.10/dist-packages/turtlesim/msg/_color_s.c
[27.911s] -- Installing: /home/aihemel/ros2_ws/install/turtlesim/local/lib/python3.10/dist-packages/turtlesim/msg/_color.py
[27.946s] Listing '/home/aihemel/ros2_ws/install/turtlesim/local/lib/python3.10/dist-packages/turtlesim'...
[27.946s] Compiling '/home/aihemel/ros2_ws/install/turtlesim/local/lib/python3.10/dist-packages/turtlesim/__init__.py'...
[27.946s] Listing '/home/aihemel/ros2_ws/install/turtlesim/local/lib/python3.10/dist-packages/turtlesim/action'...
[27.946s] Compiling '/home/aihemel/ros2_ws/install/turtlesim/local/lib/python3.10/dist-packages/turtlesim/action/__init__.py'...
[27.946s] Compiling '/home/aihemel/ros2_ws/install/turtlesim/local/lib/python3.10/dist-packages/turtlesim/action/_rotate_absolute.py'...
[27.946s] Listing '/home/aihemel/ros2_ws/install/turtlesim/local/lib/python3.10/dist-packages/turtlesim/msg'...
[27.946s] Compiling '/home/aihemel/ros2_ws/install/turtlesim/local/lib/python3.10/dist-packages/turtlesim/msg/__init__.py'...
[27.946s] Compiling '/home/aihemel/ros2_ws/install/turtlesim/local/lib/python3.10/dist-packages/turtlesim/msg/_color.py'...
[27.946s] Compiling '/home/aihemel/ros2_ws/install/turtlesim/local/lib/python3.10/dist-packages/turtlesim/msg/_pose.py'...
[27.946s] Listing '/home/aihemel/ros2_ws/install/turtlesim/local/lib/python3.10/dist-packages/turtlesim/srv'...
[27.946s] Compiling '/home/aihemel/ros2_ws/install/turtlesim/local/lib/python3.10/dist-packages/turtlesim/srv/__init__.py'...
[27.946s] Compiling '/home/aihemel/ros2_ws/install/turtlesim/local/lib/python3.10/dist-packages/turtlesim/srv/_kill.py'...
[27.946s] Compiling '/home/aihemel/ros2_ws/install/turtlesim/local/lib/python3.10/dist-packages/turtlesim/srv/_set_pen.py'...
[27.947s] Compiling '/home/aihemel/ros2_ws/install/turtlesim/local/lib/python3.10/dist-packages/turtlesim/srv/_spawn.py'...
[27.947s] Compiling '/home/aihemel/ros2_ws/install/turtlesim/local/lib/python3.10/dist-packages/turtlesim/srv/_teleport_absolute.py'...
[27.947s] Compiling '/home/aihemel/ros2_ws/install/turtlesim/local/lib/python3.10/dist-packages/turtlesim/srv/_teleport_relative.py'...
[27.950s] -- Installing: /home/aihemel/ros2_ws/install/turtlesim/local/lib/python3.10/dist-packages/turtlesim/turtlesim_s__rosidl_typesupport_fastrtps_c.cpython-310-x86_64-linux-gnu.so
[27.950s] -- Set runtime path of "/home/aihemel/ros2_ws/install/turtlesim/local/lib/python3.10/dist-packages/turtlesim/turtlesim_s__rosidl_typesupport_fastrtps_c.cpython-310-x86_64-linux-gnu.so" to ""
[27.950s] -- Installing: /home/aihemel/ros2_ws/install/turtlesim/local/lib/python3.10/dist-packages/turtlesim/turtlesim_s__rosidl_typesupport_introspection_c.cpython-310-x86_64-linux-gnu.so
[27.950s] -- Set runtime path of "/home/aihemel/ros2_ws/install/turtlesim/local/lib/python3.10/dist-packages/turtlesim/turtlesim_s__rosidl_typesupport_introspection_c.cpython-310-x86_64-linux-gnu.so" to ""
[27.950s] -- Installing: /home/aihemel/ros2_ws/install/turtlesim/local/lib/python3.10/dist-packages/turtlesim/turtlesim_s__rosidl_typesupport_c.cpython-310-x86_64-linux-gnu.so
[27.950s] -- Set runtime path of "/home/aihemel/ros2_ws/install/turtlesim/local/lib/python3.10/dist-packages/turtlesim/turtlesim_s__rosidl_typesupport_c.cpython-310-x86_64-linux-gnu.so" to ""
[27.950s] -- Installing: /home/aihemel/ros2_ws/install/turtlesim/lib/libturtlesim__rosidl_generator_py.so
[27.951s] -- Set runtime path of "/home/aihemel/ros2_ws/install/turtlesim/lib/libturtlesim__rosidl_generator_py.so" to ""
[27.951s] -- Installing: /home/aihemel/ros2_ws/install/turtlesim/share/turtlesim/action/RotateAbsolute.idl
[27.951s] -- Installing: /home/aihemel/ros2_ws/install/turtlesim/share/turtlesim/msg/Color.idl
[27.951s] -- Installing: /home/aihemel/ros2_ws/install/turtlesim/share/turtlesim/msg/Pose.idl
[27.951s] -- Installing: /home/aihemel/ros2_ws/install/turtlesim/share/turtlesim/srv/Kill.idl
[27.951s] -- Installing: /home/aihemel/ros2_ws/install/turtlesim/share/turtlesim/srv/SetPen.idl
[27.951s] -- Installing: /home/aihemel/ros2_ws/install/turtlesim/share/turtlesim/srv/Spawn.idl
[27.951s] -- Installing: /home/aihemel/ros2_ws/install/turtlesim/share/turtlesim/srv/TeleportAbsolute.idl
[27.951s] -- Installing: /home/aihemel/ros2_ws/install/turtlesim/share/turtlesim/srv/TeleportRelative.idl
[27.951s] -- Installing: /home/aihemel/ros2_ws/install/turtlesim/share/turtlesim/action/RotateAbsolute.action
[27.951s] -- Installing: /home/aihemel/ros2_ws/install/turtlesim/share/turtlesim/msg/Color.msg
[27.951s] -- Installing: /home/aihemel/ros2_ws/install/turtlesim/share/turtlesim/msg/Pose.msg
[27.951s] -- Installing: /home/aihemel/ros2_ws/install/turtlesim/share/turtlesim/srv/Kill.srv
[27.951s] -- Installing: /home/aihemel/ros2_ws/install/turtlesim/share/turtlesim/srv/Kill_Request.msg
[27.951s] -- Installing: /home/aihemel/ros2_ws/install/turtlesim/share/turtlesim/srv/Kill_Response.msg
[27.952s] -- Installing: /home/aihemel/ros2_ws/install/turtlesim/share/turtlesim/srv/SetPen.srv
[27.952s] -- Installing: /home/aihemel/ros2_ws/install/turtlesim/share/turtlesim/srv/SetPen_Request.msg
[27.952s] -- Installing: /home/aihemel/ros2_ws/install/turtlesim/share/turtlesim/srv/SetPen_Response.msg
[27.952s] -- Installing: /home/aihemel/ros2_ws/install/turtlesim/share/turtlesim/srv/Spawn.srv
[27.952s] -- Installing: /home/aihemel/ros2_ws/install/turtlesim/share/turtlesim/srv/Spawn_Request.msg
[27.952s] -- Installing: /home/aihemel/ros2_ws/install/turtlesim/share/turtlesim/srv/Spawn_Response.msg
[27.952s] -- Installing: /home/aihemel/ros2_ws/install/turtlesim/share/turtlesim/srv/TeleportAbsolute.srv
[27.952s] -- Installing: /home/aihemel/ros2_ws/install/turtlesim/share/turtlesim/srv/TeleportAbsolute_Request.msg
[27.952s] -- Installing: /home/aihemel/ros2_ws/install/turtlesim/share/turtlesim/srv/TeleportAbsolute_Response.msg
[27.952s] -- Installing: /home/aihemel/ros2_ws/install/turtlesim/share/turtlesim/srv/TeleportRelative.srv
[27.952s] -- Installing: /home/aihemel/ros2_ws/install/turtlesim/share/turtlesim/srv/TeleportRelative_Request.msg
[27.952s] -- Installing: /home/aihemel/ros2_ws/install/turtlesim/share/turtlesim/srv/TeleportRelative_Response.msg
[27.952s] -- Installing: /home/aihemel/ros2_ws/install/turtlesim/lib/turtlesim/turtlesim_node
[27.960s] -- Set runtime path of "/home/aihemel/ros2_ws/install/turtlesim/lib/turtlesim/turtlesim_node" to ""
[27.960s] -- Installing: /home/aihemel/ros2_ws/install/turtlesim/lib/turtlesim/turtle_teleop_key
[27.961s] -- Set runtime path of "/home/aihemel/ros2_ws/install/turtlesim/lib/turtlesim/turtle_teleop_key" to ""
[27.961s] -- Installing: /home/aihemel/ros2_ws/install/turtlesim/lib/turtlesim/draw_square
[27.964s] -- Set runtime path of "/home/aihemel/ros2_ws/install/turtlesim/lib/turtlesim/draw_square" to ""
[27.965s] -- Installing: /home/aihemel/ros2_ws/install/turtlesim/lib/turtlesim/mimic
[27.968s] -- Set runtime path of "/home/aihemel/ros2_ws/install/turtlesim/lib/turtlesim/mimic" to ""
[27.968s] -- Installing: /home/aihemel/ros2_ws/install/turtlesim/share/turtlesim/images
[27.968s] -- Installing: /home/aihemel/ros2_ws/install/turtlesim/share/turtlesim/images/ardent.png
[27.968s] -- Installing: /home/aihemel/ros2_ws/install/turtlesim/share/turtlesim/images/humble.png
[27.968s] -- Installing: /home/aihemel/ros2_ws/install/turtlesim/share/turtlesim/images/bouncy.png
[27.968s] -- Installing: /home/aihemel/ros2_ws/install/turtlesim/share/turtlesim/images/crystal.png
[27.968s] -- Installing: /home/aihemel/ros2_ws/install/turtlesim/share/turtlesim/images/eloquent.png
[27.968s] -- Installing: /home/aihemel/ros2_ws/install/turtlesim/share/turtlesim/images/foxy.png
[27.968s] -- Installing: /home/aihemel/ros2_ws/install/turtlesim/share/turtlesim/images/galactic.png
[27.969s] -- Installing: /home/aihemel/ros2_ws/install/turtlesim/share/turtlesim/images/rolling.png
[27.969s] -- Installing: /home/aihemel/ros2_ws/install/turtlesim/share/turtlesim/images/dashing.png
[27.969s] -- Installing: /home/aihemel/ros2_ws/install/turtlesim/share/turtlesim/launch
[27.969s] -- Installing: /home/aihemel/ros2_ws/install/turtlesim/share/turtlesim/launch/multisim.launch.py
[27.969s] -- Installing: /home/aihemel/ros2_ws/install/turtlesim/share/ament_index/resource_index/package_run_dependencies/turtlesim
[27.969s] -- Installing: /home/aihemel/ros2_ws/install/turtlesim/share/ament_index/resource_index/parent_prefix_path/turtlesim
[27.969s] -- Installing: /home/aihemel/ros2_ws/install/turtlesim/share/turtlesim/environment/ament_prefix_path.sh
[27.969s] -- Installing: /home/aihemel/ros2_ws/install/turtlesim/share/turtlesim/environment/ament_prefix_path.dsv
[27.969s] -- Installing: /home/aihemel/ros2_ws/install/turtlesim/share/turtlesim/environment/path.sh
[27.969s] -- Installing: /home/aihemel/ros2_ws/install/turtlesim/share/turtlesim/environment/path.dsv
[27.969s] -- Installing: /home/aihemel/ros2_ws/install/turtlesim/share/turtlesim/local_setup.bash
[27.969s] -- Installing: /home/aihemel/ros2_ws/install/turtlesim/share/turtlesim/local_setup.sh
[27.969s] -- Installing: /home/aihemel/ros2_ws/install/turtlesim/share/turtlesim/local_setup.zsh
[27.969s] -- Installing: /home/aihemel/ros2_ws/install/turtlesim/share/turtlesim/local_setup.dsv
[27.970s] -- Installing: /home/aihemel/ros2_ws/install/turtlesim/share/turtlesim/package.dsv
[27.970s] -- Installing: /home/aihemel/ros2_ws/install/turtlesim/share/ament_index/resource_index/packages/turtlesim
[27.970s] -- Installing: /home/aihemel/ros2_ws/install/turtlesim/share/turtlesim/cmake/export_turtlesim__rosidl_generator_cExport.cmake
[27.970s] -- Installing: /home/aihemel/ros2_ws/install/turtlesim/share/turtlesim/cmake/export_turtlesim__rosidl_generator_cExport-noconfig.cmake
[27.970s] -- Installing: /home/aihemel/ros2_ws/install/turtlesim/share/turtlesim/cmake/export_turtlesim__rosidl_typesupport_fastrtps_cExport.cmake
[27.970s] -- Installing: /home/aihemel/ros2_ws/install/turtlesim/share/turtlesim/cmake/export_turtlesim__rosidl_typesupport_fastrtps_cExport-noconfig.cmake
[27.970s] -- Installing: /home/aihemel/ros2_ws/install/turtlesim/share/turtlesim/cmake/export_turtlesim__rosidl_generator_cppExport.cmake
[27.970s] -- Installing: /home/aihemel/ros2_ws/install/turtlesim/share/turtlesim/cmake/export_turtlesim__rosidl_typesupport_fastrtps_cppExport.cmake
[27.970s] -- Installing: /home/aihemel/ros2_ws/install/turtlesim/share/turtlesim/cmake/export_turtlesim__rosidl_typesupport_fastrtps_cppExport-noconfig.cmake
[27.970s] -- Installing: /home/aihemel/ros2_ws/install/turtlesim/share/turtlesim/cmake/turtlesim__rosidl_typesupport_introspection_cExport.cmake
[27.970s] -- Installing: /home/aihemel/ros2_ws/install/turtlesim/share/turtlesim/cmake/turtlesim__rosidl_typesupport_introspection_cExport-noconfig.cmake
[27.970s] -- Installing: /home/aihemel/ros2_ws/install/turtlesim/share/turtlesim/cmake/turtlesim__rosidl_typesupport_cExport.cmake
[27.970s] -- Installing: /home/aihemel/ros2_ws/install/turtlesim/share/turtlesim/cmake/turtlesim__rosidl_typesupport_cExport-noconfig.cmake
[27.970s] -- Installing: /home/aihemel/ros2_ws/install/turtlesim/share/turtlesim/cmake/turtlesim__rosidl_typesupport_introspection_cppExport.cmake
[27.970s] -- Installing: /home/aihemel/ros2_ws/install/turtlesim/share/turtlesim/cmake/turtlesim__rosidl_typesupport_introspection_cppExport-noconfig.cmake
[27.971s] -- Installing: /home/aihemel/ros2_ws/install/turtlesim/share/turtlesim/cmake/turtlesim__rosidl_typesupport_cppExport.cmake
[27.971s] -- Installing: /home/aihemel/ros2_ws/install/turtlesim/share/turtlesim/cmake/turtlesim__rosidl_typesupport_cppExport-noconfig.cmake
[27.971s] -- Installing: /home/aihemel/ros2_ws/install/turtlesim/share/turtlesim/cmake/export_turtlesim__rosidl_generator_pyExport.cmake
[27.971s] -- Installing: /home/aihemel/ros2_ws/install/turtlesim/share/turtlesim/cmake/export_turtlesim__rosidl_generator_pyExport-noconfig.cmake
[27.971s] -- Installing: /home/aihemel/ros2_ws/install/turtlesim/share/turtlesim/cmake/rosidl_cmake-extras.cmake
[27.971s] -- Installing: /home/aihemel/ros2_ws/install/turtlesim/share/turtlesim/cmake/ament_cmake_export_dependencies-extras.cmake
[27.971s] -- Installing: /home/aihemel/ros2_ws/install/turtlesim/share/turtlesim/cmake/ament_cmake_export_include_directories-extras.cmake
[27.971s] -- Installing: /home/aihemel/ros2_ws/install/turtlesim/share/turtlesim/cmake/ament_cmake_export_libraries-extras.cmake
[27.971s] -- Installing: /home/aihemel/ros2_ws/install/turtlesim/share/turtlesim/cmake/ament_cmake_export_targets-extras.cmake
[27.971s] -- Installing: /home/aihemel/ros2_ws/install/turtlesim/share/turtlesim/cmake/rosidl_cmake_export_typesupport_targets-extras.cmake
[27.971s] -- Installing: /home/aihemel/ros2_ws/install/turtlesim/share/turtlesim/cmake/rosidl_cmake_export_typesupport_libraries-extras.cmake
[27.971s] -- Installing: /home/aihemel/ros2_ws/install/turtlesim/share/turtlesim/cmake/turtlesimConfig.cmake
[27.971s] -- Installing: /home/aihemel/ros2_ws/install/turtlesim/share/turtlesim/cmake/turtlesimConfig-version.cmake
[27.972s] -- Installing: /home/aihemel/ros2_ws/install/turtlesim/share/turtlesim/package.xml
[27.973s] Invoked command in '/home/aihemel/ros2_ws/build/turtlesim' returned '0': CMAKE_PREFIX_PATH=${CMAKE_PREFIX_PATH}:/home/aihemel/ros2_ws/install/bumperbot_py_examples:/opt/ros/humble /usr/local/bin/cmake --install /home/aihemel/ros2_ws/build/turtlesim
