[0.391s] Invoking command in '/home/aihemel/ros2_ws/build/robot_firmware': CMAKE_PREFIX_PATH=/opt/ros/humble /usr/local/bin/cmake --build /home/aihemel/ros2_ws/build/robot_firmware -- -j12 -l12
[0.406s] Invoked command in '/home/aihemel/ros2_ws/build/robot_firmware' returned '0': CMAKE_PREFIX_PATH=/opt/ros/humble /usr/local/bin/cmake --build /home/aihemel/ros2_ws/build/robot_firmware -- -j12 -l12
[0.407s] Invoking command in '/home/aihemel/ros2_ws/build/robot_firmware': CMAKE_PREFIX_PATH=/opt/ros/humble /usr/local/bin/cmake --install /home/aihemel/ros2_ws/build/robot_firmware
[0.412s] -- Install configuration: ""
[0.414s] -- Up-to-date: /home/aihemel/ros2_ws/install/robot_firmware/share/ament_index/resource_index/package_run_dependencies/robot_firmware
[0.416s] -- Up-to-date: /home/aihemel/ros2_ws/install/robot_firmware/share/ament_index/resource_index/parent_prefix_path/robot_firmware
[0.416s] -- Up-to-date: /home/aihemel/ros2_ws/install/robot_firmware/share/robot_firmware/environment/ament_prefix_path.sh
[0.416s] -- Up-to-date: /home/aihemel/ros2_ws/install/robot_firmware/share/robot_firmware/environment/ament_prefix_path.dsv
[0.416s] -- Up-to-date: /home/aihemel/ros2_ws/install/robot_firmware/share/robot_firmware/environment/path.sh
[0.417s] -- Up-to-date: /home/aihemel/ros2_ws/install/robot_firmware/share/robot_firmware/environment/path.dsv
[0.417s] -- Up-to-date: /home/aihemel/ros2_ws/install/robot_firmware/share/robot_firmware/local_setup.bash
[0.417s] -- Up-to-date: /home/aihemel/ros2_ws/install/robot_firmware/share/robot_firmware/local_setup.sh
[0.417s] -- Up-to-date: /home/aihemel/ros2_ws/install/robot_firmware/share/robot_firmware/local_setup.zsh
[0.417s] -- Up-to-date: /home/aihemel/ros2_ws/install/robot_firmware/share/robot_firmware/local_setup.dsv
[0.417s] -- Up-to-date: /home/aihemel/ros2_ws/install/robot_firmware/share/robot_firmware/package.dsv
[0.417s] -- Up-to-date: /home/aihemel/ros2_ws/install/robot_firmware/share/ament_index/resource_index/packages/robot_firmware
[0.417s] -- Up-to-date: /home/aihemel/ros2_ws/install/robot_firmware/share/robot_firmware/cmake/robot_firmwareConfig.cmake
[0.417s] -- Up-to-date: /home/aihemel/ros2_ws/install/robot_firmware/share/robot_firmware/cmake/robot_firmwareConfig-version.cmake
[0.417s] -- Up-to-date: /home/aihemel/ros2_ws/install/robot_firmware/share/robot_firmware/package.xml
[0.424s] Invoked command in '/home/aihemel/ros2_ws/build/robot_firmware' returned '0': CMAKE_PREFIX_PATH=/opt/ros/humble /usr/local/bin/cmake --install /home/aihemel/ros2_ws/build/robot_firmware
