[0.534s] Invoking command in '/home/aihemel/ros2_ws/build/turtlesim': CMAKE_PREFIX_PATH=/opt/ros/humble /usr/local/bin/cmake --build /home/aihemel/ros2_ws/build/turtlesim -- -j12 -l12
[0.555s] [  1%] Built target turtlesim__cpp
[0.556s] [ 11%] Built target turtlesim__rosidl_generator_c
[0.559s] [ 11%] Built target ament_cmake_python_copy_turtlesim
[0.572s] [ 21%] Built target turtlesim__rosidl_typesupport_c
[0.572s] [ 31%] Built target turtlesim__rosidl_typesupport_cpp
[0.572s] [ 41%] Built target turtlesim__rosidl_typesupport_fastrtps_cpp
[0.573s] [ 51%] Built target turtlesim__rosidl_typesupport_introspection_cpp
[0.574s] [ 61%] Built target turtlesim__rosidl_typesupport_introspection_c
[0.575s] [ 71%] Built target turtlesim__rosidl_typesupport_fastrtps_c
[0.587s] [ 71%] Built target turtlesim
[0.591s] [ 73%] Built target mimic
[0.591s] [ 75%] Built target draw_square
[0.592s] [ 77%] Built target turtle_teleop_key
[0.595s] [ 78%] Built target turtlesim__py
[0.597s] [ 84%] Built target turtlesim_node
[0.606s] [ 93%] Built target turtlesim__rosidl_generator_py
[0.615s] [ 95%] Built target turtlesim__rosidl_typesupport_c__pyext
[0.615s] [ 97%] Built target turtlesim__rosidl_typesupport_fastrtps_c__pyext
[0.616s] [100%] Built target turtlesim__rosidl_typesupport_introspection_c__pyext
[0.798s] running egg_info
[0.798s] writing turtlesim.egg-info/PKG-INFO
[0.799s] writing dependency_links to turtlesim.egg-info/dependency_links.txt
[0.799s] writing top-level names to turtlesim.egg-info/top_level.txt
[0.802s] reading manifest file 'turtlesim.egg-info/SOURCES.txt'
[0.803s] writing manifest file 'turtlesim.egg-info/SOURCES.txt'
[0.825s] [100%] Built target ament_cmake_python_build_turtlesim_egg
