-- The C compiler identification is GNU 11.4.0
-- The CXX compiler identification is GNU 11.4.0
-- Detecting C compiler ABI info
-- Detecting C compiler ABI info - done
-- Check for working C compiler: /usr/bin/cc - skipped
-- Detecting C compile features
-- Detecting C compile features - done
-- Detecting CXX compiler ABI info
-- Detecting CXX compiler ABI info - done
-- Check for working CXX compiler: /usr/bin/c++ - skipped
-- Detecting CXX compile features
-- Detecting CXX compile features - done
-- Found ament_cmake: 1.3.11 (/opt/ros/humble/share/ament_cmake/cmake)
-- Found Python3: /usr/bin/python3 (found version "3.10.12") found components: Interpreter 
-- Found robot_state_publisher: 3.0.3 (/opt/ros/humble/share/robot_state_publisher/cmake)
-- Found rosidl_generator_c: 3.1.6 (/opt/ros/humble/share/rosidl_generator_c/cmake)
-- Found rosidl_adapter: 3.1.6 (/opt/ros/humble/share/rosidl_adapter/cmake)
-- Found rosidl_generator_cpp: 3.1.6 (/opt/ros/humble/share/rosidl_generator_cpp/cmake)
-- Using all available rosidl_typesupport_c: rosidl_typesupport_fastrtps_c;rosidl_typesupport_introspection_c
-- Using all available rosidl_typesupport_cpp: rosidl_typesupport_fastrtps_cpp;rosidl_typesupport_introspection_cpp
-- Found eigen3_cmake_module: 0.1.1 (/opt/ros/humble/share/eigen3_cmake_module/cmake)
-- Found Eigen3: TRUE (found version "3.4.0") 
-- Ensuring Eigen3 include directory is part of orocos-kdl CMake target
-- Found rmw_implementation_cmake: 6.1.2 (/opt/ros/humble/share/rmw_implementation_cmake/cmake)
-- Found rmw_fastrtps_cpp: 6.2.7 (/opt/ros/humble/share/rmw_fastrtps_cpp/cmake)
-- Found OpenSSL: /usr/lib/x86_64-linux-gnu/libcrypto.so (found version "3.0.2")  
-- Found FastRTPS: /opt/ros/humble/include  
-- Using RMW implementation 'rmw_fastrtps_cpp' as default
-- Performing Test CMAKE_HAVE_LIBC_PTHREAD
-- Performing Test CMAKE_HAVE_LIBC_PTHREAD - Success
-- Found Threads: TRUE  
-- Found rviz2: 11.2.16 (/opt/ros/humble/share/rviz2/cmake)
-- Configuring done (2.7s)
-- Generating done (0.0s)
-- Build files have been written to: /home/aihemel/ros2_ws/build/robot_description
-- Install configuration: ""
-- Installing: /home/aihemel/ros2_ws/install/robot_description/share/robot_description/urdf
-- Installing: /home/aihemel/ros2_ws/install/robot_description/share/robot_description/urdf/robot_gazebo.xacro
-- Installing: /home/aihemel/ros2_ws/install/robot_description/share/robot_description/urdf/robot.urdf.xacro
-- Installing: /home/aihemel/ros2_ws/install/robot_description/share/robot_description/urdf/robot_ros2_control.xacro
-- Installing: /home/aihemel/ros2_ws/install/robot_description/share/robot_description/launch
-- Installing: /home/aihemel/ros2_ws/install/robot_description/share/robot_description/launch/display.launch.py
-- Installing: /home/aihemel/ros2_ws/install/robot_description/share/robot_description/launch/robot.launch.py
-- Installing: /home/aihemel/ros2_ws/install/robot_description/share/robot_description/launch/gazebo.launch.py
-- Installing: /home/aihemel/ros2_ws/install/robot_description/share/robot_description/meshes
-- Installing: /home/aihemel/ros2_ws/install/robot_description/share/robot_description/meshes/warehouse bot body.stl
-- Installing: /home/aihemel/ros2_ws/install/robot_description/share/robot_description/meshes/warehouse_body.stl
-- Installing: /home/aihemel/ros2_ws/install/robot_description/share/robot_description/rviz
-- Installing: /home/aihemel/ros2_ws/install/robot_description/share/robot_description/rviz/my_robot.rviz
-- Installing: /home/aihemel/ros2_ws/install/robot_description/share/robot_description/rviz/display.rviz
-- Installing: /home/aihemel/ros2_ws/install/robot_description/share/ament_index/resource_index/package_run_dependencies/robot_description
-- Installing: /home/aihemel/ros2_ws/install/robot_description/share/ament_index/resource_index/parent_prefix_path/robot_description
-- Installing: /home/aihemel/ros2_ws/install/robot_description/share/robot_description/environment/ament_prefix_path.sh
-- Installing: /home/aihemel/ros2_ws/install/robot_description/share/robot_description/environment/ament_prefix_path.dsv
-- Installing: /home/aihemel/ros2_ws/install/robot_description/share/robot_description/environment/path.sh
-- Installing: /home/aihemel/ros2_ws/install/robot_description/share/robot_description/environment/path.dsv
-- Installing: /home/aihemel/ros2_ws/install/robot_description/share/robot_description/local_setup.bash
-- Installing: /home/aihemel/ros2_ws/install/robot_description/share/robot_description/local_setup.sh
-- Installing: /home/aihemel/ros2_ws/install/robot_description/share/robot_description/local_setup.zsh
-- Installing: /home/aihemel/ros2_ws/install/robot_description/share/robot_description/local_setup.dsv
-- Installing: /home/aihemel/ros2_ws/install/robot_description/share/robot_description/package.dsv
-- Installing: /home/aihemel/ros2_ws/install/robot_description/share/ament_index/resource_index/packages/robot_description
-- Installing: /home/aihemel/ros2_ws/install/robot_description/share/robot_description/cmake/robot_descriptionConfig.cmake
-- Installing: /home/aihemel/ros2_ws/install/robot_description/share/robot_description/cmake/robot_descriptionConfig-version.cmake
-- Installing: /home/aihemel/ros2_ws/install/robot_description/share/robot_description/package.xml
