[0.435s] Invoking command in '/home/aihemel/ros2_ws/build/robot_description': CMAKE_PREFIX_PATH=${CMAKE_PREFIX_PATH}:/home/aihemel/ros2_ws/install/bumperbot_py_examples:/opt/ros/humble /usr/local/bin/cmake /home/aihemel/ros2_ws/src/robot_description -DCMAKE_INSTALL_PREFIX=/home/aihemel/ros2_ws/install/robot_description
[0.497s] -- The C compiler identification is GNU 11.4.0
[0.570s] -- The CXX compiler identification is GNU 11.4.0
[0.594s] -- Detecting C compiler ABI info
[0.679s] -- Detecting C compiler ABI info - done
[0.697s] -- Check for working C compiler: /usr/bin/cc - skipped
[0.697s] -- Detecting C compile features
[0.698s] -- Detecting C compile features - done
[0.708s] -- Detecting CXX compiler ABI info
[0.798s] -- Detecting CXX compiler ABI info - done
[0.827s] -- Check for working CXX compiler: /usr/bin/c++ - skipped
[0.827s] -- Detecting CXX compile features
[0.829s] -- Detecting CXX compile features - done
[0.834s] -- Found ament_cmake: 1.3.11 (/opt/ros/humble/share/ament_cmake/cmake)
[1.036s] -- Found Python3: /usr/bin/python3 (found version "3.10.12") found components: Interpreter 
[1.193s] -- Found robot_state_publisher: 3.0.3 (/opt/ros/humble/share/robot_state_publisher/cmake)
[1.324s] -- Found rosidl_generator_c: 3.1.6 (/opt/ros/humble/share/rosidl_generator_c/cmake)
[1.347s] -- Found rosidl_adapter: 3.1.6 (/opt/ros/humble/share/rosidl_adapter/cmake)
[1.386s] -- Found rosidl_generator_cpp: 3.1.6 (/opt/ros/humble/share/rosidl_generator_cpp/cmake)
[1.457s] -- Using all available rosidl_typesupport_c: rosidl_typesupport_fastrtps_c;rosidl_typesupport_introspection_c
[1.578s] -- Using all available rosidl_typesupport_cpp: rosidl_typesupport_fastrtps_cpp;rosidl_typesupport_introspection_cpp
[1.969s] -- Found eigen3_cmake_module: 0.1.1 (/opt/ros/humble/share/eigen3_cmake_module/cmake)
[1.977s] -- Found Eigen3: TRUE (found version "3.4.0") 
[1.978s] -- Ensuring Eigen3 include directory is part of orocos-kdl CMake target
[2.234s] -- Found rmw_implementation_cmake: 6.1.2 (/opt/ros/humble/share/rmw_implementation_cmake/cmake)
[2.240s] -- Found rmw_fastrtps_cpp: 6.2.7 (/opt/ros/humble/share/rmw_fastrtps_cpp/cmake)
[2.350s] -- Found OpenSSL: /usr/lib/x86_64-linux-gnu/libcrypto.so (found version "3.0.2")  
[2.392s] -- Found FastRTPS: /opt/ros/humble/include  
[2.454s] -- Using RMW implementation 'rmw_fastrtps_cpp' as default
[2.465s] -- Performing Test CMAKE_HAVE_LIBC_PTHREAD
[2.539s] -- Performing Test CMAKE_HAVE_LIBC_PTHREAD - Success
[2.541s] -- Found Threads: TRUE  
[3.000s] -- Found rviz2: 11.2.16 (/opt/ros/humble/share/rviz2/cmake)
[3.098s] -- Configuring done (2.7s)
[3.108s] -- Generating done (0.0s)
[3.112s] -- Build files have been written to: /home/aihemel/ros2_ws/build/robot_description
[3.129s] Invoked command in '/home/aihemel/ros2_ws/build/robot_description' returned '0': CMAKE_PREFIX_PATH=${CMAKE_PREFIX_PATH}:/home/aihemel/ros2_ws/install/bumperbot_py_examples:/opt/ros/humble /usr/local/bin/cmake /home/aihemel/ros2_ws/src/robot_description -DCMAKE_INSTALL_PREFIX=/home/aihemel/ros2_ws/install/robot_description
[3.131s] Invoking command in '/home/aihemel/ros2_ws/build/robot_description': CMAKE_PREFIX_PATH=${CMAKE_PREFIX_PATH}:/home/aihemel/ros2_ws/install/bumperbot_py_examples:/opt/ros/humble /usr/local/bin/cmake --build /home/aihemel/ros2_ws/build/robot_description -- -j12 -l12
[3.153s] Invoked command in '/home/aihemel/ros2_ws/build/robot_description' returned '0': CMAKE_PREFIX_PATH=${CMAKE_PREFIX_PATH}:/home/aihemel/ros2_ws/install/bumperbot_py_examples:/opt/ros/humble /usr/local/bin/cmake --build /home/aihemel/ros2_ws/build/robot_description -- -j12 -l12
[3.160s] Invoking command in '/home/aihemel/ros2_ws/build/robot_description': CMAKE_PREFIX_PATH=${CMAKE_PREFIX_PATH}:/home/aihemel/ros2_ws/install/bumperbot_py_examples:/opt/ros/humble /usr/local/bin/cmake --install /home/aihemel/ros2_ws/build/robot_description
[3.162s] -- Install configuration: ""
[3.162s] -- Installing: /home/aihemel/ros2_ws/install/robot_description/share/robot_description/urdf
[3.162s] -- Installing: /home/aihemel/ros2_ws/install/robot_description/share/robot_description/urdf/robot_gazebo.xacro
[3.163s] -- Installing: /home/aihemel/ros2_ws/install/robot_description/share/robot_description/urdf/robot.urdf.xacro
[3.163s] -- Installing: /home/aihemel/ros2_ws/install/robot_description/share/robot_description/urdf/robot_ros2_control.xacro
[3.163s] -- Installing: /home/aihemel/ros2_ws/install/robot_description/share/robot_description/launch
[3.163s] -- Installing: /home/aihemel/ros2_ws/install/robot_description/share/robot_description/launch/display.launch.py
[3.163s] -- Installing: /home/aihemel/ros2_ws/install/robot_description/share/robot_description/launch/robot.launch.py
[3.163s] -- Installing: /home/aihemel/ros2_ws/install/robot_description/share/robot_description/launch/gazebo.launch.py
[3.164s] -- Installing: /home/aihemel/ros2_ws/install/robot_description/share/robot_description/meshes
[3.164s] -- Installing: /home/aihemel/ros2_ws/install/robot_description/share/robot_description/meshes/warehouse bot body.stl
[3.164s] -- Installing: /home/aihemel/ros2_ws/install/robot_description/share/robot_description/meshes/warehouse_body.stl
[3.164s] -- Installing: /home/aihemel/ros2_ws/install/robot_description/share/robot_description/rviz
[3.164s] -- Installing: /home/aihemel/ros2_ws/install/robot_description/share/robot_description/rviz/my_robot.rviz
[3.164s] -- Installing: /home/aihemel/ros2_ws/install/robot_description/share/robot_description/rviz/display.rviz
[3.165s] -- Installing: /home/aihemel/ros2_ws/install/robot_description/share/ament_index/resource_index/package_run_dependencies/robot_description
[3.165s] -- Installing: /home/aihemel/ros2_ws/install/robot_description/share/ament_index/resource_index/parent_prefix_path/robot_description
[3.165s] -- Installing: /home/aihemel/ros2_ws/install/robot_description/share/robot_description/environment/ament_prefix_path.sh
[3.165s] -- Installing: /home/aihemel/ros2_ws/install/robot_description/share/robot_description/environment/ament_prefix_path.dsv
[3.166s] -- Installing: /home/aihemel/ros2_ws/install/robot_description/share/robot_description/environment/path.sh
[3.166s] -- Installing: /home/aihemel/ros2_ws/install/robot_description/share/robot_description/environment/path.dsv
[3.166s] -- Installing: /home/aihemel/ros2_ws/install/robot_description/share/robot_description/local_setup.bash
[3.166s] -- Installing: /home/aihemel/ros2_ws/install/robot_description/share/robot_description/local_setup.sh
[3.166s] -- Installing: /home/aihemel/ros2_ws/install/robot_description/share/robot_description/local_setup.zsh
[3.167s] -- Installing: /home/aihemel/ros2_ws/install/robot_description/share/robot_description/local_setup.dsv
[3.167s] -- Installing: /home/aihemel/ros2_ws/install/robot_description/share/robot_description/package.dsv
[3.167s] -- Installing: /home/aihemel/ros2_ws/install/robot_description/share/ament_index/resource_index/packages/robot_description
[3.167s] -- Installing: /home/aihemel/ros2_ws/install/robot_description/share/robot_description/cmake/robot_descriptionConfig.cmake
[3.167s] -- Installing: /home/aihemel/ros2_ws/install/robot_description/share/robot_description/cmake/robot_descriptionConfig-version.cmake
[3.168s] -- Installing: /home/aihemel/ros2_ws/install/robot_description/share/robot_description/package.xml
[3.170s] Invoked command in '/home/aihemel/ros2_ws/build/robot_description' returned '0': CMAKE_PREFIX_PATH=${CMAKE_PREFIX_PATH}:/home/aihemel/ros2_ws/install/bumperbot_py_examples:/opt/ros/humble /usr/local/bin/cmake --install /home/aihemel/ros2_ws/build/robot_description
