[ 16%] [32mBuilding CXX object CMakeFiles/simple_serial_receiver.dir/src/simple_serial_receiver.cpp.o[0m
[ 33%] [32mBuilding CXX object CMakeFiles/bumperbot_firmware.dir/src/bumperbot_interface.cpp.o[0m
[ 33%] Built target ament_cmake_python_copy_bumperbot_firmware
[ 50%] [32mBuilding CXX object CMakeFiles/simple_serial_transmitter.dir/src/simple_serial_transmitter.cpp.o[0m
running egg_info
writing bumperbot_firmware.egg-info/PKG-INFO
writing dependency_links to bumperbot_firmware.egg-info/dependency_links.txt
writing top-level names to bumperbot_firmware.egg-info/top_level.txt
reading manifest file 'bumperbot_firmware.egg-info/SOURCES.txt'
writing manifest file 'bumperbot_firmware.egg-info/SOURCES.txt'
[ 50%] Built target ament_cmake_python_build_bumperbot_firmware_egg
[01m[K/home/aihemel/ros2_ws/src/bumperbot_firmware/src/simple_serial_transmitter.cpp:4:10:[m[K [01;31m[Kfatal error: [m[Klibserial/SerialPort.h: No such file or directory
    4 | #include [01;31m[K<libserial/SerialPort.h>[m[K
      |          [01;31m[K^~~~~~~~~~~~~~~~~~~~~~~~[m[K
compilation terminated.
gmake[2]: *** [CMakeFiles/simple_serial_transmitter.dir/build.make:76: CMakeFiles/simple_serial_transmitter.dir/src/simple_serial_transmitter.cpp.o] Error 1
gmake[1]: *** [CMakeFiles/Makefile2:248: CMakeFiles/simple_serial_transmitter.dir/all] Error 2
gmake[1]: *** Waiting for unfinished jobs....
In file included from [01m[K/home/aihemel/ros2_ws/src/bumperbot_firmware/src/bumperbot_interface.cpp:1[m[K:
[01m[K/home/aihemel/ros2_ws/src/bumperbot_firmware/include/bumperbot_firmware/bumperbot_interface.hpp:6:10:[m[K [01;31m[Kfatal error: [m[Klibserial/SerialPort.h: No such file or directory
    6 | #include [01;31m[K<libserial/SerialPort.h>[m[K
      |          [01;31m[K^~~~~~~~~~~~~~~~~~~~~~~~[m[K
compilation terminated.
gmake[2]: *** [CMakeFiles/bumperbot_firmware.dir/build.make:76: CMakeFiles/bumperbot_firmware.dir/src/bumperbot_interface.cpp.o] Error 1
gmake[1]: *** [CMakeFiles/Makefile2:196: CMakeFiles/bumperbot_firmware.dir/all] Error 2
[01m[K/home/aihemel/ros2_ws/src/bumperbot_firmware/src/simple_serial_receiver.cpp:6:10:[m[K [01;31m[Kfatal error: [m[Klibserial/SerialPort.h: No such file or directory
    6 | #include [01;31m[K<libserial/SerialPort.h>[m[K
      |          [01;31m[K^~~~~~~~~~~~~~~~~~~~~~~~[m[K
compilation terminated.
gmake[2]: *** [CMakeFiles/simple_serial_receiver.dir/build.make:76: CMakeFiles/simple_serial_receiver.dir/src/simple_serial_receiver.cpp.o] Error 1
gmake[1]: *** [CMakeFiles/Makefile2:222: CMakeFiles/simple_serial_receiver.dir/all] Error 2
gmake: *** [Makefile:146: all] Error 2
