[0.404s] Invoking command in '/home/aihemel/ros2_ws/build/robot_firmware': CMAKE_PREFIX_PATH=/opt/ros/humble /usr/local/bin/cmake /home/aihemel/ros2_ws/src/robot_firmware -DCMAKE_INSTALL_PREFIX=/home/aihemel/ros2_ws/install/robot_firmware
[0.504s] -- The C compiler identification is GNU 11.4.0
[0.579s] -- The CXX compiler identification is GNU 11.4.0
[0.595s] -- Detecting C compiler ABI info
[0.652s] -- Detecting C compiler ABI info - done
[0.665s] -- Check for working C compiler: /usr/bin/cc - skipped
[0.666s] -- Detecting C compile features
[0.666s] -- Detecting C compile features - done
[0.676s] -- Detecting CXX compiler ABI info
[0.748s] -- Detecting CXX compiler ABI info - done
[0.761s] -- Check for working CXX compiler: /usr/bin/c++ - skipped
[0.762s] -- Detecting CXX compile features
[0.763s] -- Detecting CXX compile features - done
[0.770s] -- Found ament_cmake: 1.3.11 (/opt/ros/humble/share/ament_cmake/cmake)
[0.876s] -- Found Python3: /usr/bin/python3 (found version "3.10.12") found components: Interpreter 
[0.963s] -- Found ament_lint_auto: 0.12.11 (/opt/ros/humble/share/ament_lint_auto/cmake)
[1.034s] -- Added test 'lint_cmake' to check CMake code style
[1.036s] -- Added test 'xmllint' to check XML markup files
[1.037s] -- Configuring done (0.6s)
[1.039s] -- Generating done (0.0s)
[1.040s] -- Build files have been written to: /home/aihemel/ros2_ws/build/robot_firmware
[1.043s] Invoked command in '/home/aihemel/ros2_ws/build/robot_firmware' returned '0': CMAKE_PREFIX_PATH=/opt/ros/humble /usr/local/bin/cmake /home/aihemel/ros2_ws/src/robot_firmware -DCMAKE_INSTALL_PREFIX=/home/aihemel/ros2_ws/install/robot_firmware
[1.045s] Invoking command in '/home/aihemel/ros2_ws/build/robot_firmware': CMAKE_PREFIX_PATH=/opt/ros/humble /usr/local/bin/cmake --build /home/aihemel/ros2_ws/build/robot_firmware -- -j12 -l12
[1.054s] Invoked command in '/home/aihemel/ros2_ws/build/robot_firmware' returned '0': CMAKE_PREFIX_PATH=/opt/ros/humble /usr/local/bin/cmake --build /home/aihemel/ros2_ws/build/robot_firmware -- -j12 -l12
[1.056s] Invoking command in '/home/aihemel/ros2_ws/build/robot_firmware': CMAKE_PREFIX_PATH=/opt/ros/humble /usr/local/bin/cmake --install /home/aihemel/ros2_ws/build/robot_firmware
[1.057s] -- Install configuration: ""
[1.057s] -- Installing: /home/aihemel/ros2_ws/install/robot_firmware/share/ament_index/resource_index/package_run_dependencies/robot_firmware
[1.057s] -- Installing: /home/aihemel/ros2_ws/install/robot_firmware/share/ament_index/resource_index/parent_prefix_path/robot_firmware
[1.057s] -- Installing: /home/aihemel/ros2_ws/install/robot_firmware/share/robot_firmware/environment/ament_prefix_path.sh
[1.058s] -- Installing: /home/aihemel/ros2_ws/install/robot_firmware/share/robot_firmware/environment/ament_prefix_path.dsv
[1.058s] -- Installing: /home/aihemel/ros2_ws/install/robot_firmware/share/robot_firmware/environment/path.sh
[1.058s] -- Installing: /home/aihemel/ros2_ws/install/robot_firmware/share/robot_firmware/environment/path.dsv
[1.058s] -- Installing: /home/aihemel/ros2_ws/install/robot_firmware/share/robot_firmware/local_setup.bash
[1.058s] -- Installing: /home/aihemel/ros2_ws/install/robot_firmware/share/robot_firmware/local_setup.sh
[1.058s] -- Installing: /home/aihemel/ros2_ws/install/robot_firmware/share/robot_firmware/local_setup.zsh
[1.058s] -- Installing: /home/aihemel/ros2_ws/install/robot_firmware/share/robot_firmware/local_setup.dsv
[1.058s] -- Installing: /home/aihemel/ros2_ws/install/robot_firmware/share/robot_firmware/package.dsv
[1.058s] -- Installing: /home/aihemel/ros2_ws/install/robot_firmware/share/ament_index/resource_index/packages/robot_firmware
[1.059s] -- Installing: /home/aihemel/ros2_ws/install/robot_firmware/share/robot_firmware/cmake/robot_firmwareConfig.cmake
[1.059s] -- Installing: /home/aihemel/ros2_ws/install/robot_firmware/share/robot_firmware/cmake/robot_firmwareConfig-version.cmake
[1.059s] -- Installing: /home/aihemel/ros2_ws/install/robot_firmware/share/robot_firmware/package.xml
[1.060s] Invoked command in '/home/aihemel/ros2_ws/build/robot_firmware' returned '0': CMAKE_PREFIX_PATH=/opt/ros/humble /usr/local/bin/cmake --install /home/aihemel/ros2_ws/build/robot_firmware
