[0.437s] Invoking command in '/home/aihemel/ros2_ws/build/robot_gazebo': CMAKE_PREFIX_PATH=${CMAKE_PREFIX_PATH}:/home/aihemel/ros2_ws/install/bumperbot_py_examples:/opt/ros/humble /usr/local/bin/cmake /home/aihemel/ros2_ws/src/robot_gazebo -DCMAKE_INSTALL_PREFIX=/home/aihemel/ros2_ws/install/robot_gazebo
[0.496s] -- The C compiler identification is GNU 11.4.0
[0.604s] -- The CXX compiler identification is GNU 11.4.0
[0.627s] -- Detecting C compiler ABI info
[0.712s] -- Detecting C compiler ABI info - done
[0.734s] -- Check for working C compiler: /usr/bin/cc - skipped
[0.735s] -- Detecting C compile features
[0.735s] -- Detecting C compile features - done
[0.747s] -- Detecting CXX compiler ABI info
[0.835s] -- Detecting CXX compiler ABI info - done
[0.861s] -- Check for working CXX compiler: /usr/bin/c++ - skipped
[0.862s] -- Detecting CXX compile features
[0.863s] -- Detecting CXX compile features - done
[0.868s] -- Found ament_cmake: 1.3.11 (/opt/ros/humble/share/ament_cmake/cmake)
[1.087s] -- Found Python3: /usr/bin/python3 (found version "3.10.12") found components: Interpreter 
[1.220s] -- Found robot_state_publisher: 3.0.3 (/opt/ros/humble/share/robot_state_publisher/cmake)
[1.376s] -- Found rosidl_generator_c: 3.1.6 (/opt/ros/humble/share/rosidl_generator_c/cmake)
[1.397s] -- Found rosidl_adapter: 3.1.6 (/opt/ros/humble/share/rosidl_adapter/cmake)
[1.443s] -- Found rosidl_generator_cpp: 3.1.6 (/opt/ros/humble/share/rosidl_generator_cpp/cmake)
[1.505s] -- Using all available rosidl_typesupport_c: rosidl_typesupport_fastrtps_c;rosidl_typesupport_introspection_c
[1.588s] -- Using all available rosidl_typesupport_cpp: rosidl_typesupport_fastrtps_cpp;rosidl_typesupport_introspection_cpp
[1.934s] -- Found eigen3_cmake_module: 0.1.1 (/opt/ros/humble/share/eigen3_cmake_module/cmake)
[1.939s] -- Found Eigen3: TRUE (found version "3.4.0") 
[1.940s] -- Ensuring Eigen3 include directory is part of orocos-kdl CMake target
[2.156s] -- Found rmw_implementation_cmake: 6.1.2 (/opt/ros/humble/share/rmw_implementation_cmake/cmake)
[2.166s] -- Found rmw_fastrtps_cpp: 6.2.7 (/opt/ros/humble/share/rmw_fastrtps_cpp/cmake)
[2.298s] -- Found OpenSSL: /usr/lib/x86_64-linux-gnu/libcrypto.so (found version "3.0.2")  
[2.354s] -- Found FastRTPS: /opt/ros/humble/include  
[2.418s] -- Using RMW implementation 'rmw_fastrtps_cpp' as default
[2.429s] -- Performing Test CMAKE_HAVE_LIBC_PTHREAD
[2.495s] -- Performing Test CMAKE_HAVE_LIBC_PTHREAD - Success
[2.496s] -- Found Threads: TRUE  
[2.880s] -- Found rviz2: 11.2.16 (/opt/ros/humble/share/rviz2/cmake)
[2.883s] -- Found gazebo_ros: 3.9.0 (/opt/ros/humble/share/gazebo_ros/cmake)
[2.899s] -- Found PkgConfig: /usr/bin/pkg-config (found version "0.29.2") 
[2.901s] -- Checking for module 'bullet>=2.82'
[2.914s] --   Found bullet, version 3.05
[3.048s] -- Found fcl: /usr/include (found suitable version "0.7.0", minimum required is "0.5.0") 
[3.116s] -- Found assimp: /usr/include (found version "5.2.0") 
[3.154s] -- Found DART: /usr/include (Required is at least version "6.6") found components: dart 
[3.205s] -- Found Boost: /usr/lib/x86_64-linux-gnu/cmake/Boost-1.74.0/BoostConfig.cmake (found suitable version "1.74.0", minimum required is "1.40.0") found components: thread system filesystem program_options regex iostreams date_time 
[3.237s] -- Found Protobuf: /usr/lib/x86_64-linux-gnu/libprotobuf.so (found version "3.12.4") 
[3.244s] -- Looking for ignition-math6 -- found version 6.15.1
[3.256s] -- Searching for dependencies of ignition-math6
[3.259s] -- Looking for OGRE...
[3.259s] -- OGRE_PREFIX_WATCH changed.
[3.267s] -- Checking for module 'OGRE'
[3.284s] --   Found OGRE, version 1.9.0
[3.326s] -- Found Ogre Ghadamon (1.9.0)
[3.365s] -- Found OGRE: optimized;/usr/lib/x86_64-linux-gnu/libOgreMain.so;debug;/usr/lib/x86_64-linux-gnu/libOgreMain.so
[3.391s] -- Looking for OGRE_Paging...
[3.427s] -- Found OGRE_Paging: optimized;/usr/lib/x86_64-linux-gnu/libOgrePaging.so;debug;/usr/lib/x86_64-linux-gnu/libOgrePaging.so
[3.428s] -- Looking for OGRE_Terrain...
[3.460s] -- Found OGRE_Terrain: optimized;/usr/lib/x86_64-linux-gnu/libOgreTerrain.so;debug;/usr/lib/x86_64-linux-gnu/libOgreTerrain.so
[3.460s] -- Looking for OGRE_Property...
[3.489s] -- Found OGRE_Property: optimized;/usr/lib/x86_64-linux-gnu/libOgreProperty.so;debug;/usr/lib/x86_64-linux-gnu/libOgreProperty.so
[3.489s] -- Looking for OGRE_RTShaderSystem...
[3.519s] -- Found OGRE_RTShaderSystem: optimized;/usr/lib/x86_64-linux-gnu/libOgreRTShaderSystem.so;debug;/usr/lib/x86_64-linux-gnu/libOgreRTShaderSystem.so
[3.520s] -- Looking for OGRE_Volume...
[3.535s] -- Found OGRE_Volume: optimized;/usr/lib/x86_64-linux-gnu/libOgreVolume.so;debug;/usr/lib/x86_64-linux-gnu/libOgreVolume.so
[3.536s] -- Looking for OGRE_Overlay...
[3.551s] -- Found OGRE_Overlay: optimized;/usr/lib/x86_64-linux-gnu/libOgreOverlay.so;debug;/usr/lib/x86_64-linux-gnu/libOgreOverlay.so
[3.836s] -- Looking for ignition-math6 -- found version 6.15.1
[3.839s] -- Looking for ignition-transport8 -- found version 8.2.1
[3.840s] -- Searching for dependencies of ignition-transport8
[3.862s] -- Found Protobuf: /usr/lib/x86_64-linux-gnu/libprotobuf.so (found suitable version "3.12.4", minimum required is "3") 
[3.877s] -- Config-file not installed for ZeroMQ -- checking for pkg-config
[3.883s] -- Checking for module 'libzmq >= 4'
[3.899s] --   Found libzmq , version 4.3.4
[3.933s] -- Found ZeroMQ: TRUE (Required is at least version "4") 
[3.939s] -- Checking for module 'uuid'
[3.950s] --   Found uuid, version 2.37.2
[3.977s] -- Found UUID: TRUE  
[3.980s] -- Looking for ignition-msgs5 -- found version 5.8.1
[3.981s] -- Searching for dependencies of ignition-msgs5
[4.005s] -- Looking for ignition-math6 -- found version 6.15.1
[4.010s] -- Checking for module 'tinyxml2'
[4.022s] --   Found tinyxml2, version 9.0.0
[4.051s] -- Looking for ignition-msgs5 -- found version 5.8.1
[4.054s] -- Looking for ignition-common3 -- found version 3.14.0
[4.055s] -- Searching for dependencies of ignition-common3
[4.055s] -- Looking for dlfcn.h - found
[4.057s] -- Looking for libdl - found
[4.059s] -- Found DL: TRUE  
[4.074s] -- Found tinyobjloader: /usr/lib/x86_64-linux-gnu/cmake/tinyobjloader/tinyobjloader-config.cmake (found version "2.0.0") 
[4.075s] -- Searching for <ignition-common3> component [graphics]
[4.078s] -- Looking for ignition-common3-graphics -- found version 3.14.0
[4.078s] -- Searching for dependencies of ignition-common3-graphics
[4.078s] -- Looking for ignition-math6 -- found version 6.15.1
[4.083s] -- Looking for ignition-fuel_tools4 -- found version 4.4.0
[4.083s] -- Searching for dependencies of ignition-fuel_tools4
[4.168s] -- Found CURL: /usr/lib/x86_64-linux-gnu/libcurl.so (found version "7.81.0")  
[4.171s] [0mCMake Deprecation Warning at /usr/lib/x86_64-linux-gnu/cmake/jsoncpp/jsoncppConfig.cmake:2 (cmake_policy):
[4.171s]   Compatibility with CMake < 3.5 will be removed from a future version of
[4.171s]   CMake.
[4.172s] 
[4.172s]   Update the VERSION argument <min> value or use a ...<max> suffix to tell
[4.172s]   CMake that the project does not need compatibility with older versions.
[4.172s] Call Stack (most recent call first):
[4.172s]   /usr/share/cmake/ignition-cmake2/cmake2/FindJSONCPP.cmake:34 (find_package)
[4.172s]   /usr/lib/x86_64-linux-gnu/cmake/ignition-fuel_tools4/ignition-fuel_tools4-config.cmake:94 (find_package)
[4.172s]   /usr/lib/x86_64-linux-gnu/cmake/gazebo/gazebo-config.cmake:251 (find_package)
[4.172s]   /opt/ros/humble/share/gazebo_dev/cmake/gazebo_dev-extras.cmake:3 (find_package)
[4.172s]   /opt/ros/humble/share/gazebo_dev/cmake/gazebo_devConfig.cmake:41 (include)
[4.172s]   /opt/ros/humble/share/gazebo_ros/cmake/ament_cmake_export_dependencies-extras.cmake:21 (find_package)
[4.172s]   /opt/ros/humble/share/gazebo_ros/cmake/gazebo_rosConfig.cmake:41 (include)
[4.172s]   CMakeLists.txt:17 (find_package)
[4.172s] 
[4.172s] [0m
[4.177s] -- Checking for module 'jsoncpp'
[4.190s] --   Found jsoncpp, version 1.9.5
[4.220s] -- Found JSONCPP: TRUE  
[4.228s] -- Checking for module 'libzip'
[4.241s] --   Found libzip, version 1.7.3
[4.270s] -- Found ZIP: TRUE  
[4.270s] -- Looking for ignition-common3 -- found version 3.14.0
[4.271s] -- Looking for ignition-math6 -- found version 6.15.1
[4.271s] -- Looking for ignition-msgs5 -- found version 5.8.1
[4.276s] -- Gazebo version: 11.10
[4.276s] -- Checking for module 'tbb'
[4.289s] --   Found tbb, version 2021.5.0
[4.385s] -- Configuring done (3.9s)
[4.392s] -- Generating done (0.0s)
[4.396s] -- Build files have been written to: /home/aihemel/ros2_ws/build/robot_gazebo
[4.409s] Invoked command in '/home/aihemel/ros2_ws/build/robot_gazebo' returned '0': CMAKE_PREFIX_PATH=${CMAKE_PREFIX_PATH}:/home/aihemel/ros2_ws/install/bumperbot_py_examples:/opt/ros/humble /usr/local/bin/cmake /home/aihemel/ros2_ws/src/robot_gazebo -DCMAKE_INSTALL_PREFIX=/home/aihemel/ros2_ws/install/robot_gazebo
[4.410s] Invoking command in '/home/aihemel/ros2_ws/build/robot_gazebo': CMAKE_PREFIX_PATH=${CMAKE_PREFIX_PATH}:/home/aihemel/ros2_ws/install/bumperbot_py_examples:/opt/ros/humble /usr/local/bin/cmake --build /home/aihemel/ros2_ws/build/robot_gazebo -- -j12 -l12
[4.427s] Invoked command in '/home/aihemel/ros2_ws/build/robot_gazebo' returned '0': CMAKE_PREFIX_PATH=${CMAKE_PREFIX_PATH}:/home/aihemel/ros2_ws/install/bumperbot_py_examples:/opt/ros/humble /usr/local/bin/cmake --build /home/aihemel/ros2_ws/build/robot_gazebo -- -j12 -l12
[4.428s] Invoking command in '/home/aihemel/ros2_ws/build/robot_gazebo': CMAKE_PREFIX_PATH=${CMAKE_PREFIX_PATH}:/home/aihemel/ros2_ws/install/bumperbot_py_examples:/opt/ros/humble /usr/local/bin/cmake --install /home/aihemel/ros2_ws/build/robot_gazebo
[4.431s] -- Install configuration: ""
[4.431s] -- Installing: /home/aihemel/ros2_ws/install/robot_gazebo/share/robot_gazebo/model
[4.431s] -- Installing: /home/aihemel/ros2_ws/install/robot_gazebo/share/robot_gazebo/model/robot.sdf
[4.431s] -- Installing: /home/aihemel/ros2_ws/install/robot_gazebo/share/robot_gazebo/launch
[4.431s] -- Installing: /home/aihemel/ros2_ws/install/robot_gazebo/share/robot_gazebo/launch/robot_obstacle_world.launch.py
[4.431s] -- Installing: /home/aihemel/ros2_ws/install/robot_gazebo/share/robot_gazebo/launch/robot_empty_world.launch.py
[4.431s] -- Installing: /home/aihemel/ros2_ws/install/robot_gazebo/share/robot_gazebo/worlds
[4.431s] -- Installing: /home/aihemel/ros2_ws/install/robot_gazebo/share/robot_gazebo/worlds/obstacle.world
[4.432s] -- Installing: /home/aihemel/ros2_ws/install/robot_gazebo/share/ament_index/resource_index/package_run_dependencies/robot_gazebo
[4.432s] -- Installing: /home/aihemel/ros2_ws/install/robot_gazebo/share/ament_index/resource_index/parent_prefix_path/robot_gazebo
[4.432s] -- Installing: /home/aihemel/ros2_ws/install/robot_gazebo/share/robot_gazebo/environment/ament_prefix_path.sh
[4.432s] -- Installing: /home/aihemel/ros2_ws/install/robot_gazebo/share/robot_gazebo/environment/ament_prefix_path.dsv
[4.432s] -- Installing: /home/aihemel/ros2_ws/install/robot_gazebo/share/robot_gazebo/environment/path.sh
[4.432s] -- Installing: /home/aihemel/ros2_ws/install/robot_gazebo/share/robot_gazebo/environment/path.dsv
[4.432s] -- Installing: /home/aihemel/ros2_ws/install/robot_gazebo/share/robot_gazebo/local_setup.bash
[4.432s] -- Installing: /home/aihemel/ros2_ws/install/robot_gazebo/share/robot_gazebo/local_setup.sh
[4.432s] -- Installing: /home/aihemel/ros2_ws/install/robot_gazebo/share/robot_gazebo/local_setup.zsh
[4.432s] -- Installing: /home/aihemel/ros2_ws/install/robot_gazebo/share/robot_gazebo/local_setup.dsv
[4.433s] -- Installing: /home/aihemel/ros2_ws/install/robot_gazebo/share/robot_gazebo/package.dsv
[4.433s] -- Installing: /home/aihemel/ros2_ws/install/robot_gazebo/share/ament_index/resource_index/packages/robot_gazebo
[4.433s] -- Installing: /home/aihemel/ros2_ws/install/robot_gazebo/share/robot_gazebo/cmake/robot_gazeboConfig.cmake
[4.433s] -- Installing: /home/aihemel/ros2_ws/install/robot_gazebo/share/robot_gazebo/cmake/robot_gazeboConfig-version.cmake
[4.433s] -- Installing: /home/aihemel/ros2_ws/install/robot_gazebo/share/robot_gazebo/package.xml
[4.435s] Invoked command in '/home/aihemel/ros2_ws/build/robot_gazebo' returned '0': CMAKE_PREFIX_PATH=${CMAKE_PREFIX_PATH}:/home/aihemel/ros2_ws/install/bumperbot_py_examples:/opt/ros/humble /usr/local/bin/cmake --install /home/aihemel/ros2_ws/build/robot_gazebo
