[0.028s] Invoking command in '/home/aihemel/ros2_ws/build/bumperbot_firmware': CMAKE_PREFIX_PATH=/opt/ros/humble /usr/local/bin/cmake /home/aihemel/ros2_ws/src/bumperbot_firmware -DCMAKE_INSTALL_PREFIX=/home/aihemel/ros2_ws/install/bumperbot_firmware
[0.552s] -- The C compiler identification is GNU 11.4.0
[0.552s] -- The CXX compiler identification is GNU 11.4.0
[0.552s] -- Detecting C compiler ABI info
[0.552s] -- Detecting C compiler ABI info - done
[0.552s] -- Check for working C compiler: /usr/bin/cc - skipped
[0.552s] -- Detecting C compile features
[0.552s] -- Detecting C compile features - done
[0.552s] -- Detecting CXX compiler ABI info
[0.552s] -- Detecting CXX compiler ABI info - done
[0.552s] -- Check for working CXX compiler: /usr/bin/c++ - skipped
[0.552s] -- Detecting CXX compile features
[0.553s] -- Detecting CXX compile features - done
[0.553s] -- Found ament_cmake: 1.3.11 (/opt/ros/humble/share/ament_cmake/cmake)
[0.553s] -- Found Python3: /usr/bin/python3 (found version "3.10.12") found components: Interpreter 
[0.553s] -- Found rclcpp: 16.0.11 (/opt/ros/humble/share/rclcpp/cmake)
[0.553s] -- Found rosidl_generator_c: 3.1.6 (/opt/ros/humble/share/rosidl_generator_c/cmake)
[0.554s] -- Found rosidl_adapter: 3.1.6 (/opt/ros/humble/share/rosidl_adapter/cmake)
[0.554s] -- Found rosidl_generator_cpp: 3.1.6 (/opt/ros/humble/share/rosidl_generator_cpp/cmake)
[0.554s] -- Using all available rosidl_typesupport_c: rosidl_typesupport_fastrtps_c;rosidl_typesupport_introspection_c
[0.554s] -- Using all available rosidl_typesupport_cpp: rosidl_typesupport_fastrtps_cpp;rosidl_typesupport_introspection_cpp
[0.625s] -- Found rmw_implementation_cmake: 6.1.2 (/opt/ros/humble/share/rmw_implementation_cmake/cmake)
[0.629s] -- Found rmw_fastrtps_cpp: 6.2.7 (/opt/ros/humble/share/rmw_fastrtps_cpp/cmake)
[0.764s] -- Found OpenSSL: /usr/lib/x86_64-linux-gnu/libcrypto.so (found version "3.0.2")  
[0.834s] -- Found FastRTPS: /opt/ros/humble/include  
[0.928s] -- Using RMW implementation 'rmw_fastrtps_cpp' as default
[0.941s] -- Performing Test CMAKE_HAVE_LIBC_PTHREAD
[1.080s] -- Performing Test CMAKE_HAVE_LIBC_PTHREAD - Success
[1.081s] -- Found Threads: TRUE  
[1.210s] -- Found rclpy: 3.3.15 (/opt/ros/humble/share/rclpy/cmake)
[1.214s] -- Found hardware_interface: 2.48.0 (/opt/ros/humble/share/hardware_interface/cmake)
[1.648s] -- Found PkgConfig: /usr/bin/pkg-config (found version "0.29.2") 
[1.650s] -- Checking for module 'libserial'
[1.653s] --   No package 'libserial' found
[1.856s] -- Configuring done (1.8s)
[1.920s] -- Generating done (0.0s)
[1.934s] -- Build files have been written to: /home/aihemel/ros2_ws/build/bumperbot_firmware
[1.954s] Invoked command in '/home/aihemel/ros2_ws/build/bumperbot_firmware' returned '0': CMAKE_PREFIX_PATH=/opt/ros/humble /usr/local/bin/cmake /home/aihemel/ros2_ws/src/bumperbot_firmware -DCMAKE_INSTALL_PREFIX=/home/aihemel/ros2_ws/install/bumperbot_firmware
[1.956s] Invoking command in '/home/aihemel/ros2_ws/build/bumperbot_firmware': CMAKE_PREFIX_PATH=/opt/ros/humble /usr/local/bin/cmake --build /home/aihemel/ros2_ws/build/bumperbot_firmware -- -j12 -l12
[1.977s] [ 16%] [32mBuilding CXX object CMakeFiles/simple_serial_receiver.dir/src/simple_serial_receiver.cpp.o[0m
[1.977s] [ 33%] [32mBuilding CXX object CMakeFiles/bumperbot_firmware.dir/src/bumperbot_interface.cpp.o[0m
[1.977s] [ 50%] [32mBuilding CXX object CMakeFiles/simple_serial_transmitter.dir/src/simple_serial_transmitter.cpp.o[0m
[1.979s] [ 50%] Built target ament_cmake_python_copy_bumperbot_firmware
[2.305s] running egg_info
[2.306s] creating bumperbot_firmware.egg-info
[2.306s] writing bumperbot_firmware.egg-info/PKG-INFO
[2.306s] writing dependency_links to bumperbot_firmware.egg-info/dependency_links.txt
[2.307s] writing top-level names to bumperbot_firmware.egg-info/top_level.txt
[2.309s] writing manifest file 'bumperbot_firmware.egg-info/SOURCES.txt'
[2.312s] reading manifest file 'bumperbot_firmware.egg-info/SOURCES.txt'
[2.313s] writing manifest file 'bumperbot_firmware.egg-info/SOURCES.txt'
[2.339s] [ 50%] Built target ament_cmake_python_build_bumperbot_firmware_egg
[2.350s] [01m[K/home/aihemel/ros2_ws/src/bumperbot_firmware/src/simple_serial_receiver.cpp:6:10:[m[K [01;31m[Kfatal error: [m[Klibserial/SerialPort.h: No such file or directory
[2.350s]     6 | #include [01;31m[K<libserial/SerialPort.h>[m[K
[2.350s]       |          [01;31m[K^~~~~~~~~~~~~~~~~~~~~~~~[m[K
[2.350s] compilation terminated.
[2.350s] [01m[K/home/aihemel/ros2_ws/src/bumperbot_firmware/src/simple_serial_transmitter.cpp:4:10:[m[K [01;31m[Kfatal error: [m[Klibserial/SerialPort.h: No such file or directory
[2.351s]     4 | #include [01;31m[K<libserial/SerialPort.h>[m[K
[2.351s]       |          [01;31m[K^~~~~~~~~~~~~~~~~~~~~~~~[m[K
[2.351s] compilation terminated.
[2.353s] gmake[2]: *** [CMakeFiles/simple_serial_receiver.dir/build.make:76: CMakeFiles/simple_serial_receiver.dir/src/simple_serial_receiver.cpp.o] Error 1
[2.354s] gmake[1]: *** [CMakeFiles/Makefile2:222: CMakeFiles/simple_serial_receiver.dir/all] Error 2
[2.354s] gmake[1]: *** Waiting for unfinished jobs....
[2.354s] gmake[2]: *** [CMakeFiles/simple_serial_transmitter.dir/build.make:76: CMakeFiles/simple_serial_transmitter.dir/src/simple_serial_transmitter.cpp.o] Error 1
[2.354s] gmake[1]: *** [CMakeFiles/Makefile2:248: CMakeFiles/simple_serial_transmitter.dir/all] Error 2
[2.357s] In file included from [01m[K/home/aihemel/ros2_ws/src/bumperbot_firmware/src/bumperbot_interface.cpp:1[m[K:
[2.357s] [01m[K/home/aihemel/ros2_ws/src/bumperbot_firmware/include/bumperbot_firmware/bumperbot_interface.hpp:6:10:[m[K [01;31m[Kfatal error: [m[Klibserial/SerialPort.h: No such file or directory
[2.357s]     6 | #include [01;31m[K<libserial/SerialPort.h>[m[K
[2.357s]       |          [01;31m[K^~~~~~~~~~~~~~~~~~~~~~~~[m[K
[2.357s] compilation terminated.
[2.360s] gmake[2]: *** [CMakeFiles/bumperbot_firmware.dir/build.make:76: CMakeFiles/bumperbot_firmware.dir/src/bumperbot_interface.cpp.o] Error 1
[2.360s] gmake[1]: *** [CMakeFiles/Makefile2:196: CMakeFiles/bumperbot_firmware.dir/all] Error 2
[2.360s] gmake: *** [Makefile:146: all] Error 2
[2.362s] Invoked command in '/home/aihemel/ros2_ws/build/bumperbot_firmware' returned '2': CMAKE_PREFIX_PATH=/opt/ros/humble /usr/local/bin/cmake --build /home/aihemel/ros2_ws/build/bumperbot_firmware -- -j12 -l12
