[0.393s] Invoking command in '/home/aihemel/ros2_ws/build/robot_description': CMAKE_PREFIX_PATH=${CMAKE_PREFIX_PATH}:/home/aihemel/ros2_ws/install/bumperbot_py_examples:/opt/ros/humble /usr/local/bin/cmake --build /home/aihemel/ros2_ws/build/robot_description -- -j12 -l12
[0.409s] Invoked command in '/home/aihemel/ros2_ws/build/robot_description' returned '0': CMAKE_PREFIX_PATH=${CMAKE_PREFIX_PATH}:/home/aihemel/ros2_ws/install/bumperbot_py_examples:/opt/ros/humble /usr/local/bin/cmake --build /home/aihemel/ros2_ws/build/robot_description -- -j12 -l12
[0.411s] Invoking command in '/home/aihemel/ros2_ws/build/robot_description': CMAKE_PREFIX_PATH=${CMAKE_PREFIX_PATH}:/home/aihemel/ros2_ws/install/bumperbot_py_examples:/opt/ros/humble /usr/local/bin/cmake --install /home/aihemel/ros2_ws/build/robot_description
[0.416s] -- Install configuration: ""
[0.417s] -- Up-to-date: /home/aihemel/ros2_ws/install/robot_description/share/robot_description/urdf
[0.417s] -- Installing: /home/aihemel/ros2_ws/install/robot_description/share/robot_description/urdf/robot_gazebo.xacro
[0.417s] -- Installing: /home/aihemel/ros2_ws/install/robot_description/share/robot_description/urdf/robot.urdf.xacro
[0.417s] -- Up-to-date: /home/aihemel/ros2_ws/install/robot_description/share/robot_description/urdf/robot_ros2_control.xacro
[0.417s] -- Up-to-date: /home/aihemel/ros2_ws/install/robot_description/share/robot_description/launch
[0.417s] -- Up-to-date: /home/aihemel/ros2_ws/install/robot_description/share/robot_description/launch/display.launch.py
[0.418s] -- Up-to-date: /home/aihemel/ros2_ws/install/robot_description/share/robot_description/launch/robot.launch.py
[0.418s] -- Up-to-date: /home/aihemel/ros2_ws/install/robot_description/share/robot_description/launch/gazebo.launch.py
[0.418s] -- Up-to-date: /home/aihemel/ros2_ws/install/robot_description/share/robot_description/meshes
[0.418s] -- Up-to-date: /home/aihemel/ros2_ws/install/robot_description/share/robot_description/meshes/warehouse bot body.stl
[0.418s] -- Up-to-date: /home/aihemel/ros2_ws/install/robot_description/share/robot_description/meshes/warehouse_body.stl
[0.418s] -- Up-to-date: /home/aihemel/ros2_ws/install/robot_description/share/robot_description/rviz
[0.418s] -- Up-to-date: /home/aihemel/ros2_ws/install/robot_description/share/robot_description/rviz/my_robot.rviz
[0.418s] -- Up-to-date: /home/aihemel/ros2_ws/install/robot_description/share/robot_description/rviz/display.rviz
[0.418s] -- Up-to-date: /home/aihemel/ros2_ws/install/robot_description/share/ament_index/resource_index/package_run_dependencies/robot_description
[0.418s] -- Up-to-date: /home/aihemel/ros2_ws/install/robot_description/share/ament_index/resource_index/parent_prefix_path/robot_description
[0.418s] -- Up-to-date: /home/aihemel/ros2_ws/install/robot_description/share/robot_description/environment/ament_prefix_path.sh
[0.418s] -- Up-to-date: /home/aihemel/ros2_ws/install/robot_description/share/robot_description/environment/ament_prefix_path.dsv
[0.418s] -- Up-to-date: /home/aihemel/ros2_ws/install/robot_description/share/robot_description/environment/path.sh
[0.418s] -- Up-to-date: /home/aihemel/ros2_ws/install/robot_description/share/robot_description/environment/path.dsv
[0.418s] -- Up-to-date: /home/aihemel/ros2_ws/install/robot_description/share/robot_description/local_setup.bash
[0.419s] -- Up-to-date: /home/aihemel/ros2_ws/install/robot_description/share/robot_description/local_setup.sh
[0.419s] -- Up-to-date: /home/aihemel/ros2_ws/install/robot_description/share/robot_description/local_setup.zsh
[0.419s] -- Up-to-date: /home/aihemel/ros2_ws/install/robot_description/share/robot_description/local_setup.dsv
[0.422s] -- Up-to-date: /home/aihemel/ros2_ws/install/robot_description/share/robot_description/package.dsv
[0.422s] -- Up-to-date: /home/aihemel/ros2_ws/install/robot_description/share/ament_index/resource_index/packages/robot_description
[0.422s] -- Up-to-date: /home/aihemel/ros2_ws/install/robot_description/share/robot_description/cmake/robot_descriptionConfig.cmake
[0.422s] -- Up-to-date: /home/aihemel/ros2_ws/install/robot_description/share/robot_description/cmake/robot_descriptionConfig-version.cmake
[0.423s] -- Up-to-date: /home/aihemel/ros2_ws/install/robot_description/share/robot_description/package.xml
[0.423s] Invoked command in '/home/aihemel/ros2_ws/build/robot_description' returned '0': CMAKE_PREFIX_PATH=${CMAKE_PREFIX_PATH}:/home/aihemel/ros2_ws/install/bumperbot_py_examples:/opt/ros/humble /usr/local/bin/cmake --install /home/aihemel/ros2_ws/build/robot_description
