[0.410s] Invoking command in '/home/aihemel/ros2_ws/build/robot_controller': CMAKE_PREFIX_PATH=/opt/ros/humble /usr/local/bin/cmake --build /home/aihemel/ros2_ws/build/robot_controller -- -j12 -l12
[0.431s] Built target ament_cmake_python_copy_robot_controller
[0.712s] running egg_info
[0.713s] writing robot_controller.egg-info/PKG-INFO
[0.713s] writing dependency_links to robot_controller.egg-info/dependency_links.txt
[0.713s] writing top-level names to robot_controller.egg-info/top_level.txt
[0.717s] reading manifest file 'robot_controller.egg-info/SOURCES.txt'
[0.718s] writing manifest file 'robot_controller.egg-info/SOURCES.txt'
[0.751s] Built target ament_cmake_python_build_robot_controller_egg
[0.755s] Invoked command in '/home/aihemel/ros2_ws/build/robot_controller' returned '0': CMAKE_PREFIX_PATH=/opt/ros/humble /usr/local/bin/cmake --build /home/aihemel/ros2_ws/build/robot_controller -- -j12 -l12
[0.756s] Invoking command in '/home/aihemel/ros2_ws/build/robot_controller': CMAKE_PREFIX_PATH=/opt/ros/humble /usr/local/bin/cmake --install /home/aihemel/ros2_ws/build/robot_controller
[0.759s] -- Install configuration: ""
[0.759s] -- Up-to-date: /home/aihemel/ros2_ws/install/robot_controller/share/robot_controller/environment/pythonpath.sh
[0.759s] -- Up-to-date: /home/aihemel/ros2_ws/install/robot_controller/share/robot_controller/environment/pythonpath.dsv
[0.759s] -- Up-to-date: /home/aihemel/ros2_ws/install/robot_controller/local/lib/python3.10/dist-packages/robot_controller-0.0.0-py3.10.egg-info
[0.759s] -- Installing: /home/aihemel/ros2_ws/install/robot_controller/local/lib/python3.10/dist-packages/robot_controller-0.0.0-py3.10.egg-info/dependency_links.txt
[0.759s] -- Installing: /home/aihemel/ros2_ws/install/robot_controller/local/lib/python3.10/dist-packages/robot_controller-0.0.0-py3.10.egg-info/top_level.txt
[0.759s] -- Installing: /home/aihemel/ros2_ws/install/robot_controller/local/lib/python3.10/dist-packages/robot_controller-0.0.0-py3.10.egg-info/SOURCES.txt
[0.759s] -- Installing: /home/aihemel/ros2_ws/install/robot_controller/local/lib/python3.10/dist-packages/robot_controller-0.0.0-py3.10.egg-info/PKG-INFO
[0.760s] -- Up-to-date: /home/aihemel/ros2_ws/install/robot_controller/local/lib/python3.10/dist-packages/robot_controller
[0.760s] -- Up-to-date: /home/aihemel/ros2_ws/install/robot_controller/local/lib/python3.10/dist-packages/robot_controller/noisy_controller.py
[0.760s] -- Up-to-date: /home/aihemel/ros2_ws/install/robot_controller/local/lib/python3.10/dist-packages/robot_controller/__init__.py
[0.760s] -- Up-to-date: /home/aihemel/ros2_ws/install/robot_controller/local/lib/python3.10/dist-packages/robot_controller/simple_controller.py
[0.792s] Listing '/home/aihemel/ros2_ws/install/robot_controller/local/lib/python3.10/dist-packages/robot_controller'...
[0.796s] -- Up-to-date: /home/aihemel/ros2_ws/install/robot_controller/share/robot_controller/config
[0.796s] -- Up-to-date: /home/aihemel/ros2_ws/install/robot_controller/share/robot_controller/config/robot_controller.yaml
[0.796s] -- Up-to-date: /home/aihemel/ros2_ws/install/robot_controller/share/robot_controller/launch
[0.796s] -- Up-to-date: /home/aihemel/ros2_ws/install/robot_controller/share/robot_controller/launch/controller.launch.py
[0.796s] -- Up-to-date: /home/aihemel/ros2_ws/install/robot_controller/lib/robot_controller/simple_controller.py
[0.796s] -- Up-to-date: /home/aihemel/ros2_ws/install/robot_controller/lib/robot_controller/noisy_controller.py
[0.796s] -- Up-to-date: /home/aihemel/ros2_ws/install/robot_controller/share/ament_index/resource_index/package_run_dependencies/robot_controller
[0.797s] -- Up-to-date: /home/aihemel/ros2_ws/install/robot_controller/share/ament_index/resource_index/parent_prefix_path/robot_controller
[0.797s] -- Up-to-date: /home/aihemel/ros2_ws/install/robot_controller/share/robot_controller/environment/ament_prefix_path.sh
[0.797s] -- Up-to-date: /home/aihemel/ros2_ws/install/robot_controller/share/robot_controller/environment/ament_prefix_path.dsv
[0.797s] -- Up-to-date: /home/aihemel/ros2_ws/install/robot_controller/share/robot_controller/environment/path.sh
[0.797s] -- Up-to-date: /home/aihemel/ros2_ws/install/robot_controller/share/robot_controller/environment/path.dsv
[0.797s] -- Up-to-date: /home/aihemel/ros2_ws/install/robot_controller/share/robot_controller/local_setup.bash
[0.797s] -- Up-to-date: /home/aihemel/ros2_ws/install/robot_controller/share/robot_controller/local_setup.sh
[0.797s] -- Up-to-date: /home/aihemel/ros2_ws/install/robot_controller/share/robot_controller/local_setup.zsh
[0.797s] -- Up-to-date: /home/aihemel/ros2_ws/install/robot_controller/share/robot_controller/local_setup.dsv
[0.797s] -- Installing: /home/aihemel/ros2_ws/install/robot_controller/share/robot_controller/package.dsv
[0.797s] -- Up-to-date: /home/aihemel/ros2_ws/install/robot_controller/share/ament_index/resource_index/packages/robot_controller
[0.798s] -- Up-to-date: /home/aihemel/ros2_ws/install/robot_controller/share/robot_controller/cmake/robot_controllerConfig.cmake
[0.798s] -- Up-to-date: /home/aihemel/ros2_ws/install/robot_controller/share/robot_controller/cmake/robot_controllerConfig-version.cmake
[0.798s] -- Up-to-date: /home/aihemel/ros2_ws/install/robot_controller/share/robot_controller/package.xml
[0.799s] Invoked command in '/home/aihemel/ros2_ws/build/robot_controller' returned '0': CMAKE_PREFIX_PATH=/opt/ros/humble /usr/local/bin/cmake --install /home/aihemel/ros2_ws/build/robot_controller
