[0.042s] Invoking command in '/home/aihemel/ros2_ws/build/bumperbot_localization': CMAKE_PREFIX_PATH=/opt/ros/humble /usr/local/bin/cmake --build /home/aihemel/ros2_ws/build/bumperbot_localization -- -j12 -l12
[0.516s] [  0%] Built target ament_cmake_python_copy_bumperbot_localization
[0.516s] [ 50%] Built target imu_republisher
[0.517s] [100%] Built target kalman_filter
[0.517s] running egg_info
[0.517s] writing bumperbot_localization.egg-info/PKG-INFO
[0.517s] writing dependency_links to bumperbot_localization.egg-info/dependency_links.txt
[0.517s] writing top-level names to bumperbot_localization.egg-info/top_level.txt
[0.517s] reading manifest file 'bumperbot_localization.egg-info/SOURCES.txt'
[0.517s] writing manifest file 'bumperbot_localization.egg-info/SOURCES.txt'
[0.517s] [100%] Built target ament_cmake_python_build_bumperbot_localization_egg
[0.521s] Invoked command in '/home/aihemel/ros2_ws/build/bumperbot_localization' returned '0': CMAKE_PREFIX_PATH=/opt/ros/humble /usr/local/bin/cmake --build /home/aihemel/ros2_ws/build/bumperbot_localization -- -j12 -l12
[0.524s] Invoking command in '/home/aihemel/ros2_ws/build/bumperbot_localization': CMAKE_PREFIX_PATH=/opt/ros/humble /usr/local/bin/cmake --install /home/aihemel/ros2_ws/build/bumperbot_localization
[0.525s] -- Install configuration: ""
[0.525s] -- Up-to-date: /home/aihemel/ros2_ws/install/bumperbot_localization/share/bumperbot_localization/environment/pythonpath.sh
[0.525s] -- Up-to-date: /home/aihemel/ros2_ws/install/bumperbot_localization/share/bumperbot_localization/environment/pythonpath.dsv
[0.525s] -- Up-to-date: /home/aihemel/ros2_ws/install/bumperbot_localization/local/lib/python3.10/dist-packages/bumperbot_localization-0.0.0-py3.10.egg-info
[0.525s] -- Installing: /home/aihemel/ros2_ws/install/bumperbot_localization/local/lib/python3.10/dist-packages/bumperbot_localization-0.0.0-py3.10.egg-info/dependency_links.txt
[0.525s] -- Installing: /home/aihemel/ros2_ws/install/bumperbot_localization/local/lib/python3.10/dist-packages/bumperbot_localization-0.0.0-py3.10.egg-info/top_level.txt
[0.526s] -- Installing: /home/aihemel/ros2_ws/install/bumperbot_localization/local/lib/python3.10/dist-packages/bumperbot_localization-0.0.0-py3.10.egg-info/SOURCES.txt
[0.526s] -- Installing: /home/aihemel/ros2_ws/install/bumperbot_localization/local/lib/python3.10/dist-packages/bumperbot_localization-0.0.0-py3.10.egg-info/PKG-INFO
[0.526s] -- Up-to-date: /home/aihemel/ros2_ws/install/bumperbot_localization/local/lib/python3.10/dist-packages/bumperbot_localization
[0.526s] -- Up-to-date: /home/aihemel/ros2_ws/install/bumperbot_localization/local/lib/python3.10/dist-packages/bumperbot_localization/__init__.py
[0.526s] -- Up-to-date: /home/aihemel/ros2_ws/install/bumperbot_localization/local/lib/python3.10/dist-packages/bumperbot_localization/imu_republisher.py
[0.526s] -- Installing: /home/aihemel/ros2_ws/install/bumperbot_localization/local/lib/python3.10/dist-packages/bumperbot_localization/kalman_filter.py
[0.578s] Listing '/home/aihemel/ros2_ws/install/bumperbot_localization/local/lib/python3.10/dist-packages/bumperbot_localization'...
[0.579s] Compiling '/home/aihemel/ros2_ws/install/bumperbot_localization/local/lib/python3.10/dist-packages/bumperbot_localization/kalman_filter.py'...
[0.579s] -- Up-to-date: /home/aihemel/ros2_ws/install/bumperbot_localization/include/include
[0.579s] -- Up-to-date: /home/aihemel/ros2_ws/install/bumperbot_localization/include/include/bumperbot_localization
[0.579s] -- Up-to-date: /home/aihemel/ros2_ws/install/bumperbot_localization/include/include/bumperbot_localization/kalman_filter.hpp
[0.579s] -- Up-to-date: /home/aihemel/ros2_ws/install/bumperbot_localization/lib/bumperbot_localization/kalman_filter
[0.579s] -- Up-to-date: /home/aihemel/ros2_ws/install/bumperbot_localization/lib/bumperbot_localization/imu_republisher
[0.582s] -- Up-to-date: /home/aihemel/ros2_ws/install/bumperbot_localization/share/bumperbot_localization/launch
[0.582s] -- Up-to-date: /home/aihemel/ros2_ws/install/bumperbot_localization/share/bumperbot_localization/launch/local_localization.launch.py
[0.582s] -- Up-to-date: /home/aihemel/ros2_ws/install/bumperbot_localization/share/bumperbot_localization/config
[0.582s] -- Up-to-date: /home/aihemel/ros2_ws/install/bumperbot_localization/share/bumperbot_localization/config/ekf.yaml
[0.582s] -- Installing: /home/aihemel/ros2_ws/install/bumperbot_localization/lib/bumperbot_localization/kalman_filter.py
[0.582s] -- Up-to-date: /home/aihemel/ros2_ws/install/bumperbot_localization/lib/bumperbot_localization/imu_republisher.py
[0.582s] -- Up-to-date: /home/aihemel/ros2_ws/install/bumperbot_localization/share/ament_index/resource_index/package_run_dependencies/bumperbot_localization
[0.583s] -- Up-to-date: /home/aihemel/ros2_ws/install/bumperbot_localization/share/ament_index/resource_index/parent_prefix_path/bumperbot_localization
[0.583s] -- Up-to-date: /home/aihemel/ros2_ws/install/bumperbot_localization/share/bumperbot_localization/environment/ament_prefix_path.sh
[0.584s] -- Up-to-date: /home/aihemel/ros2_ws/install/bumperbot_localization/share/bumperbot_localization/environment/ament_prefix_path.dsv
[0.584s] -- Up-to-date: /home/aihemel/ros2_ws/install/bumperbot_localization/share/bumperbot_localization/environment/path.sh
[0.584s] -- Up-to-date: /home/aihemel/ros2_ws/install/bumperbot_localization/share/bumperbot_localization/environment/path.dsv
[0.585s] -- Up-to-date: /home/aihemel/ros2_ws/install/bumperbot_localization/share/bumperbot_localization/local_setup.bash
[0.585s] -- Up-to-date: /home/aihemel/ros2_ws/install/bumperbot_localization/share/bumperbot_localization/local_setup.sh
[0.585s] -- Up-to-date: /home/aihemel/ros2_ws/install/bumperbot_localization/share/bumperbot_localization/local_setup.zsh
[0.585s] -- Up-to-date: /home/aihemel/ros2_ws/install/bumperbot_localization/share/bumperbot_localization/local_setup.dsv
[0.585s] -- Installing: /home/aihemel/ros2_ws/install/bumperbot_localization/share/bumperbot_localization/package.dsv
[0.585s] -- Up-to-date: /home/aihemel/ros2_ws/install/bumperbot_localization/share/ament_index/resource_index/packages/bumperbot_localization
[0.585s] -- Up-to-date: /home/aihemel/ros2_ws/install/bumperbot_localization/share/bumperbot_localization/cmake/bumperbot_localizationConfig.cmake
[0.586s] -- Up-to-date: /home/aihemel/ros2_ws/install/bumperbot_localization/share/bumperbot_localization/cmake/bumperbot_localizationConfig-version.cmake
[0.586s] -- Up-to-date: /home/aihemel/ros2_ws/install/bumperbot_localization/share/bumperbot_localization/package.xml
[0.604s] Invoked command in '/home/aihemel/ros2_ws/build/bumperbot_localization' returned '0': CMAKE_PREFIX_PATH=/opt/ros/humble /usr/local/bin/cmake --install /home/aihemel/ros2_ws/build/bumperbot_localization
